00:00 +0: loading D:/GP/Code/mobile_frontend/Check-Content
00:00 +0 -1: loading D:/GP/Code/mobile_frontend/Check-Content [E]
  Failed to load "D:/GP/Code/mobile_frontend/Check-Content": Does not exist.
flutter : 
failures.txt:1:1: Error: 
Unable to decode bytes as 
UTF-8.
At line:1 char:1
+ flutter test --reporter 
expanded > failures.txt 
2>&1Check-Content fai ...
+ ~~~~~~~~~~~~~~~~~~~~~~~~
~~~~~~~~~~~~~~~~~~~~~~~~~~
~~~~~~~~~~~~~~~~~~~
    + CategoryInfo        
      : NotSpecified: (f  
  ailures.txt:1:...byte   
 s as UTF-8.:String) [    
], RemoteException
    + FullyQualifiedError 
   Id : NativeCommandErr  
  or
 
∩┐╜∩┐╜0 0 : 0 0   + 0 :  
 l o a d i n g   D : / G P
 / C o d e / m o b i l e _
 f r o n t e n d / C h e c
 k - C o n t e n t 
 
^
failures.txt:1:2: Error: 
Unable to decode bytes as 
UTF-8.
∩┐╜∩┐╜0 0 : 0 0   + 0 :  
 l o a d i n g   D : / G P
 / C o d e / m o b i l e _
 f r o n t e n d / C h e c
 k - C o n t e n t 
 
 ^
failures.txt:1:4: Error: 
The control character 
U+0000 can only be used 
in strings and comments.
∩┐╜∩┐╜0 0 : 0 0   + 0 :  
 l o a d i n g   D : / G P
 / C o d e / m o b i l e _
 f r o n t e n d / C h e c
 k - C o n t e n t 
 
   ^
failures.txt:1:6: Error: 
The control character 
U+0000 can only be used 
in strings and comments.
∩┐╜∩┐╜0 0 : 0 0   + 0 :  
 l o a d i n g   D : / G P
 / C o d e / m o b i l e _
 f r o n t e n d / C h e c
 k - C o n t e n t 
 
     ^
failures.txt:1:8: Error: 
The control character 
U+0000 can only be used 
in strings and comments.
∩┐╜∩┐╜0 0 : 0 0   + 0 :  
 l o a d i n g   D : / G P
 / C o d e / m o b i l e _
 f r o n t e n d / C h e c
 k - C o n t e n t 
 
       ^
failures.txt:1:10: Error: 
The control character 
U+0000 can only be used 
in strings and comments.
∩┐╜∩┐╜0 0 : 0 0   + 0 :  
 l o a d i n g   D : / G P
 / C o d e / m o b i l e _
 f r o n t e n d / C h e c
 k - C o n t e n t 
 
         ^
failures.txt:1:12: Error: 
The control character 
U+0000 can only be used 
in strings and comments.
∩┐╜∩┐╜0 0 : 0 0   + 0 :  
 l o a d i n g   D : / G P
 / C o d e / m o b i l e _
 f r o n t e n d / C h e c
 k - C o n t e n t 
 
           ^
failures.txt:1:14: Error: 
The control character 
U+0000 can only be used 
in strings and comments.
∩┐╜∩┐╜0 0 : 0 0   + 0 :  
 l o a d i n g   D : / G P
 / C o d e / m o b i l e _
 f r o n t e n d / C h e c
 k - C o n t e n t 
 
             ^
failures.txt:1:16: Error: 
The control character 
U+0000 can only be used 
in strings and comments.
∩┐╜∩┐╜0 0 : 0 0   + 0 :  
 l o a d i n g   D : / G P
 / C o d e / m o b i l e _
 f r o n t e n d / C h e c
 k - C o n t e n t 
 
               ^
failures.txt:1:18: Error: 
The control character 
U+0000 can only be used 
in strings and comments.
∩┐╜∩┐╜0 0 : 0 0   + 0 :  
 l o a d i n g   D : / G P
 / C o d e / m o b i l e _
 f r o n t e n d / C h e c
 k - C o n t e n t 
 
                 ^
failures.txt:1:20: Error: 
The control character 
U+0000 can only be used 
in strings and comments.
∩┐╜∩┐╜0 0 : 0 0   + 0 :  
 l o a d i n g   D : / G P
 / C o d e / m o b i l e _
 f r o n t e n d / C h e c
 k - C o n t e n t 
 
                   ^
failures.txt:1:22: Error: 
The control character 
U+0000 can only be used 
in strings and comments.
∩┐╜∩┐╜0 0 : 0 0   + 0 :  
 l o a d i n g   D : / G P
 / C o d e / m o b i l e _
 f r o n t e n d / C h e c
 k - C o n t e n t 
 
                     ^
failures.txt:1:24: Error: 
The control character 
U+0000 can only be used 
in strings and comments.
∩┐╜∩┐╜0 0 : 0 0   + 0 :  
 l o a d i n g   D : / G P
 / C o d e / m o b i l e _
 f r o n t e n d / C h e c
 k - C o n t e n t 
 
                       ^
failures.txt:1:26: Error: 
The control character 
U+0000 can only be used 
in strings and comments.
∩┐╜∩┐╜0 0 : 0 0   + 0 :  
 l o a d i n g   D : / G P
 / C o d e / m o b i l e _
 f r o n t e n d / C h e c
 k - C o n t e n t 
 
                         ^
failures.txt:1:28: Error: 
The control character 
U+0000 can only be used 
in strings and comments.
∩┐╜∩┐╜0 0 : 0 0   + 0 :  
 l o a d i n g   D : / G P
 / C o d e / m o b i l e _
 f r o n t e n d / C h e c
 k - C o n t e n t 
 
                          
 ^
failures.txt:1:30: Error: 
The control character 
U+0000 can only be used 
in strings and comments.
∩┐╜∩┐╜0 0 : 0 0   + 0 :  
 l o a d i n g   D : / G P
 / C o d e / m o b i l e _
 f r o n t e n d / C h e c
 k - C o n t e n t 
 
                          
   ^
failures.txt:1:32: Error: 
The control character 
U+0000 can only be used 
in strings and comments.
∩┐╜∩┐╜0 0 : 0 0   + 0 :  
 l o a d i n g   D : / G P
 / C o d e / m o b i l e _
 f r o n t e n d / C h e c
 k - C o n t e n t 
 
                          
     ^
failures.txt:1:34: Error: 
The control character 
U+0000 can only be used 
in strings and comments.
∩┐╜∩┐╜0 0 : 0 0   + 0 :  
 l o a d i n g   D : / G P
 / C o d e / m o b i l e _
 f r o n t e n d / C h e c
 k - C o n t e n t 
 
                          
       ^
failures.txt:1:36: Error: 
The control character 
U+0000 can only be used 
in strings and comments.
∩┐╜∩┐╜0 0 : 0 0   + 0 :  
 l o a d i n g   D : / G P
 / C o d e / m o b i l e _
 f r o n t e n d / C h e c
 k - C o n t e n t 
 
                          
         ^
failures.txt:1:38: Error: 
The control character 
U+0000 can only be used 
in strings and comments.
∩┐╜∩┐╜0 0 : 0 0   + 0 :  
 l o a d i n g   D : / G P
 / C o d e / m o b i l e _
 f r o n t e n d / C h e c
 k - C o n t e n t 
 
                          
           ^
failures.txt:1:40: Error: 
The control character 
U+0000 can only be used 
in strings and comments.
∩┐╜∩┐╜0 0 : 0 0   + 0 :  
 l o a d i n g   D : / G P
 / C o d e / m o b i l e _
 f r o n t e n d / C h e c
 k - C o n t e n t 
 
                          
             ^
failures.txt:1:42: Error: 
The control character 
U+0000 can only be used 
in strings and comments.
∩┐╜∩┐╜0 0 : 0 0   + 0 :  
 l o a d i n g   D : / G P
 / C o d e / m o b i l e _
 f r o n t e n d / C h e c
 k - C o n t e n t 
 
                          
               ^
failures.txt:1:44: Error: 
The control character 
U+0000 can only be used 
in strings and comments.
∩┐╜∩┐╜0 0 : 0 0   + 0 :  
 l o a d i n g   D : / G P
 / C o d e / m o b i l e _
 f r o n t e n d / C h e c
 k - C o n t e n t 
 
                          
                 ^
failures.txt:1:46: Error: 
The control character 
U+0000 can only be used 
in strings and comments.
∩┐╜∩┐╜0 0 : 0 0   + 0 :  
 l o a d i n g   D : / G P
 / C o d e / m o b i l e _
 f r o n t e n d / C h e c
 k - C o n t e n t 
 
                          
                   ^
failures.txt:1:48: Error: 
The control character 
U+0000 can only be used 
in strings and comments.
∩┐╜∩┐╜0 0 : 0 0   + 0 :  
 l o a d i n g   D : / G P
 / C o d e / m o b i l e _
 f r o n t e n d / C h e c
 k - C o n t e n t 
 
                          
                     ^
failures.txt:1:50: Error: 
The control character 
U+0000 can only be used 
in strings and comments.
∩┐╜∩┐╜0 0 : 0 0   + 0 :  
 l o a d i n g   D : / G P
 / C o d e / m o b i l e _
 f r o n t e n d / C h e c
 k - C o n t e n t 
 
                          
                       ^
failures.txt:1:52: Error: 
The control character 
U+0000 can only be used 
in strings and comments.
∩┐╜∩┐╜0 0 : 0 0   + 0 :  
 l o a d i n g   D : / G P
 / C o d e / m o b i l e _
 f r o n t e n d / C h e c
 k - C o n t e n t 
 
                          
                         ^
failures.txt:1:54: Error: 
The control character 
U+0000 can only be used 
in strings and comments.
∩┐╜∩┐╜0 0 : 0 0   + 0 :  
 l o a d i n g   D : / G P
 / C o d e / m o b i l e _
 f r o n t e n d / C h e c
 k - C o n t e n t 
 
                          
                          
 ^
failures.txt:1:56: Error: 
The control character 
U+0000 can only be used 
in strings and comments.
∩┐╜∩┐╜0 0 : 0 0   + 0 :  
 l o a d i n g   D : / G P
 / C o d e / m o b i l e _
 f r o n t e n d / C h e c
 k - C o n t e n t 
 
                          
                          
   ^
failures.txt:1:58: Error: 
The control character 
U+0000 can only be used 
in strings and comments.
∩┐╜∩┐╜0 0 : 0 0   + 0 :  
 l o a d i n g   D : / G P
 / C o d e / m o b i l e _
 f r o n t e n d / C h e c
 k - C o n t e n t 
 
                          
                          
     ^
failures.txt:1:60: Error: 
The control character 
U+0000 can only be used 
in strings and comments.
∩┐╜∩┐╜0 0 : 0 0   + 0 :  
 l o a d i n g   D : / G P
 / C o d e / m o b i l e _
 f r o n t e n d / C h e c
 k - C o n t e n t 
 
                          
                          
       ^
failures.txt:1:62: Error: 
The control character 
U+0000 can only be used 
in strings and comments.
∩┐╜∩┐╜0 0 : 0 0   + 0 :  
 l o a d i n g   D : / G P
 / C o d e / m o b i l e _
 f r o n t e n d / C h e c
 k - C o n t e n t 
 
                          
                          
         ^
failures.txt:1:64: Error: 
The control character 
U+0000 can only be used 
in strings and comments.
∩┐╜∩┐╜0 0 : 0 0   + 0 :  
 l o a d i n g   D : / G P
 / C o d e / m o b i l e _
 f r o n t e n d / C h e c
 k - C o n t e n t 
 
                          
                          
           ^
failures.txt:1:66: Error: 
The control character 
U+0000 can only be used 
in strings and comments.
∩┐╜∩┐╜0 0 : 0 0   + 0 :  
 l o a d i n g   D : / G P
 / C o d e / m o b i l e _
 f r o n t e n d / C h e c
 k - C o n t e n t 
 
                          
                          
             ^
failures.txt:1:68: Error: 
The control character 
U+0000 can only be used 
in strings and comments.
∩┐╜∩┐╜0 0 : 0 0   + 0 :  
 l o a d i n g   D : / G P
 / C o d e / m o b i l e _
 f r o n t e n d / C h e c
 k - C o n t e n t 
 
                          
                          
               ^
failures.txt:1:70: Error: 
The control character 
U+0000 can only be used 
in strings and comments.
∩┐╜∩┐╜0 0 : 0 0   + 0 :  
 l o a d i n g   D : / G P
 / C o d e / m o b i l e _
 f r o n t e n d / C h e c
 k - C o n t e n t 
 
                          
                          
                 ^
failures.txt:1:72: Error: 
The control character 
U+0000 can only be used 
in strings and comments.
∩┐╜∩┐╜0 0 : 0 0   + 0 :  
 l o a d i n g   D : / G P
 / C o d e / m o b i l e _
 f r o n t e n d / C h e c
 k - C o n t e n t 
 
                          
                          
                   ^
failures.txt:1:74: Error: 
The control character 
U+0000 can only be used 
in strings and comments.
∩┐╜∩┐╜0 0 : 0 0   + 0 :  
 l o a d i n g   D : / G P
 / C o d e / m o b i l e _
 f r o n t e n d / C h e c
 k - C o n t e n t 
 
                          
                          
                     ^
failures.txt:1:76: Error: 
The control character 
U+0000 can only be used 
in strings and comments.
∩┐╜∩┐╜0 0 : 0 0   + 0 :  
 l o a d i n g   D : / G P
 / C o d e / m o b i l e _
 f r o n t e n d / C h e c
 k - C o n t e n t 
 
                          
                          
                       ^
failures.txt:1:78: Error: 
The control character 
U+0000 can only be used 
in strings and comments.
∩┐╜∩┐╜0 0 : 0 0   + 0 :  
 l o a d i n g   D : / G P
 / C o d e / m o b i l e _
 f r o n t e n d / C h e c
 k - C o n t e n t 
 
                          
                          
                         ^
failures.txt:1:80: Error: 
The control character 
U+0000 can only be used 
in strings and comments.
∩┐╜∩┐╜0 0 : 0 0   + 0 :  
 l o a d i n g   D : / G P
 / C o d e / m o b i l e _
 f r o n t e n d / C h e c
 k - C o n t e n t 
 
                          
                          
                          
 ^
failures.txt:1:82: Error: 
The control character 
U+0000 can only be used 
in strings and comments.
∩┐╜∩┐╜0 0 : 0 0   + 0 :  
 l o a d i n g   D : / G P
 / C o d e / m o b i l e _
 f r o n t e n d / C h e c
 k - C o n t e n t 
 
                          
                          
                          
   ^
failures.txt:1:84: Error: 
The control character 
U+0000 can only be used 
in strings and comments.
∩┐╜∩┐╜0 0 : 0 0   + 0 :  
 l o a d i n g   D : / G P
 / C o d e / m o b i l e _
 f r o n t e n d / C h e c
 k - C o n t e n t 
 
                          
                          
                          
     ^
failures.txt:1:86: Error: 
The control character 
U+0000 can only be used 
in strings and comments.
∩┐╜∩┐╜0 0 : 0 0   + 0 :  
 l o a d i n g   D : / G P
 / C o d e / m o b i l e _
 f r o n t e n d / C h e c
 k - C o n t e n t 
 
                          
                          
                          
       ^
failures.txt:1:88: Error: 
The control character 
U+0000 can only be used 
in strings and comments.
∩┐╜∩┐╜0 0 : 0 0   + 0 :  
 l o a d i n g   D : / G P
 / C o d e / m o b i l e _
 f r o n t e n d / C h e c
 k - C o n t e n t 
 
                          
                          
                          
         ^
failures.txt:1:90: Error: 
The control character 
U+0000 can only be used 
in strings and comments.
∩┐╜∩┐╜0 0 : 0 0   + 0 :  
 l o a d i n g   D : / G P
 / C o d e / m o b i l e _
 f r o n t e n d / C h e c
 k - C o n t e n t 
 
                          
                          
                          
           ^
failures.txt:1:92: Error: 
The control character 
U+0000 can only be used 
in strings and comments.
∩┐╜∩┐╜0 0 : 0 0   + 0 :  
 l o a d i n g   D : / G P
 / C o d e / m o b i l e _
 f r o n t e n d / C h e c
 k - C o n t e n t 
 
                          
                          
                          
            ^
failures.txt:1:94: Error: 
The control character 
U+0000 can only be used 
in strings and comments.
∩┐╜∩┐╜0 0 : 0 0   + 0 :  
 l o a d i n g   D : / G P
 / C o d e / m o b i l e _
 f r o n t e n d / C h e c
 k - C o n t e n t 
 
                          
                          
                          
            ^
failures.txt:1:96: Error: 
The control character 
U+0000 can only be used 
in strings and comments.
∩┐╜∩┐╜0 0 : 0 0   + 0 :  
 l o a d i n g   D : / G P
 / C o d e / m o b i l e _
 f r o n t e n d / C h e c
 k - C o n t e n t 
 
                          
                          
                          
            ^
failures.txt:1:98: Error: 
The control character 
U+0000 can only be used 
in strings and comments.
∩┐╜∩┐╜0 0 : 0 0   + 0 :  
 l o a d i n g   D : / G P
 / C o d e / m o b i l e _
 f r o n t e n d / C h e c
 k - C o n t e n t 
 
                          
                          
                          
            ^
failures.txt:1:100: 
Error: The control 
character U+0000 can only 
be used in strings and 
comments.
∩┐╜∩┐╜0 0 : 0 0   + 0 :  
 l o a d i n g   D : / G P
 / C o d e / m o b i l e _
 f r o n t e n d / C h e c
 k - C o n t e n t 
 
                          
                          
                          
            ^
failures.txt:1:102: 
Error: The control 
character U+0000 can only 
be used in strings and 
comments.
∩┐╜∩┐╜0 0 : 0 0   + 0 :  
 l o a d i n g   D : / G P
 / C o d e / m o b i l e _
 f r o n t e n d / C h e c
 k - C o n t e n t 
 
                          
                          
                          
            ^
failures.txt:1:104: 
Error: The control 
character U+0000 can only 
be used in strings and 
comments.
∩┐╜∩┐╜0 0 : 0 0   + 0 :  
 l o a d i n g   D : / G P
 / C o d e / m o b i l e _
 f r o n t e n d / C h e c
 k - C o n t e n t 
 
                          
                          
                          
            ^
failures.txt:1:106: 
Error: The control 
character U+0000 can only 
be used in strings and 
comments.
∩┐╜∩┐╜0 0 : 0 0   + 0 :  
 l o a d i n g   D : / G P
 / C o d e / m o b i l e _
 f r o n t e n d / C h e c
 k - C o n t e n t 
 
                          
                          
                          
            ^
failures.txt:1:108: 
Error: The control 
character U+0000 can only 
be used in strings and 
comments.
∩┐╜∩┐╜0 0 : 0 0   + 0 :  
 l o a d i n g   D : / G P
 / C o d e / m o b i l e _
 f r o n t e n d / C h e c
 k - C o n t e n t 
 
                          
                          
                          
            ^
failures.txt:1:110: 
Error: The control 
character U+0000 can only 
be used in strings and 
comments.
∩┐╜∩┐╜0 0 : 0 0   + 0 :  
 l o a d i n g   D : / G P
 / C o d e / m o b i l e _
 f r o n t e n d / C h e c
 k - C o n t e n t 
 
                          
                          
                          
            ^
failures.txt:1:112: 
Error: The control 
character U+0000 can only 
be used in strings and 
comments.
∩┐╜∩┐╜0 0 : 0 0   + 0 :  
 l o a d i n g   D : / G P
 / C o d e / m o b i l e _
 f r o n t e n d / C h e c
 k - C o n t e n t 
 
                          
                          
                          
            ^
failures.txt:1:114: 
Error: The control 
character U+0000 can only 
be used in strings and 
comments.
∩┐╜∩┐╜0 0 : 0 0   + 0 :  
 l o a d i n g   D : / G P
 / C o d e / m o b i l e _
 f r o n t e n d / C h e c
 k - C o n t e n t 
 
                          
                          
                          
            ^
failures.txt:1:116: 
Error: The control 
character U+0000 can only 
be used in strings and 
comments.
∩┐╜∩┐╜0 0 : 0 0   + 0 :  
 l o a d i n g   D : / G P
 / C o d e / m o b i l e _
 f r o n t e n d / C h e c
 k - C o n t e n t 
 
                          
                          
                          
            ^
failures.txt:1:118: 
Error: The control 
character U+0000 can only 
be used in strings and 
comments.
∩┐╜∩┐╜0 0 : 0 0   + 0 :  
 l o a d i n g   D : / G P
 / C o d e / m o b i l e _
 f r o n t e n d / C h e c
 k - C o n t e n t 
 
                          
                          
                          
            ^
failures.txt:1:120: 
Error: The control 
character U+0000 can only 
be used in strings and 
comments.
∩┐╜∩┐╜0 0 : 0 0   + 0 :  
 l o a d i n g   D : / G P
 / C o d e / m o b i l e _
 f r o n t e n d / C h e c
 k - C o n t e n t 
 
                          
                          
                          
            ^
failures.txt:2:1: Error: 
The control character 
U+0000 can only be used 
in strings and comments.
 0 0 : 0 0   + 0   - 1 :  
 l o a d i n g   D : / G P
 / C o d e / m o b i l e _
 f r o n t e n d / C h e c
 k - C o n t e n t  
 [ E ] 
 
^
failures.txt:2:3: Error: 
The control character 
U+0000 can only be used 
in strings and comments.
 0 0 : 0 0   + 0   - 1 :  
 l o a d i n g   D : / G P
 / C o d e / m o b i l e _
 f r o n t e n d / C h e c
 k - C o n t e n t  
 [ E ] 
 
  ^
failures.txt:2:5: Error: 
The control character 
U+0000 can only be used 
in strings and comments.
 0 0 : 0 0   + 0   - 1 :  
 l o a d i n g   D : / G P
 / C o d e / m o b i l e _
 f r o n t e n d / C h e c
 k - C o n t e n t  
 [ E ] 
 
    ^
failures.txt:2:7: Error: 
The control character 
U+0000 can only be used 
in strings and comments.
 0 0 : 0 0   + 0   - 1 :  
 l o a d i n g   D : / G P
 / C o d e / m o b i l e _
 f r o n t e n d / C h e c
 k - C o n t e n t  
 [ E ] 
 
      ^
failures.txt:2:9: Error: 
The control character 
U+0000 can only be used 
in strings and comments.
 0 0 : 0 0   + 0   - 1 :  
 l o a d i n g   D : / G P
 / C o d e / m o b i l e _
 f r o n t e n d / C h e c
 k - C o n t e n t  
 [ E ] 
 
        ^
failures.txt:2:11: Error: 
The control character 
U+0000 can only be used 
in strings and comments.
 0 0 : 0 0   + 0   - 1 :  
 l o a d i n g   D : / G P
 / C o d e / m o b i l e _
 f r o n t e n d / C h e c
 k - C o n t e n t  
 [ E ] 
 
          ^
failures.txt:2:13: Error: 
The control character 
U+0000 can only be used 
in strings and comments.
 0 0 : 0 0   + 0   - 1 :  
 l o a d i n g   D : / G P
 / C o d e / m o b i l e _
 f r o n t e n d / C h e c
 k - C o n t e n t  
 [ E ] 
 
            ^
failures.txt:2:15: Error: 
The control character 
U+0000 can only be used 
in strings and comments.
 0 0 : 0 0   + 0   - 1 :  
 l o a d i n g   D : / G P
 / C o d e / m o b i l e _
 f r o n t e n d / C h e c
 k - C o n t e n t  
 [ E ] 
 
              ^
failures.txt:2:17: Error: 
The control character 
U+0000 can only be used 
in strings and comments.
 0 0 : 0 0   + 0   - 1 :  
 l o a d i n g   D : / G P
 / C o d e / m o b i l e _
 f r o n t e n d / C h e c
 k - C o n t e n t  
 [ E ] 
 
                ^
failures.txt:2:19: Error: 
The control character 
U+0000 can only be used 
in strings and comments.
 0 0 : 0 0   + 0   - 1 :  
 l o a d i n g   D : / G P
 / C o d e / m o b i l e _
 f r o n t e n d / C h e c
 k - C o n t e n t  
 [ E ] 
 
                  ^
failures.txt:2:21: Error: 
The control character 
U+0000 can only be used 
in strings and comments.
 0 0 : 0 0   + 0   - 1 :  
 l o a d i n g   D : / G P
 / C o d e / m o b i l e _
 f r o n t e n d / C h e c
 k - C o n t e n t  
 [ E ] 
 
                    ^
failures.txt:2:23: Error: 
The control character 
U+0000 can only be used 
in strings and comments.
 0 0 : 0 0   + 0   - 1 :  
 l o a d i n g   D : / G P
 / C o d e / m o b i l e _
 f r o n t e n d / C h e c
 k - C o n t e n t  
 [ E ] 
 
                      ^
failures.txt:2:25: Error: 
The control character 
U+0000 can only be used 
in strings and comments.
 0 0 : 0 0   + 0   - 1 :  
 l o a d i n g   D : / G P
 / C o d e / m o b i l e _
 f r o n t e n d / C h e c
 k - C o n t e n t  
 [ E ] 
 
                        ^
failures.txt:2:27: Error: 
The control character 
U+0000 can only be used 
in strings and comments.
 0 0 : 0 0   + 0   - 1 :  
 l o a d i n g   D : / G P
 / C o d e / m o b i l e _
 f r o n t e n d / C h e c
 k - C o n t e n t  
 [ E ] 
 
                          
^
failures.txt:2:29: Error: 
The control character 
U+0000 can only be used 
in strings and comments.
 0 0 : 0 0   + 0   - 1 :  
 l o a d i n g   D : / G P
 / C o d e / m o b i l e _
 f r o n t e n d / C h e c
 k - C o n t e n t  
 [ E ] 
 
                          
  ^
failures.txt:2:31: Error: 
The control character 
U+0000 can only be used 
in strings and comments.
 0 0 : 0 0   + 0   - 1 :  
 l o a d i n g   D : / G P
 / C o d e / m o b i l e _
 f r o n t e n d / C h e c
 k - C o n t e n t  
 [ E ] 
 
                          
    ^
failures.txt:2:33: Error: 
The control character 
U+0000 can only be used 
in strings and comments.
 0 0 : 0 0   + 0   - 1 :  
 l o a d i n g   D : / G P
 / C o d e / m o b i l e _
 f r o n t e n d / C h e c
 k - C o n t e n t  
 [ E ] 
 
                          
      ^
failures.txt:2:35: Error: 
The control character 
U+0000 can only be used 
in strings and comments.
 0 0 : 0 0   + 0   - 1 :  
 l o a d i n g   D : / G P
 / C o d e / m o b i l e _
 f r o n t e n d / C h e c
 k - C o n t e n t  
 [ E ] 
 
                          
        ^
failures.txt:2:37: Error: 
The control character 
U+0000 can only be used 
in strings and comments.
 0 0 : 0 0   + 0   - 1 :  
 l o a d i n g   D : / G P
 / C o d e / m o b i l e _
 f r o n t e n d / C h e c
 k - C o n t e n t  
 [ E ] 
 
                          
          ^
failures.txt:2:39: Error: 
The control character 
U+0000 can only be used 
in strings and comments.
 0 0 : 0 0   + 0   - 1 :  
 l o a d i n g   D : / G P
 / C o d e / m o b i l e _
 f r o n t e n d / C h e c
 k - C o n t e n t  
 [ E ] 
 
                          
            ^
failures.txt:2:41: Error: 
The control character 
U+0000 can only be used 
in strings and comments.
 0 0 : 0 0   + 0   - 1 :  
 l o a d i n g   D : / G P
 / C o d e / m o b i l e _
 f r o n t e n d / C h e c
 k - C o n t e n t  
 [ E ] 
 
                          
              ^
failures.txt:2:43: Error: 
The control character 
U+0000 can only be used 
in strings and comments.
 0 0 : 0 0   + 0   - 1 :  
 l o a d i n g   D : / G P
 / C o d e / m o b i l e _
 f r o n t e n d / C h e c
 k - C o n t e n t  
 [ E ] 
 
                          
                ^
failures.txt:2:45: Error: 
The control character 
U+0000 can only be used 
in strings and comments.
 0 0 : 0 0   + 0   - 1 :  
 l o a d i n g   D : / G P
 / C o d e / m o b i l e _
 f r o n t e n d / C h e c
 k - C o n t e n t  
 [ E ] 
 
                          
                  ^
failures.txt:2:47: Error: 
The control character 
U+0000 can only be used 
in strings and comments.
 0 0 : 0 0   + 0   - 1 :  
 l o a d i n g   D : / G P
 / C o d e / m o b i l e _
 f r o n t e n d / C h e c
 k - C o n t e n t  
 [ E ] 
 
                          
                    ^
failures.txt:2:49: Error: 
The control character 
U+0000 can only be used 
in strings and comments.
 0 0 : 0 0   + 0   - 1 :  
 l o a d i n g   D : / G P
 / C o d e / m o b i l e _
 f r o n t e n d / C h e c
 k - C o n t e n t  
 [ E ] 
 
                          
                      ^
failures.txt:2:51: Error: 
The control character 
U+0000 can only be used 
in strings and comments.
 0 0 : 0 0   + 0   - 1 :  
 l o a d i n g   D : / G P
 / C o d e / m o b i l e _
 f r o n t e n d / C h e c
 k - C o n t e n t  
 [ E ] 
 
                          
                        ^
failures.txt:2:53: Error: 
The control character 
U+0000 can only be used 
in strings and comments.
 0 0 : 0 0   + 0   - 1 :  
 l o a d i n g   D : / G P
 / C o d e / m o b i l e _
 f r o n t e n d / C h e c
 k - C o n t e n t  
 [ E ] 
 
                          
                          
^
failures.txt:2:55: Error: 
The control character 
U+0000 can only be used 
in strings and comments.
 0 0 : 0 0   + 0   - 1 :  
 l o a d i n g   D : / G P
 / C o d e / m o b i l e _
 f r o n t e n d / C h e c
 k - C o n t e n t  
 [ E ] 
 
                          
                          
  ^
failures.txt:2:57: Error: 
The control character 
U+0000 can only be used 
in strings and comments.
 0 0 : 0 0   + 0   - 1 :  
 l o a d i n g   D : / G P
 / C o d e / m o b i l e _
 f r o n t e n d / C h e c
 k - C o n t e n t  
 [ E ] 
 
                          
                          
    ^
failures.txt:2:59: Error: 
The control character 
U+0000 can only be used 
in strings and comments.
 0 0 : 0 0   + 0   - 1 :  
 l o a d i n g   D : / G P
 / C o d e / m o b i l e _
 f r o n t e n d / C h e c
 k - C o n t e n t  
 [ E ] 
 
                          
                          
      ^
failures.txt:2:61: Error: 
The control character 
U+0000 can only be used 
in strings and comments.
 0 0 : 0 0   + 0   - 1 :  
 l o a d i n g   D : / G P
 / C o d e / m o b i l e _
 f r o n t e n d / C h e c
 k - C o n t e n t  
 [ E ] 
 
                          
                          
        ^
failures.txt:2:63: Error: 
The control character 
U+0000 can only be used 
in strings and comments.
 0 0 : 0 0   + 0   - 1 :  
 l o a d i n g   D : / G P
 / C o d e / m o b i l e _
 f r o n t e n d / C h e c
 k - C o n t e n t  
 [ E ] 
 
                          
                          
          ^
failures.txt:2:65: Error: 
The control character 
U+0000 can only be used 
in strings and comments.
 0 0 : 0 0   + 0   - 1 :  
 l o a d i n g   D : / G P
 / C o d e / m o b i l e _
 f r o n t e n d / C h e c
 k - C o n t e n t  
 [ E ] 
 
                          
                          
            ^
failures.txt:2:67: Error: 
The control character 
U+0000 can only be used 
in strings and comments.
 0 0 : 0 0   + 0   - 1 :  
 l o a d i n g   D : / G P
 / C o d e / m o b i l e _
 f r o n t e n d / C h e c
 k - C o n t e n t  
 [ E ] 
 
                          
                          
              ^
failures.txt:2:69: Error: 
The control character 
U+0000 can only be used 
in strings and comments.
 0 0 : 0 0   + 0   - 1 :  
 l o a d i n g   D : / G P
 / C o d e / m o b i l e _
 f r o n t e n d / C h e c
 k - C o n t e n t  
 [ E ] 
 
                          
                          
                ^
failures.txt:2:71: Error: 
The control character 
U+0000 can only be used 
in strings and comments.
 0 0 : 0 0   + 0   - 1 :  
 l o a d i n g   D : / G P
 / C o d e / m o b i l e _
 f r o n t e n d / C h e c
 k - C o n t e n t  
 [ E ] 
 
                          
                          
                  ^
failures.txt:2:73: Error: 
The control character 
U+0000 can only be used 
in strings and comments.
 0 0 : 0 0   + 0   - 1 :  
 l o a d i n g   D : / G P
 / C o d e / m o b i l e _
 f r o n t e n d / C h e c
 k - C o n t e n t  
 [ E ] 
 
                          
                          
                    ^
failures.txt:2:75: Error: 
The control character 
U+0000 can only be used 
in strings and comments.
 0 0 : 0 0   + 0   - 1 :  
 l o a d i n g   D : / G P
 / C o d e / m o b i l e _
 f r o n t e n d / C h e c
 k - C o n t e n t  
 [ E ] 
 
                          
                          
                      ^
failures.txt:2:77: Error: 
The control character 
U+0000 can only be used 
in strings and comments.
 0 0 : 0 0   + 0   - 1 :  
 l o a d i n g   D : / G P
 / C o d e / m o b i l e _
 f r o n t e n d / C h e c
 k - C o n t e n t  
 [ E ] 
 
                          
                          
                        ^
failures.txt:2:79: Error: 
The control character 
U+0000 can only be used 
in strings and comments.
 0 0 : 0 0   + 0   - 1 :  
 l o a d i n g   D : / G P
 / C o d e / m o b i l e _
 f r o n t e n d / C h e c
 k - C o n t e n t  
 [ E ] 
 
                          
                          
                          
^
failures.txt:2:81: Error: 
The control character 
U+0000 can only be used 
in strings and comments.
 0 0 : 0 0   + 0   - 1 :  
 l o a d i n g   D : / G P
 / C o d e / m o b i l e _
 f r o n t e n d / C h e c
 k - C o n t e n t  
 [ E ] 
 
                          
                          
                          
  ^
failures.txt:2:83: Error: 
The control character 
U+0000 can only be used 
in strings and comments.
 0 0 : 0 0   + 0   - 1 :  
 l o a d i n g   D : / G P
 / C o d e / m o b i l e _
 f r o n t e n d / C h e c
 k - C o n t e n t  
 [ E ] 
 
                          
                          
                          
    ^
failures.txt:2:85: Error: 
The control character 
U+0000 can only be used 
in strings and comments.
 0 0 : 0 0   + 0   - 1 :  
 l o a d i n g   D : / G P
 / C o d e / m o b i l e _
 f r o n t e n d / C h e c
 k - C o n t e n t  
 [ E ] 
 
                          
                          
                          
      ^
failures.txt:2:87: Error: 
The control character 
U+0000 can only be used 
in strings and comments.
 0 0 : 0 0   + 0   - 1 :  
 l o a d i n g   D : / G P
 / C o d e / m o b i l e _
 f r o n t e n d / C h e c
 k - C o n t e n t  
 [ E ] 
 
                          
                          
                          
        ^
failures.txt:2:89: Error: 
The control character 
U+0000 can only be used 
in strings and comments.
 0 0 : 0 0   + 0   - 1 :  
 l o a d i n g   D : / G P
 / C o d e / m o b i l e _
 f r o n t e n d / C h e c
 k - C o n t e n t  
 [ E ] 
 
                          
                          
                          
          ^
failures.txt:2:91: Error: 
The control character 
U+0000 can only be used 
in strings and comments.
 0 0 : 0 0   + 0   - 1 :  
 l o a d i n g   D : / G P
 / C o d e / m o b i l e _
 f r o n t e n d / C h e c
 k - C o n t e n t  
 [ E ] 
 
                          
                          
                          
            ^
failures.txt:2:93: Error: 
The control character 
U+0000 can only be used 
in strings and comments.
 0 0 : 0 0   + 0   - 1 :  
 l o a d i n g   D : / G P
 / C o d e / m o b i l e _
 f r o n t e n d / C h e c
 k - C o n t e n t  
 [ E ] 
 
                          
                          
                          
            ^
failures.txt:2:95: Error: 
The control character 
U+0000 can only be used 
in strings and comments.
 0 0 : 0 0   + 0   - 1 :  
 l o a d i n g   D : / G P
 / C o d e / m o b i l e _
 f r o n t e n d / C h e c
 k - C o n t e n t  
 [ E ] 
 
                          
                          
                          
            ^
failures.txt:2:97: Error: 
The control character 
U+0000 can only be used 
in strings and comments.
 0 0 : 0 0   + 0   - 1 :  
 l o a d i n g   D : / G P
 / C o d e / m o b i l e _
 f r o n t e n d / C h e c
 k - C o n t e n t  
 [ E ] 
 
                          
                          
                          
            ^
failures.txt:2:99: Error: 
The control character 
U+0000 can only be used 
in strings and comments.
 0 0 : 0 0   + 0   - 1 :  
 l o a d i n g   D : / G P
 / C o d e / m o b i l e _
 f r o n t e n d / C h e c
 k - C o n t e n t  
 [ E ] 
 
                          
                          
                          
            ^
failures.txt:2:101: 
Error: The control 
character U+0000 can only 
be used in strings and 
comments.
 0 0 : 0 0   + 0   - 1 :  
 l o a d i n g   D : / G P
 / C o d e / m o b i l e _
 f r o n t e n d / C h e c
 k - C o n t e n t  
 [ E ] 
 
                          
                          
                          
            ^
failures.txt:2:103: 
Error: The control 
character U+0000 can only 
be used in strings and 
comments.
 0 0 : 0 0   + 0   - 1 :  
 l o a d i n g   D : / G P
 / C o d e / m o b i l e _
 f r o n t e n d / C h e c
 k - C o n t e n t  
 [ E ] 
 
                          
                          
                          
            ^
failures.txt:2:105: 
Error: The control 
character U+0000 can only 
be used in strings and 
comments.
 0 0 : 0 0   + 0   - 1 :  
 l o a d i n g   D : / G P
 / C o d e / m o b i l e _
 f r o n t e n d / C h e c
 k - C o n t e n t  
 [ E ] 
 
                          
                          
                          
            ^
failures.txt:2:107: 
Error: The control 
character U+0000 can only 
be used in strings and 
comments.
 0 0 : 0 0   + 0   - 1 :  
 l o a d i n g   D : / G P
 / C o d e / m o b i l e _
 f r o n t e n d / C h e c
 k - C o n t e n t  
 [ E ] 
 
                          
                          
                          
            ^
failures.txt:2:109: 
Error: The control 
character U+0000 can only 
be used in strings and 
comments.
 0 0 : 0 0   + 0   - 1 :  
 l o a d i n g   D : / G P
 / C o d e / m o b i l e _
 f r o n t e n d / C h e c
 k - C o n t e n t  
 [ E ] 
 
                          
                          
                          
            ^
failures.txt:2:111: 
Error: The control 
character U+0000 can only 
be used in strings and 
comments.
 0 0 : 0 0   + 0   - 1 :  
 l o a d i n g   D : / G P
 / C o d e / m o b i l e _
 f r o n t e n d / C h e c
 k - C o n t e n t  
 [ E ] 
 
                          
                          
                          
            ^
failures.txt:2:113: 
Error: The control 
character U+0000 can only 
be used in strings and 
comments.
 0 0 : 0 0   + 0   - 1 :  
 l o a d i n g   D : / G P
 / C o d e / m o b i l e _
 f r o n t e n d / C h e c
 k - C o n t e n t  
 [ E ] 
 
                          
                          
                          
            ^
failures.txt:2:115: 
Error: The control 
character U+0000 can only 
be used in strings and 
comments.
 0 0 : 0 0   + 0   - 1 :  
 l o a d i n g   D : / G P
 / C o d e / m o b i l e _
 f r o n t e n d / C h e c
 k - C o n t e n t  
 [ E ] 
 
                          
                          
                          
            ^
failures.txt:2:117: 
Error: The control 
character U+0000 can only 
be used in strings and 
comments.
 0 0 : 0 0   + 0   - 1 :  
 l o a d i n g   D : / G P
 / C o d e / m o b i l e _
 f r o n t e n d / C h e c
 k - C o n t e n t  
 [ E ] 
 
                          
                          
                          
            ^
failures.txt:2:119: 
Error: The control 
character U+0000 can only 
be used in strings and 
comments.
 0 0 : 0 0   + 0   - 1 :  
 l o a d i n g   D : / G P
 / C o d e / m o b i l e _
 f r o n t e n d / C h e c
 k - C o n t e n t  
 [ E ] 
 
                          
                          
                          
            ^
failures.txt:2:121: 
Error: The control 
character U+0000 can only 
be used in strings and 
comments.
 0 0 : 0 0   + 0   - 1 :  
 l o a d i n g   D : / G P
 / C o d e / m o b i l e _
 f r o n t e n d / C h e c
 k - C o n t e n t  
 [ E ] 
 
                          
                          
                          
            ^
failures.txt:2:123: 
Error: The control 
character U+0000 can only 
be used in strings and 
comments.
 0 0 : 0 0   + 0   - 1 :  
 l o a d i n g   D : / G P
 / C o d e / m o b i l e _
 f r o n t e n d / C h e c
 k - C o n t e n t  
 [ E ] 
 
                          
                          
                          
            ^
failures.txt:2:125: 
Error: The control 
character U+0000 can only 
be used in strings and 
comments.
 0 0 : 0 0   + 0   - 1 :  
 l o a d i n g   D : / G P
 / C o d e / m o b i l e _
 f r o n t e n d / C h e c
 k - C o n t e n t  
 [ E ] 
 
                          
                          
                          
            ^
failures.txt:2:127: 
Error: The control 
character U+0000 can only 
be used in strings and 
comments.
 0 0 : 0 0   + 0   - 1 :  
 l o a d i n g   D : / G P
 / C o d e / m o b i l e _
 f r o n t e n d / C h e c
 k - C o n t e n t  
 [ E ] 
 
                          
                          
                          
            ^
failures.txt:2:129: 
Error: The control 
character U+0000 can only 
be used in strings and 
comments.
 0 0 : 0 0   + 0   - 1 :  
 l o a d i n g   D : / G P
 / C o d e / m o b i l e _
 f r o n t e n d / C h e c
 k - C o n t e n t  
 [ E ] 
 
                          
                          
                          
            ^
failures.txt:2:131: 
Error: The control 
character U+0000 can only 
be used in strings and 
comments.
 0 0 : 0 0   + 0   - 1 :  
 l o a d i n g   D : / G P
 / C o d e / m o b i l e _
 f r o n t e n d / C h e c
 k - C o n t e n t  
 [ E ] 
 
                          
                          
                          
            ^
failures.txt:2:133: 
Error: The control 
character U+0000 can only 
be used in strings and 
comments.
 0 0 : 0 0   + 0   - 1 :  
 l o a d i n g   D : / G P
 / C o d e / m o b i l e _
 f r o n t e n d / C h e c
 k - C o n t e n t  
 [ E ] 
 
                          
                          
                          
            ^
failures.txt:3:1: Error: 
The control character 
U+0000 can only be used 
in strings and comments.
     F a i l e d   t o  
 l o a d   " D : / G P / C
 o d e / m o b i l e _ f r
 o n t e n d / C h e c k -
 C o n t e n t " :  
 D o e s   n o t  
 e x i s t . 
 
^
failures.txt:3:3: Error: 
The control character 
U+0000 can only be used 
in strings and comments.
     F a i l e d   t o  
 l o a d   " D : / G P / C
 o d e / m o b i l e _ f r
 o n t e n d / C h e c k -
 C o n t e n t " :  
 D o e s   n o t  
 e x i s t . 
 
  ^
failures.txt:3:5: Error: 
The control character 
U+0000 can only be used 
in strings and comments.
     F a i l e d   t o  
 l o a d   " D : / G P / C
 o d e / m o b i l e _ f r
 o n t e n d / C h e c k -
 C o n t e n t " :  
 D o e s   n o t  
 e x i s t . 
 
    ^
failures.txt:3:7: Error: 
The control character 
U+0000 can only be used 
in strings and comments.
     F a i l e d   t o  
 l o a d   " D : / G P / C
 o d e / m o b i l e _ f r
 o n t e n d / C h e c k -
 C o n t e n t " :  
 D o e s   n o t  
 e x i s t . 
 
      ^
failures.txt:3:9: Error: 
The control character 
U+0000 can only be used 
in strings and comments.
     F a i l e d   t o  
 l o a d   " D : / G P / C
 o d e / m o b i l e _ f r
 o n t e n d / C h e c k -
 C o n t e n t " :  
 D o e s   n o t  
 e x i s t . 
 
        ^
failures.txt:3:11: Error: 
The control character 
U+0000 can only be used 
in strings and comments.
     F a i l e d   t o  
 l o a d   " D : / G P / C
 o d e / m o b i l e _ f r
 o n t e n d / C h e c k -
 C o n t e n t " :  
 D o e s   n o t  
 e x i s t . 
 
          ^
failures.txt:3:13: Error: 
The control character 
U+0000 can only be used 
in strings and comments.
     F a i l e d   t o  
 l o a d   " D : / G P / C
 o d e / m o b i l e _ f r
 o n t e n d / C h e c k -
 C o n t e n t " :  
 D o e s   n o t  
 e x i s t . 
 
            ^
failures.txt:3:15: Error: 
The control character 
U+0000 can only be used 
in strings and comments.
     F a i l e d   t o  
 l o a d   " D : / G P / C
 o d e / m o b i l e _ f r
 o n t e n d / C h e c k -
 C o n t e n t " :  
 D o e s   n o t  
 e x i s t . 
 
              ^
failures.txt:3:17: Error: 
The control character 
U+0000 can only be used 
in strings and comments.
     F a i l e d   t o  
 l o a d   " D : / G P / C
 o d e / m o b i l e _ f r
 o n t e n d / C h e c k -
 C o n t e n t " :  
 D o e s   n o t  
 e x i s t . 
 
                ^
failures.txt:3:19: Error: 
The control character 
U+0000 can only be used 
in strings and comments.
     F a i l e d   t o  
 l o a d   " D : / G P / C
 o d e / m o b i l e _ f r
 o n t e n d / C h e c k -
 C o n t e n t " :  
 D o e s   n o t  
 e x i s t . 
 
                  ^
failures.txt:3:21: Error: 
The control character 
U+0000 can only be used 
in strings and comments.
     F a i l e d   t o  
 l o a d   " D : / G P / C
 o d e / m o b i l e _ f r
 o n t e n d / C h e c k -
 C o n t e n t " :  
 D o e s   n o t  
 e x i s t . 
 
                    ^
failures.txt:3:23: Error: 
The control character 
U+0000 can only be used 
in strings and comments.
     F a i l e d   t o  
 l o a d   " D : / G P / C
 o d e / m o b i l e _ f r
 o n t e n d / C h e c k -
 C o n t e n t " :  
 D o e s   n o t  
 e x i s t . 
 
                      ^
failures.txt:3:25: Error: 
The control character 
U+0000 can only be used 
in strings and comments.
     F a i l e d   t o  
 l o a d   " D : / G P / C
 o d e / m o b i l e _ f r
 o n t e n d / C h e c k -
 C o n t e n t " :  
 D o e s   n o t  
 e x i s t . 
 
                        ^
failures.txt:3:27: Error: 
The control character 
U+0000 can only be used 
in strings and comments.
     F a i l e d   t o  
 l o a d   " D : / G P / C
 o d e / m o b i l e _ f r
 o n t e n d / C h e c k -
 C o n t e n t " :  
 D o e s   n o t  
 e x i s t . 
 
                          
^
failures.txt:3:29: Error: 
The control character 
U+0000 can only be used 
in strings and comments.
     F a i l e d   t o  
 l o a d   " D : / G P / C
 o d e / m o b i l e _ f r
 o n t e n d / C h e c k -
 C o n t e n t " :  
 D o e s   n o t  
 e x i s t . 
 
                          
  ^
failures.txt:3:31: Error: 
The control character 
U+0000 can only be used 
in strings and comments.
     F a i l e d   t o  
 l o a d   " D : / G P / C
 o d e / m o b i l e _ f r
 o n t e n d / C h e c k -
 C o n t e n t " :  
 D o e s   n o t  
 e x i s t . 
 
                          
    ^
failures.txt:3:33: Error: 
The control character 
U+0000 can only be used 
in strings and comments.
     F a i l e d   t o  
 l o a d   " D : / G P / C
 o d e / m o b i l e _ f r
 o n t e n d / C h e c k -
 C o n t e n t " :  
 D o e s   n o t  
 e x i s t . 
 
                          
      ^
failures.txt:3:35: Error: 
The control character 
U+0000 can only be used 
in strings and comments.
     F a i l e d   t o  
 l o a d   " D : / G P / C
 o d e / m o b i l e _ f r
 o n t e n d / C h e c k -
 C o n t e n t " :  
 D o e s   n o t  
 e x i s t . 
 
                          
        ^
failures.txt:3:119: 
Error: The control 
character U+0000 can only 
be used in strings and 
comments.
     F a i l e d   t o  
 l o a d   " D : / G P / C
 o d e / m o b i l e _ f r
 o n t e n d / C h e c k -
 C o n t e n t " :  
 D o e s   n o t  
 e x i s t . 
 
                          
                          
                          
            ^
failures.txt:3:121: 
Error: The control 
character U+0000 can only 
be used in strings and 
comments.
     F a i l e d   t o  
 l o a d   " D : / G P / C
 o d e / m o b i l e _ f r
 o n t e n d / C h e c k -
 C o n t e n t " :  
 D o e s   n o t  
 e x i s t . 
 
                          
                          
                          
            ^
failures.txt:3:123: 
Error: The control 
character U+0000 can only 
be used in strings and 
comments.
     F a i l e d   t o  
 l o a d   " D : / G P / C
 o d e / m o b i l e _ f r
 o n t e n d / C h e c k -
 C o n t e n t " :  
 D o e s   n o t  
 e x i s t . 
 
                          
                          
                          
            ^
failures.txt:3:125: 
Error: The control 
character U+0000 can only 
be used in strings and 
comments.
     F a i l e d   t o  
 l o a d   " D : / G P / C
 o d e / m o b i l e _ f r
 o n t e n d / C h e c k -
 C o n t e n t " :  
 D o e s   n o t  
 e x i s t . 
 
                          
                          
                          
            ^
failures.txt:3:127: 
Error: The control 
character U+0000 can only 
be used in strings and 
comments.
     F a i l e d   t o  
 l o a d   " D : / G P / C
 o d e / m o b i l e _ f r
 o n t e n d / C h e c k -
 C o n t e n t " :  
 D o e s   n o t  
 e x i s t . 
 
                          
                          
                          
            ^
failures.txt:3:129: 
Error: The control 
character U+0000 can only 
be used in strings and 
comments.
     F a i l e d   t o  
 l o a d   " D : / G P / C
 o d e / m o b i l e _ f r
 o n t e n d / C h e c k -
 C o n t e n t " :  
 D o e s   n o t  
 e x i s t . 
 
                          
                          
                          
            ^
failures.txt:3:131: 
Error: The control 
character U+0000 can only 
be used in strings and 
comments.
     F a i l e d   t o  
 l o a d   " D : / G P / C
 o d e / m o b i l e _ f r
 o n t e n d / C h e c k -
 C o n t e n t " :  
 D o e s   n o t  
 e x i s t . 
 
                          
                          
                          
            ^
failures.txt:3:133: 
Error: The control 
character U+0000 can only 
be used in strings and 
comments.
     F a i l e d   t o  
 l o a d   " D : / G P / C
 o d e / m o b i l e _ f r
 o n t e n d / C h e c k -
 C o n t e n t " :  
 D o e s   n o t  
 e x i s t . 
 
                          
                          
                          
            ^
failures.txt:3:135: 
Error: The control 
character U+0000 can only 
be used in strings and 
comments.
     F a i l e d   t o  
 l o a d   " D : / G P / C
 o d e / m o b i l e _ f r
 o n t e n d / C h e c k -
 C o n t e n t " :  
 D o e s   n o t  
 e x i s t . 
 
                          
                          
                          
            ^
failures.txt:3:137: 
Error: The control 
character U+0000 can only 
be used in strings and 
comments.
     F a i l e d   t o  
 l o a d   " D : / G P / C
 o d e / m o b i l e _ f r
 o n t e n d / C h e c k -
 C o n t e n t " :  
 D o e s   n o t  
 e x i s t . 
 
                          
                          
                          
            ^
failures.txt:3:139: 
Error: The control 
character U+0000 can only 
be used in strings and 
comments.
     F a i l e d   t o  
 l o a d   " D : / G P / C
 o d e / m o b i l e _ f r
 o n t e n d / C h e c k -
 C o n t e n t " :  
 D o e s   n o t  
 e x i s t . 
 
                          
                          
                          
            ^
failures.txt:3:141: 
Error: The control 
character U+0000 can only 
be used in strings and 
comments.
     F a i l e d   t o  
 l o a d   " D : / G P / C
 o d e / m o b i l e _ f r
 o n t e n d / C h e c k -
 C o n t e n t " :  
 D o e s   n o t  
 e x i s t . 
 
                          
                          
                          
            ^
failures.txt:3:143: 
Error: The control 
character U+0000 can only 
be used in strings and 
comments.
     F a i l e d   t o  
 l o a d   " D : / G P / C
 o d e / m o b i l e _ f r
 o n t e n d / C h e c k -
 C o n t e n t " :  
 D o e s   n o t  
 e x i s t . 
 
                          
                          
                          
            ^
failures.txt:3:145: 
Error: The control 
character U+0000 can only 
be used in strings and 
comments.
     F a i l e d   t o  
 l o a d   " D : / G P / C
 o d e / m o b i l e _ f r
 o n t e n d / C h e c k -
 C o n t e n t " :  
 D o e s   n o t  
 e x i s t . 
 
                          
                          
                          
            ^
failures.txt:3:147: 
Error: The control 
character U+0000 can only 
be used in strings and 
comments.
     F a i l e d   t o  
 l o a d   " D : / G P / C
 o d e / m o b i l e _ f r
 o n t e n d / C h e c k -
 C o n t e n t " :  
 D o e s   n o t  
 e x i s t . 
 
                          
                          
                          
            ^
failures.txt:3:149: 
Error: The control 
character U+0000 can only 
be used in strings and 
comments.
     F a i l e d   t o  
 l o a d   " D : / G P / C
 o d e / m o b i l e _ f r
 o n t e n d / C h e c k -
 C o n t e n t " :  
 D o e s   n o t  
 e x i s t . 
 
                          
                          
                          
            ^
failures.txt:3:151: 
Error: The control 
character U+0000 can only 
be used in strings and 
comments.
     F a i l e d   t o  
 l o a d   " D : / G P / C
 o d e / m o b i l e _ f r
 o n t e n d / C h e c k -
 C o n t e n t " :  
 D o e s   n o t  
 e x i s t . 
 
                          
                          
                          
            ^
failures.txt:3:153: 
Error: The control 
character U+0000 can only 
be used in strings and 
comments.
     F a i l e d   t o  
 l o a d   " D : / G P / C
 o d e / m o b i l e _ f r
 o n t e n d / C h e c k -
 C o n t e n t " :  
 D o e s   n o t  
 e x i s t . 
 
                          
                          
                          
            ^
failures.txt:3:155: 
Error: The control 
character U+0000 can only 
be used in strings and 
comments.
     F a i l e d   t o  
 l o a d   " D : / G P / C
 o d e / m o b i l e _ f r
 o n t e n d / C h e c k -
 C o n t e n t " :  
 D o e s   n o t  
 e x i s t . 
 
                          
                          
                          
            ^
failures.txt:4:1: Error: 
The control character 
U+0000 can only be used 
in strings and comments.
 
^
failures.txt:1:3: Error: 
Expected a declaration, 
but got '0'.
∩┐╜∩┐╜0 0 : 0 0   + 0 :  
 l o a d i n g   D : / G P
 / C o d e / m o b i l e _
 f r o n t e n d / C h e c
 k - C o n t e n t 
 
  ^
failures.txt:1:5: Error: 
Expected a declaration, 
but got '0'.
∩┐╜∩┐╜0 0 : 0 0   + 0 :  
 l o a d i n g   D : / G P
 / C o d e / m o b i l e _
 f r o n t e n d / C h e c
 k - C o n t e n t 
 
    ^
failures.txt:1:7: Error: 
Expected a declaration, 
but got ':'.
∩┐╜∩┐╜0 0 : 0 0   + 0 :  
 l o a d i n g   D : / G P
 / C o d e / m o b i l e _
 f r o n t e n d / C h e c
 k - C o n t e n t 
 
      ^
failures.txt:1:9: Error: 
Expected a declaration, 
but got '0'.
∩┐╜∩┐╜0 0 : 0 0   + 0 :  
 l o a d i n g   D : / G P
 / C o d e / m o b i l e _
 f r o n t e n d / C h e c
 k - C o n t e n t 
 
        ^
failures.txt:1:11: Error: 
Expected a declaration, 
but got '0'.
∩┐╜∩┐╜0 0 : 0 0   + 0 :  
 l o a d i n g   D : / G P
 / C o d e / m o b i l e _
 f r o n t e n d / C h e c
 k - C o n t e n t 
 
          ^
failures.txt:1:15: Error: 
Expected a declaration, 
but got '+'.
∩┐╜∩┐╜0 0 : 0 0   + 0 :  
 l o a d i n g   D : / G P
 / C o d e / m o b i l e _
 f r o n t e n d / C h e c
 k - C o n t e n t 
 
              ^
failures.txt:1:17: Error: 
Expected a declaration, 
but got '0'.
∩┐╜∩┐╜0 0 : 0 0   + 0 :  
 l o a d i n g   D : / G P
 / C o d e / m o b i l e _
 f r o n t e n d / C h e c
 k - C o n t e n t 
 
                ^
failures.txt:1:19: Error: 
Expected a declaration, 
but got ':'.
∩┐╜∩┐╜0 0 : 0 0   + 0 :  
 l o a d i n g   D : / G P
 / C o d e / m o b i l e _
 f r o n t e n d / C h e c
 k - C o n t e n t 
 
                  ^
failures.txt:1:25: Error: 
Expected ';' after this.
∩┐╜∩┐╜0 0 : 0 0   + 0 :  
 l o a d i n g   D : / G P
 / C o d e / m o b i l e _
 f r o n t e n d / C h e c
 k - C o n t e n t 
 
                        ^
failures.txt:1:29: Error: 
Expected ';' after this.
∩┐╜∩┐╜0 0 : 0 0   + 0 :  
 l o a d i n g   D : / G P
 / C o d e / m o b i l e _
 f r o n t e n d / C h e c
 k - C o n t e n t 
 
                          
  ^
failures.txt:1:33: Error: 
Expected ';' after this.
∩┐╜∩┐╜0 0 : 0 0   + 0 :  
 l o a d i n g   D : / G P
 / C o d e / m o b i l e _
 f r o n t e n d / C h e c
 k - C o n t e n t 
 
                          
      ^
failures.txt:1:39: Error: 
Expected ';' after this.
∩┐╜∩┐╜0 0 : 0 0   + 0 :  
 l o a d i n g   D : / G P
 / C o d e / m o b i l e _
 f r o n t e n d / C h e c
 k - C o n t e n t 
 
                          
            ^
failures.txt:1:41: Error: 
Expected a declaration, 
but got ':'.
∩┐╜∩┐╜0 0 : 0 0   + 0 :  
 l o a d i n g   D : / G P
 / C o d e / m o b i l e _
 f r o n t e n d / C h e c
 k - C o n t e n t 
 
                          
              ^
failures.txt:1:43: Error: 
Expected a declaration, 
but got '/'.
∩┐╜∩┐╜0 0 : 0 0   + 0 :  
 l o a d i n g   D : / G P
 / C o d e / m o b i l e _
 f r o n t e n d / C h e c
 k - C o n t e n t 
 
                          
                ^
failures.txt:1:47: Error: 
Expected ';' after this.
∩┐╜∩┐╜0 0 : 0 0   + 0 :  
 l o a d i n g   D : / G P
 / C o d e / m o b i l e _
 f r o n t e n d / C h e c
 k - C o n t e n t 
 
                          
                    ^
failures.txt:1:49: Error: 
Expected a declaration, 
but got '/'.
∩┐╜∩┐╜0 0 : 0 0   + 0 :  
 l o a d i n g   D : / G P
 / C o d e / m o b i l e _
 f r o n t e n d / C h e c
 k - C o n t e n t 
 
                          
                      ^
failures.txt:1:53: Error: 
Expected ';' after this.
∩┐╜∩┐╜0 0 : 0 0   + 0 :  
 l o a d i n g   D : / G P
 / C o d e / m o b i l e _
 f r o n t e n d / C h e c
 k - C o n t e n t 
 
                          
                          
^
failures.txt:1:57: Error: 
Expected ';' after this.
∩┐╜∩┐╜0 0 : 0 0   + 0 :  
 l o a d i n g   D : / G P
 / C o d e / m o b i l e _
 f r o n t e n d / C h e c
 k - C o n t e n t 
 
                          
                          
    ^
failures.txt:1:59: Error: 
Expected a declaration, 
but got '/'.
∩┐╜∩┐╜0 0 : 0 0   + 0 :  
 l o a d i n g   D : / G P
 / C o d e / m o b i l e _
 f r o n t e n d / C h e c
 k - C o n t e n t 
 
                          
                          
      ^
failures.txt:1:63: Error: 
Expected ';' after this.
∩┐╜∩┐╜0 0 : 0 0   + 0 :  
 l o a d i n g   D : / G P
 / C o d e / m o b i l e _
 f r o n t e n d / C h e c
 k - C o n t e n t 
 
                          
                          
          ^
failures.txt:1:67: Error: 
Expected ';' after this.
∩┐╜∩┐╜0 0 : 0 0   + 0 :  
 l o a d i n g   D : / G P
 / C o d e / m o b i l e _
 f r o n t e n d / C h e c
 k - C o n t e n t 
 
                          
                          
              ^
failures.txt:1:71: Error: 
Expected ';' after this.
∩┐╜∩┐╜0 0 : 0 0   + 0 :  
 l o a d i n g   D : / G P
 / C o d e / m o b i l e _
 f r o n t e n d / C h e c
 k - C o n t e n t 
 
                          
                          
                  ^
failures.txt:1:75: Error: 
Expected ';' after this.
∩┐╜∩┐╜0 0 : 0 0   + 0 :  
 l o a d i n g   D : / G P
 / C o d e / m o b i l e _
 f r o n t e n d / C h e c
 k - C o n t e n t 
 
                          
                          
                      ^
failures.txt:1:79: Error: 
Expected ';' after this.
∩┐╜∩┐╜0 0 : 0 0   + 0 :  
 l o a d i n g   D : / G P
 / C o d e / m o b i l e _
 f r o n t e n d / C h e c
 k - C o n t e n t 
 
                          
                          
                          
^
failures.txt:1:83: Error: 
Expected ';' after this.
∩┐╜∩┐╜0 0 : 0 0   + 0 :  
 l o a d i n g   D : / G P
 / C o d e / m o b i l e _
 f r o n t e n d / C h e c
 k - C o n t e n t 
 
                          
                          
                          
    ^
failures.txt:1:87: Error: 
Expected ';' after this.
∩┐╜∩┐╜0 0 : 0 0   + 0 :  
 l o a d i n g   D : / G P
 / C o d e / m o b i l e _
 f r o n t e n d / C h e c
 k - C o n t e n t 
 
                          
                          
                          
        ^
failures.txt:1:89: Error: 
Variables must be 
declared using the 
keywords 'const', 
'final', 'var' or a type 
name.
Try adding the name of 
the type of the variable 
or the keyword 'var'.
∩┐╜∩┐╜0 0 : 0 0   + 0 :  
 l o a d i n g   D : / G P
 / C o d e / m o b i l e _
 f r o n t e n d / C h e c
 k - C o n t e n t 
 
                          
                          
                          
          ^
failures.txt:1:89: Error: 
Expected ';' after this.
∩┐╜∩┐╜0 0 : 0 0   + 0 :  
 l o a d i n g   D : / G P
 / C o d e / m o b i l e _
 f r o n t e n d / C h e c
 k - C o n t e n t 
 
                          
                          
                          
          ^
failures.txt:1:91: Error: 
Expected a declaration, 
but got '/'.
∩┐╜∩┐╜0 0 : 0 0   + 0 :  
 l o a d i n g   D : / G P
 / C o d e / m o b i l e _
 f r o n t e n d / C h e c
 k - C o n t e n t 
 
                          
                          
                          
            ^
failures.txt:1:95: Error: 
Expected ';' after this.
∩┐╜∩┐╜0 0 : 0 0   + 0 :  
 l o a d i n g   D : / G P
 / C o d e / m o b i l e _
 f r o n t e n d / C h e c
 k - C o n t e n t 
 
                          
                          
                          
            ^
failures.txt:1:99: Error: 
Expected ';' after this.
∩┐╜∩┐╜0 0 : 0 0   + 0 :  
 l o a d i n g   D : / G P
 / C o d e / m o b i l e _
 f r o n t e n d / C h e c
 k - C o n t e n t 
 
                          
                          
                          
            ^
failures.txt:1:101: 
Error: Variables must be 
declared using the 
keywords 'const', 
'final', 'var' or a type 
name.
Try adding the name of 
the type of the variable 
or the keyword 'var'.
∩┐╜∩┐╜0 0 : 0 0   + 0 :  
 l o a d i n g   D : / G P
 / C o d e / m o b i l e _
 f r o n t e n d / C h e c
 k - C o n t e n t 
 
                          
                          
                          
            ^
failures.txt:1:101: 
Error: Expected ';' after 
this.
∩┐╜∩┐╜0 0 : 0 0   + 0 :  
 l o a d i n g   D : / G P
 / C o d e / m o b i l e _
 f r o n t e n d / C h e c
 k - C o n t e n t 
 
                          
                          
                          
            ^
failures.txt:1:103: 
Error: Expected a 
declaration, but got '-'.
∩┐╜∩┐╜0 0 : 0 0   + 0 :  
 l o a d i n g   D : / G P
 / C o d e / m o b i l e _
 f r o n t e n d / C h e c
 k - C o n t e n t 
 
                          
                          
                          
            ^
failures.txt:1:107: 
Error: Expected ';' after 
this.
∩┐╜∩┐╜0 0 : 0 0   + 0 :  
 l o a d i n g   D : / G P
 / C o d e / m o b i l e _
 f r o n t e n d / C h e c
 k - C o n t e n t 
 
                          
                          
                          
            ^
failures.txt:1:111: 
Error: Expected ';' after 
this.
∩┐╜∩┐╜0 0 : 0 0   + 0 :  
 l o a d i n g   D : / G P
 / C o d e / m o b i l e _
 f r o n t e n d / C h e c
 k - C o n t e n t 
 
                          
                          
                          
            ^
failures.txt:1:115: 
Error: Expected ';' after 
this.
∩┐╜∩┐╜0 0 : 0 0   + 0 :  
 l o a d i n g   D : / G P
 / C o d e / m o b i l e _
 f r o n t e n d / C h e c
 k - C o n t e n t 
 
                          
                          
                          
            ^
failures.txt:1:117: 
Error: Variables must be 
declared using the 
keywords 'const', 
'final', 'var' or a type 
name.
Try adding the name of 
the type of the variable 
or the keyword 'var'.
∩┐╜∩┐╜0 0 : 0 0   + 0 :  
 l o a d i n g   D : / G P
 / C o d e / m o b i l e _
 f r o n t e n d / C h e c
 k - C o n t e n t 
 
                          
                          
                          
            ^
failures.txt:1:117: 
Error: Expected ';' after 
this.
∩┐╜∩┐╜0 0 : 0 0   + 0 :  
 l o a d i n g   D : / G P
 / C o d e / m o b i l e _
 f r o n t e n d / C h e c
 k - C o n t e n t 
 
                          
                          
                          
            ^
failures.txt:2:2: Error: 
Expected a declaration, 
but got '0'.
 0 0 : 0 0   + 0   - 1 :  
 l o a d i n g   D : / G P
 / C o d e / m o b i l e _
 f r o n t e n d / C h e c
 k - C o n t e n t  
 [ E ] 
 
 ^
failures.txt:2:4: Error: 
Expected a declaration, 
but got '0'.
 0 0 : 0 0   + 0   - 1 :  
 l o a d i n g   D : / G P
 / C o d e / m o b i l e _
 f r o n t e n d / C h e c
 k - C o n t e n t  
 [ E ] 
 
   ^
failures.txt:2:6: Error: 
Expected a declaration, 
but got ':'.
 0 0 : 0 0   + 0   - 1 :  
 l o a d i n g   D : / G P
 / C o d e / m o b i l e _
 f r o n t e n d / C h e c
 k - C o n t e n t  
 [ E ] 
 
     ^
failures.txt:2:8: Error: 
Expected a declaration, 
but got '0'.
 0 0 : 0 0   + 0   - 1 :  
 l o a d i n g   D : / G P
 / C o d e / m o b i l e _
 f r o n t e n d / C h e c
 k - C o n t e n t  
 [ E ] 
 
       ^
failures.txt:2:10: Error: 
Expected a declaration, 
but got '0'.
 0 0 : 0 0   + 0   - 1 :  
 l o a d i n g   D : / G P
 / C o d e / m o b i l e _
 f r o n t e n d / C h e c
 k - C o n t e n t  
 [ E ] 
 
         ^
failures.txt:2:14: Error: 
Expected a declaration, 
but got '+'.
 0 0 : 0 0   + 0   - 1 :  
 l o a d i n g   D : / G P
 / C o d e / m o b i l e _
 f r o n t e n d / C h e c
 k - C o n t e n t  
 [ E ] 
 
             ^
failures.txt:2:16: Error: 
Expected a declaration, 
but got '0'.
 0 0 : 0 0   + 0   - 1 :  
 l o a d i n g   D : / G P
 / C o d e / m o b i l e _
 f r o n t e n d / C h e c
 k - C o n t e n t  
 [ E ] 
 
               ^
failures.txt:2:20: Error: 
Expected a declaration, 
but got '-'.
 0 0 : 0 0   + 0   - 1 :  
 l o a d i n g   D : / G P
 / C o d e / m o b i l e _
 f r o n t e n d / C h e c
 k - C o n t e n t  
 [ E ] 
 
                   ^
failures.txt:2:22: Error: 
Expected a declaration, 
but got '1'.
 0 0 : 0 0   + 0   - 1 :  
 l o a d i n g   D : / G P
 / C o d e / m o b i l e _
 f r o n t e n d / C h e c
 k - C o n t e n t  
 [ E ] 
 
                     ^
failures.txt:2:24: Error: 
Expected a declaration, 
but got ':'.
 0 0 : 0 0   + 0   - 1 :  
 l o a d i n g   D : / G P
 / C o d e / m o b i l e _
 f r o n t e n d / C h e c
 k - C o n t e n t  
 [ E ] 
 
                       ^
failures.txt:2:30: Error: 
Expected ';' after this.
 0 0 : 0 0   + 0   - 1 :  
 l o a d i n g   D : / G P
 / C o d e / m o b i l e _
 f r o n t e n d / C h e c
 k - C o n t e n t  
 [ E ] 
 
                          
   ^
failures.txt:2:34: Error: 
Expected ';' after this.
 0 0 : 0 0   + 0   - 1 :  
 l o a d i n g   D : / G P
 / C o d e / m o b i l e _
 f r o n t e n d / C h e c
 k - C o n t e n t  
 [ E ] 
 
                          
       ^
failures.txt:2:38: Error: 
Expected ';' after this.
 0 0 : 0 0   + 0   - 1 :  
 l o a d i n g   D : / G P
 / C o d e / m o b i l e _
 f r o n t e n d / C h e c
 k - C o n t e n t  
 [ E ] 
 
                          
           ^
failures.txt:2:44: Error: 
Expected ';' after this.
 0 0 : 0 0   + 0   - 1 :  
 l o a d i n g   D : / G P
 / C o d e / m o b i l e _
 f r o n t e n d / C h e c
 k - C o n t e n t  
 [ E ] 
 
                          
                 ^
failures.txt:2:46: Error: 
Expected a declaration, 
but got ':'.
 0 0 : 0 0   + 0   - 1 :  
 l o a d i n g   D : / G P
 / C o d e / m o b i l e _
 f r o n t e n d / C h e c
 k - C o n t e n t  
 [ E ] 
 
                          
                   ^
failures.txt:2:48: Error: 
Expected a declaration, 
but got '/'.
 0 0 : 0 0   + 0   - 1 :  
 l o a d i n g   D : / G P
 / C o d e / m o b i l e _
 f r o n t e n d / C h e c
 k - C o n t e n t  
 [ E ] 
 
                          
                     ^
failures.txt:2:52: Error: 
Expected ';' after this.
 0 0 : 0 0   + 0   - 1 :  
 l o a d i n g   D : / G P
 / C o d e / m o b i l e _
 f r o n t e n d / C h e c
 k - C o n t e n t  
 [ E ] 
 
                          
                         ^
failures.txt:2:54: Error: 
Expected a declaration, 
but got '/'.
 0 0 : 0 0   + 0   - 1 :  
 l o a d i n g   D : / G P
 / C o d e / m o b i l e _
 f r o n t e n d / C h e c
 k - C o n t e n t  
 [ E ] 
 
                          
                          
 ^
failures.txt:2:58: Error: 
Expected ';' after this.
 0 0 : 0 0   + 0   - 1 :  
 l o a d i n g   D : / G P
 / C o d e / m o b i l e _
 f r o n t e n d / C h e c
 k - C o n t e n t  
 [ E ] 
 
                          
                          
     ^
failures.txt:2:62: Error: 
Expected ';' after this.
 0 0 : 0 0   + 0   - 1 :  
 l o a d i n g   D : / G P
 / C o d e / m o b i l e _
 f r o n t e n d / C h e c
 k - C o n t e n t  
 [ E ] 
 
                          
                          
         ^
failures.txt:2:64: Error: 
Expected a declaration, 
but got '/'.
 0 0 : 0 0   + 0   - 1 :  
 l o a d i n g   D : / G P
 / C o d e / m o b i l e _
 f r o n t e n d / C h e c
 k - C o n t e n t  
 [ E ] 
 
                          
                          
           ^
failures.txt:2:68: Error: 
Expected ';' after this.
 0 0 : 0 0   + 0   - 1 :  
 l o a d i n g   D : / G P
 / C o d e / m o b i l e _
 f r o n t e n d / C h e c
 k - C o n t e n t  
 [ E ] 
 
                          
                          
               ^
failures.txt:2:72: Error: 
Expected ';' after this.
 0 0 : 0 0   + 0   - 1 :  
 l o a d i n g   D : / G P
 / C o d e / m o b i l e _
 f r o n t e n d / C h e c
 k - C o n t e n t  
 [ E ] 
 
                          
                          
                   ^
failures.txt:2:76: Error: 
Expected ';' after this.
 0 0 : 0 0   + 0   - 1 :  
 l o a d i n g   D : / G P
 / C o d e / m o b i l e _
 f r o n t e n d / C h e c
 k - C o n t e n t  
 [ E ] 
 
                          
                          
                       ^
failures.txt:2:80: Error: 
Expected ';' after this.
 0 0 : 0 0   + 0   - 1 :  
 l o a d i n g   D : / G P
 / C o d e / m o b i l e _
 f r o n t e n d / C h e c
 k - C o n t e n t  
 [ E ] 
 
                          
                          
                          
 ^
failures.txt:2:84: Error: 
Expected ';' after this.
 0 0 : 0 0   + 0   - 1 :  
 l o a d i n g   D : / G P
 / C o d e / m o b i l e _
 f r o n t e n d / C h e c
 k - C o n t e n t  
 [ E ] 
 
                          
                          
                          
     ^
failures.txt:2:88: Error: 
Expected ';' after this.
 0 0 : 0 0   + 0   - 1 :  
 l o a d i n g   D : / G P
 / C o d e / m o b i l e _
 f r o n t e n d / C h e c
 k - C o n t e n t  
 [ E ] 
 
                          
                          
                          
         ^
failures.txt:2:92: Error: 
Expected ';' after this.
 0 0 : 0 0   + 0   - 1 :  
 l o a d i n g   D : / G P
 / C o d e / m o b i l e _
 f r o n t e n d / C h e c
 k - C o n t e n t  
 [ E ] 
 
                          
                          
                          
            ^
failures.txt:2:94: Error: 
Variables must be 
declared using the 
keywords 'const', 
'final', 'var' or a type 
name.
Try adding the name of 
the type of the variable 
or the keyword 'var'.
 0 0 : 0 0   + 0   - 1 :  
 l o a d i n g   D : / G P
 / C o d e / m o b i l e _
 f r o n t e n d / C h e c
 k - C o n t e n t  
 [ E ] 
 
                          
                          
                          
            ^
failures.txt:2:94: Error: 
Expected ';' after this.
 0 0 : 0 0   + 0   - 1 :  
 l o a d i n g   D : / G P
 / C o d e / m o b i l e _
 f r o n t e n d / C h e c
 k - C o n t e n t  
 [ E ] 
 
                          
                          
                          
            ^
failures.txt:2:96: Error: 
Expected a declaration, 
but got '/'.
 0 0 : 0 0   + 0   - 1 :  
 l o a d i n g   D : / G P
 / C o d e / m o b i l e _
 f r o n t e n d / C h e c
 k - C o n t e n t  
 [ E ] 
 
                          
                          
                          
            ^
failures.txt:2:100: 
Error: Expected ';' after 
this.
 0 0 : 0 0   + 0   - 1 :  
 l o a d i n g   D : / G P
 / C o d e / m o b i l e _
 f r o n t e n d / C h e c
 k - C o n t e n t  
 [ E ] 
 
                          
                          
                          
            ^
failures.txt:2:104: 
Error: Expected ';' after 
this.
 0 0 : 0 0   + 0   - 1 :  
 l o a d i n g   D : / G P
 / C o d e / m o b i l e _
 f r o n t e n d / C h e c
 k - C o n t e n t  
 [ E ] 
 
                          
                          
                          
            ^
failures.txt:2:106: 
Error: Variables must be 
declared using the 
keywords 'const', 
'final', 'var' or a type 
name.
Try adding the name of 
the type of the variable 
or the keyword 'var'.
 0 0 : 0 0   + 0   - 1 :  
 l o a d i n g   D : / G P
 / C o d e / m o b i l e _
 f r o n t e n d / C h e c
 k - C o n t e n t  
 [ E ] 
 
                          
                          
                          
            ^
failures.txt:2:106: 
Error: Expected ';' after 
this.
 0 0 : 0 0   + 0   - 1 :  
 l o a d i n g   D : / G P
 / C o d e / m o b i l e _
 f r o n t e n d / C h e c
 k - C o n t e n t  
 [ E ] 
 
                          
                          
                          
            ^
failures.txt:2:108: 
Error: Expected a 
declaration, but got '-'.
 0 0 : 0 0   + 0   - 1 :  
 l o a d i n g   D : / G P
 / C o d e / m o b i l e _
 f r o n t e n d / C h e c
 k - C o n t e n t  
 [ E ] 
 
                          
                          
                          
            ^
failures.txt:2:112: 
Error: Expected ';' after 
this.
 0 0 : 0 0   + 0   - 1 :  
 l o a d i n g   D : / G P
 / C o d e / m o b i l e _
 f r o n t e n d / C h e c
 k - C o n t e n t  
 [ E ] 
 
                          
                          
                          
            ^
failures.txt:2:116: 
Error: Expected ';' after 
this.
 0 0 : 0 0   + 0   - 1 :  
 l o a d i n g   D : / G P
 / C o d e / m o b i l e _
 f r o n t e n d / C h e c
 k - C o n t e n t  
 [ E ] 
 
                          
                          
                          
            ^
failures.txt:2:120: 
Error: Expected ';' after 
this.
 0 0 : 0 0   + 0   - 1 :  
 l o a d i n g   D : / G P
 / C o d e / m o b i l e _
 f r o n t e n d / C h e c
 k - C o n t e n t  
 [ E ] 
 
                          
                          
                          
            ^
failures.txt:2:122: 
Error: Variables must be 
declared using the 
keywords 'const', 
'final', 'var' or a type 
name.
Try adding the name of 
the type of the variable 
or the keyword 'var'.
 0 0 : 0 0   + 0   - 1 :  
 l o a d i n g   D : / G P
 / C o d e / m o b i l e _
 f r o n t e n d / C h e c
 k - C o n t e n t  
 [ E ] 
 
                          
                          
                          
            ^
failures.txt:2:122: 
Error: Expected ';' after 
this.
 0 0 : 0 0   + 0   - 1 :  
 l o a d i n g   D : / G P
 / C o d e / m o b i l e _
 f r o n t e n d / C h e c
 k - C o n t e n t  
 [ E ] 
 
                          
                          
                          
            ^
failures.txt:2:126: 
Error: Expected a 
declaration, but got '['.
 0 0 : 0 0   + 0   - 1 :  
 l o a d i n g   D : / G P
 / C o d e / m o b i l e _
 f r o n t e n d / C h e c
 k - C o n t e n t  
 [ E ] 
 
                          
                          
                          
            ^
failures.txt:2:128: 
Error: Variables must be 
declared using the 
keywords 'const', 
'final', 'var' or a type 
name.
Try adding the name of 
the type of the variable 
or the keyword 'var'.
 0 0 : 0 0   + 0   - 1 :  
 l o a d i n g   D : / G P
 / C o d e / m o b i l e _
 f r o n t e n d / C h e c
 k - C o n t e n t  
 [ E ] 
 
                          
                          
                          
            ^
failures.txt:2:128: 
Error: Expected ';' after 
this.
 0 0 : 0 0   + 0   - 1 :  
 l o a d i n g   D : / G P
 / C o d e / m o b i l e _
 f r o n t e n d / C h e c
 k - C o n t e n t  
 [ E ] 
 
                          
                          
                          
            ^
failures.txt:2:130: 
Error: Expected a 
declaration, but got ']'.
 0 0 : 0 0   + 0   - 1 :  
 l o a d i n g   D : / G P
 / C o d e / m o b i l e _
 f r o n t e n d / C h e c
 k - C o n t e n t  
 [ E ] 
 
                          
                          
                          
            ^
failures.txt:3:8: Error: 
Expected ';' after this.
     F a i l e d   t o  
 l o a d   " D : / G P / C
 o d e / m o b i l e _ f r
 o n t e n d / C h e c k -
 C o n t e n t " :  
 D o e s   n o t  
 e x i s t . 
 
       ^
failures.txt:3:12: Error: 
Expected ';' after this.
     F a i l e d   t o  
 l o a d   " D : / G P / C
 o d e / m o b i l e _ f r
 o n t e n d / C h e c k -
 C o n t e n t " :  
 D o e s   n o t  
 e x i s t . 
 
           ^
failures.txt:3:16: Error: 
Expected ';' after this.
     F a i l e d   t o  
 l o a d   " D : / G P / C
 o d e / m o b i l e _ f r
 o n t e n d / C h e c k -
 C o n t e n t " :  
 D o e s   n o t  
 e x i s t . 
 
               ^
failures.txt:3:22: Error: 
Expected ';' after this.
     F a i l e d   t o  
 l o a d   " D : / G P / C
 o d e / m o b i l e _ f r
 o n t e n d / C h e c k -
 C o n t e n t " :  
 D o e s   n o t  
 e x i s t . 
 
                     ^
failures.txt:3:28: Error: 
Expected ';' after this.
     F a i l e d   t o  
 l o a d   " D : / G P / C
 o d e / m o b i l e _ f r
 o n t e n d / C h e c k -
 C o n t e n t " :  
 D o e s   n o t  
 e x i s t . 
 
                          
 ^
failures.txt:3:32: Error: 
Expected ';' after this.
     F a i l e d   t o  
 l o a d   " D : / G P / C
 o d e / m o b i l e _ f r
 o n t e n d / C h e c k -
 C o n t e n t " :  
 D o e s   n o t  
 e x i s t . 
 
                          
     ^
failures.txt:3:36: Error: 
Expected a declaration, 
but got '" D : / G P / C o
 d e / m o b i l e _ f r o
 n t e n d / C h e c k - C
 o n t e n t "'.
     F a i l e d   t o  
 l o a d   " D : / G P / C
 o d e / m o b i l e _ f r
 o n t e n d / C h e c k -
 C o n t e n t " :  
 D o e s   n o t  
 e x i s t . 
 
                          
         ^^^^^^^^^^^^^^^^^
^^^^^^^^^^^^^^^^^^^^^^^^^^
^^^^^^^^^^^^^^^^^^^^^^^^^^
^^^^^^^^^^^^^^
failures.txt:3:120: 
Error: Expected a 
declaration, but got ':'.
     F a i l e d   t o  
 l o a d   " D : / G P / C
 o d e / m o b i l e _ f r
 o n t e n d / C h e c k -
 C o n t e n t " :  
 D o e s   n o t  
 e x i s t . 
 
                          
                          
                          
            ^
failures.txt:3:126: 
Error: Expected ';' after 
this.
     F a i l e d   t o  
 l o a d   " D : / G P / C
 o d e / m o b i l e _ f r
 o n t e n d / C h e c k -
 C o n t e n t " :  
 D o e s   n o t  
 e x i s t . 
 
                          
                          
                          
            ^
failures.txt:3:130: 
Error: Expected ';' after 
this.
     F a i l e d   t o  
 l o a d   " D : / G P / C
 o d e / m o b i l e _ f r
 o n t e n d / C h e c k -
 C o n t e n t " :  
 D o e s   n o t  
 e x i s t . 
 
                          
                          
                          
            ^
failures.txt:3:136: 
Error: Expected ';' after 
this.
     F a i l e d   t o  
 l o a d   " D : / G P / C
 o d e / m o b i l e _ f r
 o n t e n d / C h e c k -
 C o n t e n t " :  
 D o e s   n o t  
 e x i s t . 
 
                          
                          
                          
            ^
failures.txt:3:142: 
Error: Expected ';' after 
this.
     F a i l e d   t o  
 l o a d   " D : / G P / C
 o d e / m o b i l e _ f r
 o n t e n d / C h e c k -
 C o n t e n t " :  
 D o e s   n o t  
 e x i s t . 
 
                          
                          
                          
            ^
failures.txt:3:146: 
Error: Expected ';' after 
this.
     F a i l e d   t o  
 l o a d   " D : / G P / C
 o d e / m o b i l e _ f r
 o n t e n d / C h e c k -
 C o n t e n t " :  
 D o e s   n o t  
 e x i s t . 
 
                          
                          
                          
            ^
failures.txt:3:150: 
Error: A function 
declaration needs an 
explicit list of 
parameters.
Try adding a parameter 
list to the function 
declaration.
     F a i l e d   t o  
 l o a d   " D : / G P / C
 o d e / m o b i l e _ f r
 o n t e n d / C h e c k -
 C o n t e n t " :  
 D o e s   n o t  
 e x i s t . 
 
                          
                          
                          
            ^
failures.txt:3:152: 
Error: Expected '{' 
before this.
     F a i l e d   t o  
 l o a d   " D : / G P / C
 o d e / m o b i l e _ f r
 o n t e n d / C h e c k -
 C o n t e n t " :  
 D o e s   n o t  
 e x i s t . 
 
                          
                          
                          
            ^
failures.txt:3:152: 
Error: Expected a 
declaration, but got '.'.
     F a i l e d   t o  
 l o a d   " D : / G P / C
 o d e / m o b i l e _ f r
 o n t e n d / C h e c k -
 C o n t e n t " :  
 D o e s   n o t  
 e x i s t . 
 
                          
                          
                          
            ^
failures.txt:1:53: Error: 
'o' is already declared 
in this scope.
∩┐╜∩┐╜0 0 : 0 0   + 0 :  
 l o a d i n g   D : / G P
 / C o d e / m o b i l e _
 f r o n t e n d / C h e c
 k - C o n t e n t 
 
                          
                          
^
failures.txt:1:25: 
Context: Previous 
declaration of 'o'.
∩┐╜∩┐╜0 0 : 0 0   + 0 :  
 l o a d i n g   D : / G P
 / C o d e / m o b i l e _
 f r o n t e n d / C h e c
 k - C o n t e n t 
 
                        ^
failures.txt:1:63: Error: 
'o' is already declared 
in this scope.
∩┐╜∩┐╜0 0 : 0 0   + 0 :  
 l o a d i n g   D : / G P
 / C o d e / m o b i l e _
 f r o n t e n d / C h e c
 k - C o n t e n t 
 
                          
                          
          ^
failures.txt:1:25: 
Context: Previous 
declaration of 'o'.
∩┐╜∩┐╜0 0 : 0 0   + 0 :  
 l o a d i n g   D : / G P
 / C o d e / m o b i l e _
 f r o n t e n d / C h e c
 k - C o n t e n t 
 
                        ^
failures.txt:1:79: Error: 
'o' is already declared 
in this scope.
∩┐╜∩┐╜0 0 : 0 0   + 0 :  
 l o a d i n g   D : / G P
 / C o d e / m o b i l e _
 f r o n t e n d / C h e c
 k - C o n t e n t 
 
                          
                          
                          
^
failures.txt:1:25: 
Context: Previous 
declaration of 'o'.
∩┐╜∩┐╜0 0 : 0 0   + 0 :  
 l o a d i n g   D : / G P
 / C o d e / m o b i l e _
 f r o n t e n d / C h e c
 k - C o n t e n t 
 
                        ^
failures.txt:1:107: 
Error: 'o' is already 
declared in this scope.
∩┐╜∩┐╜0 0 : 0 0   + 0 :  
 l o a d i n g   D : / G P
 / C o d e / m o b i l e _
 f r o n t e n d / C h e c
 k - C o n t e n t 
 
                          
                          
                          
            ^
failures.txt:1:25: 
Context: Previous 
declaration of 'o'.
∩┐╜∩┐╜0 0 : 0 0   + 0 :  
 l o a d i n g   D : / G P
 / C o d e / m o b i l e _
 f r o n t e n d / C h e c
 k - C o n t e n t 
 
                        ^
failures.txt:2:30: Error: 
'o' is already declared 
in this scope.
 0 0 : 0 0   + 0   - 1 :  
 l o a d i n g   D : / G P
 / C o d e / m o b i l e _
 f r o n t e n d / C h e c
 k - C o n t e n t  
 [ E ] 
 
                          
   ^
failures.txt:1:25: 
Context: Previous 
declaration of 'o'.
∩┐╜∩┐╜0 0 : 0 0   + 0 :  
 l o a d i n g   D : / G P
 / C o d e / m o b i l e _
 f r o n t e n d / C h e c
 k - C o n t e n t 
 
                        ^
failures.txt:2:58: Error: 
'o' is already declared 
in this scope.
 0 0 : 0 0   + 0   - 1 :  
 l o a d i n g   D : / G P
 / C o d e / m o b i l e _
 f r o n t e n d / C h e c
 k - C o n t e n t  
 [ E ] 
 
                          
                          
     ^
failures.txt:1:25: 
Context: Previous 
declaration of 'o'.
∩┐╜∩┐╜0 0 : 0 0   + 0 :  
 l o a d i n g   D : / G P
 / C o d e / m o b i l e _
 f r o n t e n d / C h e c
 k - C o n t e n t 
 
                        ^
failures.txt:2:68: Error: 
'o' is already declared 
in this scope.
 0 0 : 0 0   + 0   - 1 :  
 l o a d i n g   D : / G P
 / C o d e / m o b i l e _
 f r o n t e n d / C h e c
 k - C o n t e n t  
 [ E ] 
 
                          
                          
               ^
failures.txt:1:25: 
Context: Previous 
declaration of 'o'.
∩┐╜∩┐╜0 0 : 0 0   + 0 :  
 l o a d i n g   D : / G P
 / C o d e / m o b i l e _
 f r o n t e n d / C h e c
 k - C o n t e n t 
 
                        ^
failures.txt:2:84: Error: 
'o' is already declared 
in this scope.
 0 0 : 0 0   + 0   - 1 :  
 l o a d i n g   D : / G P
 / C o d e / m o b i l e _
 f r o n t e n d / C h e c
 k - C o n t e n t  
 [ E ] 
 
                          
                          
                          
     ^
failures.txt:1:25: 
Context: Previous 
declaration of 'o'.
∩┐╜∩┐╜0 0 : 0 0   + 0 :  
 l o a d i n g   D : / G P
 / C o d e / m o b i l e _
 f r o n t e n d / C h e c
 k - C o n t e n t 
 
                        ^
failures.txt:2:112: 
Error: 'o' is already 
declared in this scope.
 0 0 : 0 0   + 0   - 1 :  
 l o a d i n g   D : / G P
 / C o d e / m o b i l e _
 f r o n t e n d / C h e c
 k - C o n t e n t  
 [ E ] 
 
                          
                          
                          
            ^
failures.txt:1:25: 
Context: Previous 
declaration of 'o'.
∩┐╜∩┐╜0 0 : 0 0   + 0 :  
 l o a d i n g   D : / G P
 / C o d e / m o b i l e _
 f r o n t e n d / C h e c
 k - C o n t e n t 
 
                        ^
failures.txt:3:22: Error: 
'o' is already declared 
in this scope.
     F a i l e d   t o  
 l o a d   " D : / G P / C
 o d e / m o b i l e _ f r
 o n t e n d / C h e c k -
 C o n t e n t " :  
 D o e s   n o t  
 e x i s t . 
 
                     ^
failures.txt:1:25: 
Context: Previous 
declaration of 'o'.
∩┐╜∩┐╜0 0 : 0 0   + 0 :  
 l o a d i n g   D : / G P
 / C o d e / m o b i l e _
 f r o n t e n d / C h e c
 k - C o n t e n t 
 
                        ^
failures.txt:3:28: Error: 
'o' is already declared 
in this scope.
     F a i l e d   t o  
 l o a d   " D : / G P / C
 o d e / m o b i l e _ f r
 o n t e n d / C h e c k -
 C o n t e n t " :  
 D o e s   n o t  
 e x i s t . 
 
                          
 ^
failures.txt:1:25: 
Context: Previous 
declaration of 'o'.
∩┐╜∩┐╜0 0 : 0 0   + 0 :  
 l o a d i n g   D : / G P
 / C o d e / m o b i l e _
 f r o n t e n d / C h e c
 k - C o n t e n t 
 
                        ^
failures.txt:3:126: 
Error: 'o' is already 
declared in this scope.
     F a i l e d   t o  
 l o a d   " D : / G P / C
 o d e / m o b i l e _ f r
 o n t e n d / C h e c k -
 C o n t e n t " :  
 D o e s   n o t  
 e x i s t . 
 
                          
                          
                          
            ^
failures.txt:1:25: 
Context: Previous 
declaration of 'o'.
∩┐╜∩┐╜0 0 : 0 0   + 0 :  
 l o a d i n g   D : / G P
 / C o d e / m o b i l e _
 f r o n t e n d / C h e c
 k - C o n t e n t 
 
                        ^
failures.txt:3:136: 
Error: 'o' is already 
declared in this scope.
     F a i l e d   t o  
 l o a d   " D : / G P / C
 o d e / m o b i l e _ f r
 o n t e n d / C h e c k -
 C o n t e n t " :  
 D o e s   n o t  
 e x i s t . 
 
                          
                          
                          
            ^
failures.txt:1:25: 
Context: Previous 
declaration of 'o'.
∩┐╜∩┐╜0 0 : 0 0   + 0 :  
 l o a d i n g   D : / G P
 / C o d e / m o b i l e _
 f r o n t e n d / C h e c
 k - C o n t e n t 
 
                        ^
failures.txt:1:89: Error: 
'd' is already declared 
in this scope.
∩┐╜∩┐╜0 0 : 0 0   + 0 :  
 l o a d i n g   D : / G P
 / C o d e / m o b i l e _
 f r o n t e n d / C h e c
 k - C o n t e n t 
 
                          
                          
                          
          ^
failures.txt:1:29: 
Context: Previous 
declaration of 'd'.
∩┐╜∩┐╜0 0 : 0 0   + 0 :  
 l o a d i n g   D : / G P
 / C o d e / m o b i l e _
 f r o n t e n d / C h e c
 k - C o n t e n t 
 
                          
  ^
failures.txt:2:34: Error: 
'd' is already declared 
in this scope.
 0 0 : 0 0   + 0   - 1 :  
 l o a d i n g   D : / G P
 / C o d e / m o b i l e _
 f r o n t e n d / C h e c
 k - C o n t e n t  
 [ E ] 
 
                          
       ^
failures.txt:1:29: 
Context: Previous 
declaration of 'd'.
∩┐╜∩┐╜0 0 : 0 0   + 0 :  
 l o a d i n g   D : / G P
 / C o d e / m o b i l e _
 f r o n t e n d / C h e c
 k - C o n t e n t 
 
                          
  ^
failures.txt:2:94: Error: 
'd' is already declared 
in this scope.
 0 0 : 0 0   + 0   - 1 :  
 l o a d i n g   D : / G P
 / C o d e / m o b i l e _
 f r o n t e n d / C h e c
 k - C o n t e n t  
 [ E ] 
 
                          
                          
                          
            ^
failures.txt:1:29: 
Context: Previous 
declaration of 'd'.
∩┐╜∩┐╜0 0 : 0 0   + 0 :  
 l o a d i n g   D : / G P
 / C o d e / m o b i l e _
 f r o n t e n d / C h e c
 k - C o n t e n t 
 
                          
  ^
failures.txt:3:16: Error: 
'd' is already declared 
in this scope.
     F a i l e d   t o  
 l o a d   " D : / G P / C
 o d e / m o b i l e _ f r
 o n t e n d / C h e c k -
 C o n t e n t " :  
 D o e s   n o t  
 e x i s t . 
 
               ^
failures.txt:1:29: 
Context: Previous 
declaration of 'd'.
∩┐╜∩┐╜0 0 : 0 0   + 0 :  
 l o a d i n g   D : / G P
 / C o d e / m o b i l e _
 f r o n t e n d / C h e c
 k - C o n t e n t 
 
                          
  ^
failures.txt:3:32: Error: 
'd' is already declared 
in this scope.
     F a i l e d   t o  
 l o a d   " D : / G P / C
 o d e / m o b i l e _ f r
 o n t e n d / C h e c k -
 C o n t e n t " :  
 D o e s   n o t  
 e x i s t . 
 
                          
     ^
failures.txt:1:29: 
Context: Previous 
declaration of 'd'.
∩┐╜∩┐╜0 0 : 0 0   + 0 :  
 l o a d i n g   D : / G P
 / C o d e / m o b i l e _
 f r o n t e n d / C h e c
 k - C o n t e n t 
 
                          
  ^
failures.txt:1:87: Error: 
'n' is already declared 
in this scope.
∩┐╜∩┐╜0 0 : 0 0   + 0 :  
 l o a d i n g   D : / G P
 / C o d e / m o b i l e _
 f r o n t e n d / C h e c
 k - C o n t e n t 
 
                          
                          
                          
        ^
failures.txt:1:33: 
Context: Previous 
declaration of 'n'.
∩┐╜∩┐╜0 0 : 0 0   + 0 :  
 l o a d i n g   D : / G P
 / C o d e / m o b i l e _
 f r o n t e n d / C h e c
 k - C o n t e n t 
 
                          
      ^
failures.txt:1:115: 
Error: 'n' is already 
declared in this scope.
∩┐╜∩┐╜0 0 : 0 0   + 0 :  
 l o a d i n g   D : / G P
 / C o d e / m o b i l e _
 f r o n t e n d / C h e c
 k - C o n t e n t 
 
                          
                          
                          
            ^
failures.txt:1:33: 
Context: Previous 
declaration of 'n'.
∩┐╜∩┐╜0 0 : 0 0   + 0 :  
 l o a d i n g   D : / G P
 / C o d e / m o b i l e _
 f r o n t e n d / C h e c
 k - C o n t e n t 
 
                          
      ^
failures.txt:2:38: Error: 
'n' is already declared 
in this scope.
 0 0 : 0 0   + 0   - 1 :  
 l o a d i n g   D : / G P
 / C o d e / m o b i l e _
 f r o n t e n d / C h e c
 k - C o n t e n t  
 [ E ] 
 
                          
           ^
failures.txt:1:33: 
Context: Previous 
declaration of 'n'.
∩┐╜∩┐╜0 0 : 0 0   + 0 :  
 l o a d i n g   D : / G P
 / C o d e / m o b i l e _
 f r o n t e n d / C h e c
 k - C o n t e n t 
 
                          
      ^
failures.txt:2:92: Error: 
'n' is already declared 
in this scope.
 0 0 : 0 0   + 0   - 1 :  
 l o a d i n g   D : / G P
 / C o d e / m o b i l e _
 f r o n t e n d / C h e c
 k - C o n t e n t  
 [ E ] 
 
                          
                          
                          
            ^
failures.txt:1:33: 
Context: Previous 
declaration of 'n'.
∩┐╜∩┐╜0 0 : 0 0   + 0 :  
 l o a d i n g   D : / G P
 / C o d e / m o b i l e _
 f r o n t e n d / C h e c
 k - C o n t e n t 
 
                          
      ^
failures.txt:2:120: 
Error: 'n' is already 
declared in this scope.
 0 0 : 0 0   + 0   - 1 :  
 l o a d i n g   D : / G P
 / C o d e / m o b i l e _
 f r o n t e n d / C h e c
 k - C o n t e n t  
 [ E ] 
 
                          
                          
                          
            ^
failures.txt:1:33: 
Context: Previous 
declaration of 'n'.
∩┐╜∩┐╜0 0 : 0 0   + 0 :  
 l o a d i n g   D : / G P
 / C o d e / m o b i l e _
 f r o n t e n d / C h e c
 k - C o n t e n t 
 
                          
      ^
failures.txt:2:44: Error: 
'D' is already declared 
in this scope.
 0 0 : 0 0   + 0   - 1 :  
 l o a d i n g   D : / G P
 / C o d e / m o b i l e _
 f r o n t e n d / C h e c
 k - C o n t e n t  
 [ E ] 
 
                          
                 ^
failures.txt:1:39: 
Context: Previous 
declaration of 'D'.
∩┐╜∩┐╜0 0 : 0 0   + 0 :  
 l o a d i n g   D : / G P
 / C o d e / m o b i l e _
 f r o n t e n d / C h e c
 k - C o n t e n t 
 
                          
            ^
failures.txt:2:52: Error: 
'P' is already declared 
in this scope.
 0 0 : 0 0   + 0   - 1 :  
 l o a d i n g   D : / G P
 / C o d e / m o b i l e _
 f r o n t e n d / C h e c
 k - C o n t e n t  
 [ E ] 
 
                          
                         ^
failures.txt:1:47: 
Context: Previous 
declaration of 'P'.
∩┐╜∩┐╜0 0 : 0 0   + 0 :  
 l o a d i n g   D : / G P
 / C o d e / m o b i l e _
 f r o n t e n d / C h e c
 k - C o n t e n t 
 
                          
                    ^
failures.txt:1:71: Error: 
'e' is already declared 
in this scope.
∩┐╜∩┐╜0 0 : 0 0   + 0 :  
 l o a d i n g   D : / G P
 / C o d e / m o b i l e _
 f r o n t e n d / C h e c
 k - C o n t e n t 
 
                          
                          
                  ^
failures.txt:1:57: 
Context: Previous 
declaration of 'e'.
∩┐╜∩┐╜0 0 : 0 0   + 0 :  
 l o a d i n g   D : / G P
 / C o d e / m o b i l e _
 f r o n t e n d / C h e c
 k - C o n t e n t 
 
                          
                          
    ^
failures.txt:2:62: Error: 
'e' is already declared 
in this scope.
 0 0 : 0 0   + 0   - 1 :  
 l o a d i n g   D : / G P
 / C o d e / m o b i l e _
 f r o n t e n d / C h e c
 k - C o n t e n t  
 [ E ] 
 
                          
                          
         ^
failures.txt:1:57: 
Context: Previous 
declaration of 'e'.
∩┐╜∩┐╜0 0 : 0 0   + 0 :  
 l o a d i n g   D : / G P
 / C o d e / m o b i l e _
 f r o n t e n d / C h e c
 k - C o n t e n t 
 
                          
                          
    ^
failures.txt:2:76: Error: 
'e' is already declared 
in this scope.
 0 0 : 0 0   + 0   - 1 :  
 l o a d i n g   D : / G P
 / C o d e / m o b i l e _
 f r o n t e n d / C h e c
 k - C o n t e n t  
 [ E ] 
 
                          
                          
                       ^
failures.txt:1:57: 
Context: Previous 
declaration of 'e'.
∩┐╜∩┐╜0 0 : 0 0   + 0 :  
 l o a d i n g   D : / G P
 / C o d e / m o b i l e _
 f r o n t e n d / C h e c
 k - C o n t e n t 
 
                          
                          
    ^
failures.txt:3:142: 
Error: 'e' is already 
declared in this scope.
     F a i l e d   t o  
 l o a d   " D : / G P / C
 o d e / m o b i l e _ f r
 o n t e n d / C h e c k -
 C o n t e n t " :  
 D o e s   n o t  
 e x i s t . 
 
                          
                          
                          
            ^
failures.txt:1:57: 
Context: Previous 
declaration of 'e'.
∩┐╜∩┐╜0 0 : 0 0   + 0 :  
 l o a d i n g   D : / G P
 / C o d e / m o b i l e _
 f r o n t e n d / C h e c
 k - C o n t e n t 
 
                          
                          
    ^
failures.txt:2:72: Error: 
'i' is already declared 
in this scope.
 0 0 : 0 0   + 0   - 1 :  
 l o a d i n g   D : / G P
 / C o d e / m o b i l e _
 f r o n t e n d / C h e c
 k - C o n t e n t  
 [ E ] 
 
                          
                          
                   ^
failures.txt:1:67: 
Context: Previous 
declaration of 'i'.
∩┐╜∩┐╜0 0 : 0 0   + 0 :  
 l o a d i n g   D : / G P
 / C o d e / m o b i l e _
 f r o n t e n d / C h e c
 k - C o n t e n t 
 
                          
                          
              ^
failures.txt:3:146: 
Error: 'i' is already 
declared in this scope.
     F a i l e d   t o  
 l o a d   " D : / G P / C
 o d e / m o b i l e _ f r
 o n t e n d / C h e c k -
 C o n t e n t " :  
 D o e s   n o t  
 e x i s t . 
 
                          
                          
                          
            ^
failures.txt:1:67: 
Context: Previous 
declaration of 'i'.
∩┐╜∩┐╜0 0 : 0 0   + 0 :  
 l o a d i n g   D : / G P
 / C o d e / m o b i l e _
 f r o n t e n d / C h e c
 k - C o n t e n t 
 
                          
                          
              ^
failures.txt:2:80: Error: 
'f' is already declared 
in this scope.
 0 0 : 0 0   + 0   - 1 :  
 l o a d i n g   D : / G P
 / C o d e / m o b i l e _
 f r o n t e n d / C h e c
 k - C o n t e n t  
 [ E ] 
 
                          
                          
                          
 ^
failures.txt:1:75: 
Context: Previous 
declaration of 'f'.
∩┐╜∩┐╜0 0 : 0 0   + 0 :  
 l o a d i n g   D : / G P
 / C o d e / m o b i l e _
 f r o n t e n d / C h e c
 k - C o n t e n t 
 
                          
                          
                      ^
failures.txt:1:111: 
Error: 't' is already 
declared in this scope.
∩┐╜∩┐╜0 0 : 0 0   + 0 :  
 l o a d i n g   D : / G P
 / C o d e / m o b i l e _
 f r o n t e n d / C h e c
 k - C o n t e n t 
 
                          
                          
                          
            ^
failures.txt:1:83: 
Context: Previous 
declaration of 't'.
∩┐╜∩┐╜0 0 : 0 0   + 0 :  
 l o a d i n g   D : / G P
 / C o d e / m o b i l e _
 f r o n t e n d / C h e c
 k - C o n t e n t 
 
                          
                          
                          
    ^
failures.txt:1:117: 
Error: 't' is already 
declared in this scope.
∩┐╜∩┐╜0 0 : 0 0   + 0 :  
 l o a d i n g   D : / G P
 / C o d e / m o b i l e _
 f r o n t e n d / C h e c
 k - C o n t e n t 
 
                          
                          
                          
            ^
failures.txt:1:83: 
Context: Previous 
declaration of 't'.
∩┐╜∩┐╜0 0 : 0 0   + 0 :  
 l o a d i n g   D : / G P
 / C o d e / m o b i l e _
 f r o n t e n d / C h e c
 k - C o n t e n t 
 
                          
                          
                          
    ^
failures.txt:2:88: Error: 
't' is already declared 
in this scope.
 0 0 : 0 0   + 0   - 1 :  
 l o a d i n g   D : / G P
 / C o d e / m o b i l e _
 f r o n t e n d / C h e c
 k - C o n t e n t  
 [ E ] 
 
                          
                          
                          
         ^
failures.txt:1:83: 
Context: Previous 
declaration of 't'.
∩┐╜∩┐╜0 0 : 0 0   + 0 :  
 l o a d i n g   D : / G P
 / C o d e / m o b i l e _
 f r o n t e n d / C h e c
 k - C o n t e n t 
 
                          
                          
                          
    ^
failures.txt:2:116: 
Error: 't' is already 
declared in this scope.
 0 0 : 0 0   + 0   - 1 :  
 l o a d i n g   D : / G P
 / C o d e / m o b i l e _
 f r o n t e n d / C h e c
 k - C o n t e n t  
 [ E ] 
 
                          
                          
                          
            ^
failures.txt:1:83: 
Context: Previous 
declaration of 't'.
∩┐╜∩┐╜0 0 : 0 0   + 0 :  
 l o a d i n g   D : / G P
 / C o d e / m o b i l e _
 f r o n t e n d / C h e c
 k - C o n t e n t 
 
                          
                          
                          
    ^
failures.txt:2:122: 
Error: 't' is already 
declared in this scope.
 0 0 : 0 0   + 0   - 1 :  
 l o a d i n g   D : / G P
 / C o d e / m o b i l e _
 f r o n t e n d / C h e c
 k - C o n t e n t  
 [ E ] 
 
                          
                          
                          
            ^
failures.txt:1:83: 
Context: Previous 
declaration of 't'.
∩┐╜∩┐╜0 0 : 0 0   + 0 :  
 l o a d i n g   D : / G P
 / C o d e / m o b i l e _
 f r o n t e n d / C h e c
 k - C o n t e n t 
 
                          
                          
                          
    ^
failures.txt:3:150: 
Error: 't' is already 
declared in this scope.
     F a i l e d   t o  
 l o a d   " D : / G P / C
 o d e / m o b i l e _ f r
 o n t e n d / C h e c k -
 C o n t e n t " :  
 D o e s   n o t  
 e x i s t . 
 
                          
                          
                          
            ^
failures.txt:1:83: 
Context: Previous 
declaration of 't'.
∩┐╜∩┐╜0 0 : 0 0   + 0 :  
 l o a d i n g   D : / G P
 / C o d e / m o b i l e _
 f r o n t e n d / C h e c
 k - C o n t e n t 
 
                          
                          
                          
    ^
failures.txt:2:100: 
Error: 'h' is already 
declared in this scope.
 0 0 : 0 0   + 0   - 1 :  
 l o a d i n g   D : / G P
 / C o d e / m o b i l e _
 f r o n t e n d / C h e c
 k - C o n t e n t  
 [ E ] 
 
                          
                          
                          
            ^
failures.txt:1:95: 
Context: Previous 
declaration of 'h'.
∩┐╜∩┐╜0 0 : 0 0   + 0 :  
 l o a d i n g   D : / G P
 / C o d e / m o b i l e _
 f r o n t e n d / C h e c
 k - C o n t e n t 
 
                          
                          
                          
            ^
failures.txt:2:104: 
Error: 'c' is already 
declared in this scope.
 0 0 : 0 0   + 0   - 1 :  
 l o a d i n g   D : / G P
 / C o d e / m o b i l e _
 f r o n t e n d / C h e c
 k - C o n t e n t  
 [ E ] 
 
                          
                          
                          
            ^
failures.txt:1:99: 
Context: Previous 
declaration of 'c'.
∩┐╜∩┐╜0 0 : 0 0   + 0 :  
 l o a d i n g   D : / G P
 / C o d e / m o b i l e _
 f r o n t e n d / C h e c
 k - C o n t e n t 
 
                          
                          
                          
            ^
failures.txt:2:106: 
Error: 'k' is already 
declared in this scope.
 0 0 : 0 0   + 0   - 1 :  
 l o a d i n g   D : / G P
 / C o d e / m o b i l e _
 f r o n t e n d / C h e c
 k - C o n t e n t  
 [ E ] 
 
                          
                          
                          
            ^
failures.txt:1:101: 
Context: Previous 
declaration of 'k'.
∩┐╜∩┐╜0 0 : 0 0   + 0 :  
 l o a d i n g   D : / G P
 / C o d e / m o b i l e _
 f r o n t e n d / C h e c
 k - C o n t e n t 
 
                          
                          
                          
            ^
failures.txt:1:23: Error: 
'l' isn't a type.
∩┐╜∩┐╜0 0 : 0 0   + 0 :  
 l o a d i n g   D : / G P
 / C o d e / m o b i l e _
 f r o n t e n d / C h e c
 k - C o n t e n t 
 
                      ^
failures.txt:3:12: 
Context: This isn't a 
type.
     F a i l e d   t o  
 l o a d   " D : / G P / C
 o d e / m o b i l e _ f r
 o n t e n d / C h e c k -
 C o n t e n t " :  
 D o e s   n o t  
 e x i s t . 
 
           ^
failures.txt:1:27: Error: 
'a' isn't a type.
∩┐╜∩┐╜0 0 : 0 0   + 0 :  
 l o a d i n g   D : / G P
 / C o d e / m o b i l e _
 f r o n t e n d / C h e c
 k - C o n t e n t 
 
                          
^
failures.txt:3:8: 
Context: This isn't a 
type.
     F a i l e d   t o  
 l o a d   " D : / G P / C
 o d e / m o b i l e _ f r
 o n t e n d / C h e c k -
 C o n t e n t " :  
 D o e s   n o t  
 e x i s t . 
 
       ^
failures.txt:1:31: Error: 
'i' isn't a type.
∩┐╜∩┐╜0 0 : 0 0   + 0 :  
 l o a d i n g   D : / G P
 / C o d e / m o b i l e _
 f r o n t e n d / C h e c
 k - C o n t e n t 
 
                          
    ^
failures.txt:1:31: 
Context: This isn't a 
type.
∩┐╜∩┐╜0 0 : 0 0   + 0 :  
 l o a d i n g   D : / G P
 / C o d e / m o b i l e _
 f r o n t e n d / C h e c
 k - C o n t e n t 
 
                          
    ^
failures.txt:1:35: Error: 
Type 'g' not found.
∩┐╜∩┐╜0 0 : 0 0   + 0 :  
 l o a d i n g   D : / G P
 / C o d e / m o b i l e _
 f r o n t e n d / C h e c
 k - C o n t e n t 
 
                          
        ^
failures.txt:1:45: Error: 
Type 'G' not found.
∩┐╜∩┐╜0 0 : 0 0   + 0 :  
 l o a d i n g   D : / G P
 / C o d e / m o b i l e _
 f r o n t e n d / C h e c
 k - C o n t e n t 
 
                          
                  ^
failures.txt:1:51: Error: 
Type 'C' not found.
∩┐╜∩┐╜0 0 : 0 0   + 0 :  
 l o a d i n g   D : / G P
 / C o d e / m o b i l e _
 f r o n t e n d / C h e c
 k - C o n t e n t 
 
                          
                        ^
failures.txt:1:55: Error: 
'd' isn't a type.
∩┐╜∩┐╜0 0 : 0 0   + 0 :  
 l o a d i n g   D : / G P
 / C o d e / m o b i l e _
 f r o n t e n d / C h e c
 k - C o n t e n t 
 
                          
                          
  ^
failures.txt:1:55: 
Context: This isn't a 
type.
∩┐╜∩┐╜0 0 : 0 0   + 0 :  
 l o a d i n g   D : / G P
 / C o d e / m o b i l e _
 f r o n t e n d / C h e c
 k - C o n t e n t 
 
                          
                          
  ^
failures.txt:1:61: Error: 
Type 'm' not found.
∩┐╜∩┐╜0 0 : 0 0   + 0 :  
 l o a d i n g   D : / G P
 / C o d e / m o b i l e _
 f r o n t e n d / C h e c
 k - C o n t e n t 
 
                          
                          
        ^
failures.txt:1:65: Error: 
Type 'b' not found.
∩┐╜∩┐╜0 0 : 0 0   + 0 :  
 l o a d i n g   D : / G P
 / C o d e / m o b i l e _
 f r o n t e n d / C h e c
 k - C o n t e n t 
 
                          
                          
            ^
failures.txt:1:69: Error: 
'l' isn't a type.
∩┐╜∩┐╜0 0 : 0 0   + 0 :  
 l o a d i n g   D : / G P
 / C o d e / m o b i l e _
 f r o n t e n d / C h e c
 k - C o n t e n t 
 
                          
                          
                ^
failures.txt:3:12: 
Context: This isn't a 
type.
     F a i l e d   t o  
 l o a d   " D : / G P / C
 o d e / m o b i l e _ f r
 o n t e n d / C h e c k -
 C o n t e n t " :  
 D o e s   n o t  
 e x i s t . 
 
           ^
failures.txt:1:73: Error: 
Type '_' not found.
∩┐╜∩┐╜0 0 : 0 0   + 0 :  
 l o a d i n g   D : / G P
 / C o d e / m o b i l e _
 f r o n t e n d / C h e c
 k - C o n t e n t 
 
                          
                          
                    ^
failures.txt:1:77: Error: 
Type 'r' not found.
∩┐╜∩┐╜0 0 : 0 0   + 0 :  
 l o a d i n g   D : / G P
 / C o d e / m o b i l e _
 f r o n t e n d / C h e c
 k - C o n t e n t 
 
                          
                          
                        ^
failures.txt:1:81: Error: 
'n' isn't a type.
∩┐╜∩┐╜0 0 : 0 0   + 0 :  
 l o a d i n g   D : / G P
 / C o d e / m o b i l e _
 f r o n t e n d / C h e c
 k - C o n t e n t 
 
                          
                          
                          
  ^
failures.txt:1:81: 
Context: This isn't a 
type.
∩┐╜∩┐╜0 0 : 0 0   + 0 :  
 l o a d i n g   D : / G P
 / C o d e / m o b i l e _
 f r o n t e n d / C h e c
 k - C o n t e n t 
 
                          
                          
                          
  ^
failures.txt:1:85: Error: 
'e' isn't a type.
∩┐╜∩┐╜0 0 : 0 0   + 0 :  
 l o a d i n g   D : / G P
 / C o d e / m o b i l e _
 f r o n t e n d / C h e c
 k - C o n t e n t 
 
                          
                          
                          
      ^
failures.txt:1:85: 
Context: This isn't a 
type.
∩┐╜∩┐╜0 0 : 0 0   + 0 :  
 l o a d i n g   D : / G P
 / C o d e / m o b i l e _
 f r o n t e n d / C h e c
 k - C o n t e n t 
 
                          
                          
                          
      ^
failures.txt:1:93: Error: 
Type 'C' not found.
∩┐╜∩┐╜0 0 : 0 0   + 0 :  
 l o a d i n g   D : / G P
 / C o d e / m o b i l e _
 f r o n t e n d / C h e c
 k - C o n t e n t 
 
                          
                          
                          
            ^
failures.txt:1:97: Error: 
'e' isn't a type.
∩┐╜∩┐╜0 0 : 0 0   + 0 :  
 l o a d i n g   D : / G P
 / C o d e / m o b i l e _
 f r o n t e n d / C h e c
 k - C o n t e n t 
 
                          
                          
                          
            ^
failures.txt:1:97: 
Context: This isn't a 
type.
∩┐╜∩┐╜0 0 : 0 0   + 0 :  
 l o a d i n g   D : / G P
 / C o d e / m o b i l e _
 f r o n t e n d / C h e c
 k - C o n t e n t 
 
                          
                          
                          
            ^
failures.txt:1:105: 
Error: Type 'C' not found.
∩┐╜∩┐╜0 0 : 0 0   + 0 :  
 l o a d i n g   D : / G P
 / C o d e / m o b i l e _
 f r o n t e n d / C h e c
 k - C o n t e n t 
 
                          
                          
                          
            ^
failures.txt:1:109: 
Error: 'n' isn't a type.
∩┐╜∩┐╜0 0 : 0 0   + 0 :  
 l o a d i n g   D : / G P
 / C o d e / m o b i l e _
 f r o n t e n d / C h e c
 k - C o n t e n t 
 
                          
                          
                          
            ^
failures.txt:1:109: 
Context: This isn't a 
type.
∩┐╜∩┐╜0 0 : 0 0   + 0 :  
 l o a d i n g   D : / G P
 / C o d e / m o b i l e _
 f r o n t e n d / C h e c
 k - C o n t e n t 
 
                          
                          
                          
            ^
failures.txt:1:113: 
Error: 'e' isn't a type.
∩┐╜∩┐╜0 0 : 0 0   + 0 :  
 l o a d i n g   D : / G P
 / C o d e / m o b i l e _
 f r o n t e n d / C h e c
 k - C o n t e n t 
 
                          
                          
                          
            ^
failures.txt:1:113: 
Context: This isn't a 
type.
∩┐╜∩┐╜0 0 : 0 0   + 0 :  
 l o a d i n g   D : / G P
 / C o d e / m o b i l e _
 f r o n t e n d / C h e c
 k - C o n t e n t 
 
                          
                          
                          
            ^
failures.txt:2:28: Error: 
'l' isn't a type.
 0 0 : 0 0   + 0   - 1 :  
 l o a d i n g   D : / G P
 / C o d e / m o b i l e _
 f r o n t e n d / C h e c
 k - C o n t e n t  
 [ E ] 
 
                          
 ^
failures.txt:3:12: 
Context: This isn't a 
type.
     F a i l e d   t o  
 l o a d   " D : / G P / C
 o d e / m o b i l e _ f r
 o n t e n d / C h e c k -
 C o n t e n t " :  
 D o e s   n o t  
 e x i s t . 
 
           ^
failures.txt:2:32: Error: 
'a' isn't a type.
 0 0 : 0 0   + 0   - 1 :  
 l o a d i n g   D : / G P
 / C o d e / m o b i l e _
 f r o n t e n d / C h e c
 k - C o n t e n t  
 [ E ] 
 
                          
     ^
failures.txt:3:8: 
Context: This isn't a 
type.
     F a i l e d   t o  
 l o a d   " D : / G P / C
 o d e / m o b i l e _ f r
 o n t e n d / C h e c k -
 C o n t e n t " :  
 D o e s   n o t  
 e x i s t . 
 
       ^
failures.txt:2:36: Error: 
'i' isn't a type.
 0 0 : 0 0   + 0   - 1 :  
 l o a d i n g   D : / G P
 / C o d e / m o b i l e _
 f r o n t e n d / C h e c
 k - C o n t e n t  
 [ E ] 
 
                          
         ^
failures.txt:2:36: 
Context: This isn't a 
type.
 0 0 : 0 0   + 0   - 1 :  
 l o a d i n g   D : / G P
 / C o d e / m o b i l e _
 f r o n t e n d / C h e c
 k - C o n t e n t  
 [ E ] 
 
                          
         ^
failures.txt:2:40: Error: 
Type 'g' not found.
 0 0 : 0 0   + 0   - 1 :  
 l o a d i n g   D : / G P
 / C o d e / m o b i l e _
 f r o n t e n d / C h e c
 k - C o n t e n t  
 [ E ] 
 
                          
             ^
failures.txt:2:50: Error: 
Type 'G' not found.
 0 0 : 0 0   + 0   - 1 :  
 l o a d i n g   D : / G P
 / C o d e / m o b i l e _
 f r o n t e n d / C h e c
 k - C o n t e n t  
 [ E ] 
 
                          
                       ^
failures.txt:2:56: Error: 
Type 'C' not found.
 0 0 : 0 0   + 0   - 1 :  
 l o a d i n g   D : / G P
 / C o d e / m o b i l e _
 f r o n t e n d / C h e c
 k - C o n t e n t  
 [ E ] 
 
                          
                          
   ^
failures.txt:2:60: Error: 
'd' isn't a type.
 0 0 : 0 0   + 0   - 1 :  
 l o a d i n g   D : / G P
 / C o d e / m o b i l e _
 f r o n t e n d / C h e c
 k - C o n t e n t  
 [ E ] 
 
                          
                          
       ^
failures.txt:2:60: 
Context: This isn't a 
type.
 0 0 : 0 0   + 0   - 1 :  
 l o a d i n g   D : / G P
 / C o d e / m o b i l e _
 f r o n t e n d / C h e c
 k - C o n t e n t  
 [ E ] 
 
                          
                          
       ^
failures.txt:2:66: Error: 
Type 'm' not found.
 0 0 : 0 0   + 0   - 1 :  
 l o a d i n g   D : / G P
 / C o d e / m o b i l e _
 f r o n t e n d / C h e c
 k - C o n t e n t  
 [ E ] 
 
                          
                          
             ^
failures.txt:2:70: Error: 
Type 'b' not found.
 0 0 : 0 0   + 0   - 1 :  
 l o a d i n g   D : / G P
 / C o d e / m o b i l e _
 f r o n t e n d / C h e c
 k - C o n t e n t  
 [ E ] 
 
                          
                          
                 ^
failures.txt:2:74: Error: 
'l' isn't a type.
 0 0 : 0 0   + 0   - 1 :  
 l o a d i n g   D : / G P
 / C o d e / m o b i l e _
 f r o n t e n d / C h e c
 k - C o n t e n t  
 [ E ] 
 
                          
                          
                     ^
failures.txt:3:12: 
Context: This isn't a 
type.
     F a i l e d   t o  
 l o a d   " D : / G P / C
 o d e / m o b i l e _ f r
 o n t e n d / C h e c k -
 C o n t e n t " :  
 D o e s   n o t  
 e x i s t . 
 
           ^
failures.txt:2:78: Error: 
Type '_' not found.
 0 0 : 0 0   + 0   - 1 :  
 l o a d i n g   D : / G P
 / C o d e / m o b i l e _
 f r o n t e n d / C h e c
 k - C o n t e n t  
 [ E ] 
 
                          
                          
                         ^
failures.txt:2:82: Error: 
Type 'r' not found.
 0 0 : 0 0   + 0   - 1 :  
 l o a d i n g   D : / G P
 / C o d e / m o b i l e _
 f r o n t e n d / C h e c
 k - C o n t e n t  
 [ E ] 
 
                          
                          
                          
   ^
failures.txt:2:86: Error: 
'n' isn't a type.
 0 0 : 0 0   + 0   - 1 :  
 l o a d i n g   D : / G P
 / C o d e / m o b i l e _
 f r o n t e n d / C h e c
 k - C o n t e n t  
 [ E ] 
 
                          
                          
                          
       ^
failures.txt:2:86: 
Context: This isn't a 
type.
 0 0 : 0 0   + 0   - 1 :  
 l o a d i n g   D : / G P
 / C o d e / m o b i l e _
 f r o n t e n d / C h e c
 k - C o n t e n t  
 [ E ] 
 
                          
                          
                          
       ^
failures.txt:2:90: Error: 
'e' isn't a type.
 0 0 : 0 0   + 0   - 1 :  
 l o a d i n g   D : / G P
 / C o d e / m o b i l e _
 f r o n t e n d / C h e c
 k - C o n t e n t  
 [ E ] 
 
                          
                          
                          
           ^
failures.txt:2:90: 
Context: This isn't a 
type.
 0 0 : 0 0   + 0   - 1 :  
 l o a d i n g   D : / G P
 / C o d e / m o b i l e _
 f r o n t e n d / C h e c
 k - C o n t e n t  
 [ E ] 
 
                          
                          
                          
           ^
failures.txt:2:98: Error: 
Type 'C' not found.
 0 0 : 0 0   + 0   - 1 :  
 l o a d i n g   D : / G P
 / C o d e / m o b i l e _
 f r o n t e n d / C h e c
 k - C o n t e n t  
 [ E ] 
 
                          
                          
                          
            ^
failures.txt:2:102: 
Error: 'e' isn't a type.
 0 0 : 0 0   + 0   - 1 :  
 l o a d i n g   D : / G P
 / C o d e / m o b i l e _
 f r o n t e n d / C h e c
 k - C o n t e n t  
 [ E ] 
 
                          
                          
                          
            ^
failures.txt:2:102: 
Context: This isn't a 
type.
 0 0 : 0 0   + 0   - 1 :  
 l o a d i n g   D : / G P
 / C o d e / m o b i l e _
 f r o n t e n d / C h e c
 k - C o n t e n t  
 [ E ] 
 
                          
                          
                          
            ^
failures.txt:2:110: 
Error: Type 'C' not found.
 0 0 : 0 0   + 0   - 1 :  
 l o a d i n g   D : / G P
 / C o d e / m o b i l e _
 f r o n t e n d / C h e c
 k - C o n t e n t  
 [ E ] 
 
                          
                          
                          
            ^
failures.txt:2:114: 
Error: 'n' isn't a type.
 0 0 : 0 0   + 0   - 1 :  
 l o a d i n g   D : / G P
 / C o d e / m o b i l e _
 f r o n t e n d / C h e c
 k - C o n t e n t  
 [ E ] 
 
                          
                          
                          
            ^
failures.txt:2:114: 
Context: This isn't a 
type.
 0 0 : 0 0   + 0   - 1 :  
 l o a d i n g   D : / G P
 / C o d e / m o b i l e _
 f r o n t e n d / C h e c
 k - C o n t e n t  
 [ E ] 
 
                          
                          
                          
            ^
failures.txt:2:118: 
Error: 'e' isn't a type.
 0 0 : 0 0   + 0   - 1 :  
 l o a d i n g   D : / G P
 / C o d e / m o b i l e _
 f r o n t e n d / C h e c
 k - C o n t e n t  
 [ E ] 
 
                          
                          
                          
            ^
failures.txt:2:118: 
Context: This isn't a 
type.
 0 0 : 0 0   + 0   - 1 :  
 l o a d i n g   D : / G P
 / C o d e / m o b i l e _
 f r o n t e n d / C h e c
 k - C o n t e n t  
 [ E ] 
 
                          
                          
                          
            ^
failures.txt:3:6: Error: 
Type 'F' not found.
     F a i l e d   t o  
 l o a d   " D : / G P / C
 o d e / m o b i l e _ f r
 o n t e n d / C h e c k -
 C o n t e n t " :  
 D o e s   n o t  
 e x i s t . 
 
     ^
failures.txt:3:10: Error: 
'i' isn't a type.
     F a i l e d   t o  
 l o a d   " D : / G P / C
 o d e / m o b i l e _ f r
 o n t e n d / C h e c k -
 C o n t e n t " :  
 D o e s   n o t  
 e x i s t . 
 
         ^
failures.txt:3:10: 
Context: This isn't a 
type.
     F a i l e d   t o  
 l o a d   " D : / G P / C
 o d e / m o b i l e _ f r
 o n t e n d / C h e c k -
 C o n t e n t " :  
 D o e s   n o t  
 e x i s t . 
 
         ^
failures.txt:3:14: Error: 
'e' isn't a type.
     F a i l e d   t o  
 l o a d   " D : / G P / C
 o d e / m o b i l e _ f r
 o n t e n d / C h e c k -
 C o n t e n t " :  
 D o e s   n o t  
 e x i s t . 
 
             ^
failures.txt:3:14: 
Context: This isn't a 
type.
     F a i l e d   t o  
 l o a d   " D : / G P / C
 o d e / m o b i l e _ f r
 o n t e n d / C h e c k -
 C o n t e n t " :  
 D o e s   n o t  
 e x i s t . 
 
             ^
failures.txt:3:20: Error: 
't' isn't a type.
     F a i l e d   t o  
 l o a d   " D : / G P / C
 o d e / m o b i l e _ f r
 o n t e n d / C h e c k -
 C o n t e n t " :  
 D o e s   n o t  
 e x i s t . 
 
                   ^
failures.txt:3:20: 
Context: This isn't a 
type.
     F a i l e d   t o  
 l o a d   " D : / G P / C
 o d e / m o b i l e _ f r
 o n t e n d / C h e c k -
 C o n t e n t " :  
 D o e s   n o t  
 e x i s t . 
 
                   ^
failures.txt:3:26: Error: 
'l' isn't a type.
     F a i l e d   t o  
 l o a d   " D : / G P / C
 o d e / m o b i l e _ f r
 o n t e n d / C h e c k -
 C o n t e n t " :  
 D o e s   n o t  
 e x i s t . 
 
                         ^
failures.txt:3:12: 
Context: This isn't a 
type.
     F a i l e d   t o  
 l o a d   " D : / G P / C
 o d e / m o b i l e _ f r
 o n t e n d / C h e c k -
 C o n t e n t " :  
 D o e s   n o t  
 e x i s t . 
 
           ^
failures.txt:3:30: Error: 
'a' isn't a type.
     F a i l e d   t o  
 l o a d   " D : / G P / C
 o d e / m o b i l e _ f r
 o n t e n d / C h e c k -
 C o n t e n t " :  
 D o e s   n o t  
 e x i s t . 
 
                          
   ^
failures.txt:3:8: 
Context: This isn't a 
type.
     F a i l e d   t o  
 l o a d   " D : / G P / C
 o d e / m o b i l e _ f r
 o n t e n d / C h e c k -
 C o n t e n t " :  
 D o e s   n o t  
 e x i s t . 
 
       ^
failures.txt:3:124: 
Error: 'D' isn't a type.
     F a i l e d   t o  
 l o a d   " D : / G P / C
 o d e / m o b i l e _ f r
 o n t e n d / C h e c k -
 C o n t e n t " :  
 D o e s   n o t  
 e x i s t . 
 
                          
                          
                          
            ^
failures.txt:3:124: 
Context: This isn't a 
type.
     F a i l e d   t o  
 l o a d   " D : / G P / C
 o d e / m o b i l e _ f r
 o n t e n d / C h e c k -
 C o n t e n t " :  
 D o e s   n o t  
 e x i s t . 
 
                          
                          
                          
            ^
failures.txt:3:128: 
Error: 'e' isn't a type.
     F a i l e d   t o  
 l o a d   " D : / G P / C
 o d e / m o b i l e _ f r
 o n t e n d / C h e c k -
 C o n t e n t " :  
 D o e s   n o t  
 e x i s t . 
 
                          
                          
                          
            ^
failures.txt:3:128: 
Context: This isn't a 
type.
     F a i l e d   t o  
 l o a d   " D : / G P / C
 o d e / m o b i l e _ f r
 o n t e n d / C h e c k -
 C o n t e n t " :  
 D o e s   n o t  
 e x i s t . 
 
                          
                          
                          
            ^
failures.txt:3:134: 
Error: 'n' isn't a type.
     F a i l e d   t o  
 l o a d   " D : / G P / C
 o d e / m o b i l e _ f r
 o n t e n d / C h e c k -
 C o n t e n t " :  
 D o e s   n o t  
 e x i s t . 
 
                          
                          
                          
            ^
failures.txt:3:134: 
Context: This isn't a 
type.
     F a i l e d   t o  
 l o a d   " D : / G P / C
 o d e / m o b i l e _ f r
 o n t e n d / C h e c k -
 C o n t e n t " :  
 D o e s   n o t  
 e x i s t . 
 
                          
                          
                          
            ^
failures.txt:3:138: 
Error: 't' isn't a type.
     F a i l e d   t o  
 l o a d   " D : / G P / C
 o d e / m o b i l e _ f r
 o n t e n d / C h e c k -
 C o n t e n t " :  
 D o e s   n o t  
 e x i s t . 
 
                          
                          
                          
            ^
failures.txt:3:138: 
Context: This isn't a 
type.
     F a i l e d   t o  
 l o a d   " D : / G P / C
 o d e / m o b i l e _ f r
 o n t e n d / C h e c k -
 C o n t e n t " :  
 D o e s   n o t  
 e x i s t . 
 
                          
                          
                          
            ^
failures.txt:3:144: 
Error: Type 'x' not found.
     F a i l e d   t o  
 l o a d   " D : / G P / C
 o d e / m o b i l e _ f r
 o n t e n d / C h e c k -
 C o n t e n t " :  
 D o e s   n o t  
 e x i s t . 
 
                          
                          
                          
            ^
failures.txt:3:148: 
Error: 's' isn't a type.
     F a i l e d   t o  
 l o a d   " D : / G P / C
 o d e / m o b i l e _ f r
 o n t e n d / C h e c k -
 C o n t e n t " :  
 D o e s   n o t  
 e x i s t . 
 
                          
                          
                          
            ^
failures.txt:3:130: 
Context: This isn't a 
type.
     F a i l e d   t o  
 l o a d   " D : / G P / C
 o d e / m o b i l e _ f r
 o n t e n d / C h e c k -
 C o n t e n t " :  
 D o e s   n o t  
 e x i s t . 
 
                          
                          
                          
            ^
/C:/Users/dell/AppData/Loc
al/Temp/flutter_tools.377d
fdab/flutter_test_listener
.74151dbb/listener.dart:21
:21: Error: Undefined 
name 'main'.
  await Future(test.main);
                    ^^^^
failures.txt:1:31: Error: 
Can't use 'i' because it 
is declared more than 
once.
∩┐╜∩┐╜0 0 : 0 0   + 0 :  
 l o a d i n g   D : / G P
 / C o d e / m o b i l e _
 f r o n t e n d / C h e c
 k - C o n t e n t 
 
                          
    ^
failures.txt:1:35: Error: 
'g' isn't a type.
∩┐╜∩┐╜0 0 : 0 0   + 0 :  
 l o a d i n g   D : / G P
 / C o d e / m o b i l e _
 f r o n t e n d / C h e c
 k - C o n t e n t 
 
                          
        ^
failures.txt:1:45: Error: 
'G' isn't a type.
∩┐╜∩┐╜0 0 : 0 0   + 0 :  
 l o a d i n g   D : / G P
 / C o d e / m o b i l e _
 f r o n t e n d / C h e c
 k - C o n t e n t 
 
                          
                  ^
failures.txt:1:51: Error: 
'C' isn't a type.
∩┐╜∩┐╜0 0 : 0 0   + 0 :  
 l o a d i n g   D : / G P
 / C o d e / m o b i l e _
 f r o n t e n d / C h e c
 k - C o n t e n t 
 
                          
                        ^
failures.txt:1:55: Error: 
Can't use 'd' because it 
is declared more than 
once.
∩┐╜∩┐╜0 0 : 0 0   + 0 :  
 l o a d i n g   D : / G P
 / C o d e / m o b i l e _
 f r o n t e n d / C h e c
 k - C o n t e n t 
 
                          
                          
  ^
failures.txt:1:61: Error: 
'm' isn't a type.
∩┐╜∩┐╜0 0 : 0 0   + 0 :  
 l o a d i n g   D : / G P
 / C o d e / m o b i l e _
 f r o n t e n d / C h e c
 k - C o n t e n t 
 
                          
                          
        ^
failures.txt:1:65: Error: 
'b' isn't a type.
∩┐╜∩┐╜0 0 : 0 0   + 0 :  
 l o a d i n g   D : / G P
 / C o d e / m o b i l e _
 f r o n t e n d / C h e c
 k - C o n t e n t 
 
                          
                          
            ^
failures.txt:1:73: Error: 
'_' isn't a type.
∩┐╜∩┐╜0 0 : 0 0   + 0 :  
 l o a d i n g   D : / G P
 / C o d e / m o b i l e _
 f r o n t e n d / C h e c
 k - C o n t e n t 
 
                          
                          
                    ^
failures.txt:1:77: Error: 
'r' isn't a type.
∩┐╜∩┐╜0 0 : 0 0   + 0 :  
 l o a d i n g   D : / G P
 / C o d e / m o b i l e _
 f r o n t e n d / C h e c
 k - C o n t e n t 
 
                          
                          
                        ^
failures.txt:1:81: Error: 
Can't use 'n' because it 
is declared more than 
once.
∩┐╜∩┐╜0 0 : 0 0   + 0 :  
 l o a d i n g   D : / G P
 / C o d e / m o b i l e _
 f r o n t e n d / C h e c
 k - C o n t e n t 
 
                          
                          
                          
  ^
failures.txt:1:85: Error: 
Can't use 'e' because it 
is declared more than 
once.
∩┐╜∩┐╜0 0 : 0 0   + 0 :  
 l o a d i n g   D : / G P
 / C o d e / m o b i l e _
 f r o n t e n d / C h e c
 k - C o n t e n t 
 
                          
                          
                          
      ^
failures.txt:1:93: Error: 
'C' isn't a type.
∩┐╜∩┐╜0 0 : 0 0   + 0 :  
 l o a d i n g   D : / G P
 / C o d e / m o b i l e _
 f r o n t e n d / C h e c
 k - C o n t e n t 
 
                          
                          
                          
            ^
failures.txt:1:97: Error: 
Can't use 'e' because it 
is declared more than 
once.
∩┐╜∩┐╜0 0 : 0 0   + 0 :  
 l o a d i n g   D : / G P
 / C o d e / m o b i l e _
 f r o n t e n d / C h e c
 k - C o n t e n t 
 
                          
                          
                          
            ^
failures.txt:1:105: 
Error: 'C' isn't a type.
∩┐╜∩┐╜0 0 : 0 0   + 0 :  
 l o a d i n g   D : / G P
 / C o d e / m o b i l e _
 f r o n t e n d / C h e c
 k - C o n t e n t 
 
                          
                          
                          
            ^
failures.txt:1:109: 
Error: Can't use 'n' 
because it is declared 
more than once.
∩┐╜∩┐╜0 0 : 0 0   + 0 :  
 l o a d i n g   D : / G P
 / C o d e / m o b i l e _
 f r o n t e n d / C h e c
 k - C o n t e n t 
 
                          
                          
                          
            ^
failures.txt:1:113: 
Error: Can't use 'e' 
because it is declared 
more than once.
∩┐╜∩┐╜0 0 : 0 0   + 0 :  
 l o a d i n g   D : / G P
 / C o d e / m o b i l e _
 f r o n t e n d / C h e c
 k - C o n t e n t 
 
                          
                          
                          
            ^
failures.txt:2:36: Error: 
Can't use 'i' because it 
is declared more than 
once.
 0 0 : 0 0   + 0   - 1 :  
 l o a d i n g   D : / G P
 / C o d e / m o b i l e _
 f r o n t e n d / C h e c
 k - C o n t e n t  
 [ E ] 
 
                          
         ^
failures.txt:2:40: Error: 
'g' isn't a type.
 0 0 : 0 0   + 0   - 1 :  
 l o a d i n g   D : / G P
 / C o d e / m o b i l e _
 f r o n t e n d / C h e c
 k - C o n t e n t  
 [ E ] 
 
                          
             ^
failures.txt:2:50: Error: 
'G' isn't a type.
 0 0 : 0 0   + 0   - 1 :  
 l o a d i n g   D : / G P
 / C o d e / m o b i l e _
 f r o n t e n d / C h e c
 k - C o n t e n t  
 [ E ] 
 
                          
                       ^
failures.txt:2:56: Error: 
'C' isn't a type.
 0 0 : 0 0   + 0   - 1 :  
 l o a d i n g   D : / G P
 / C o d e / m o b i l e _
 f r o n t e n d / C h e c
 k - C o n t e n t  
 [ E ] 
 
                          
                          
   ^
failures.txt:2:60: Error: 
Can't use 'd' because it 
is declared more than 
once.
 0 0 : 0 0   + 0   - 1 :  
 l o a d i n g   D : / G P
 / C o d e / m o b i l e _
 f r o n t e n d / C h e c
 k - C o n t e n t  
 [ E ] 
 
                          
                          
       ^
failures.txt:2:66: Error: 
'm' isn't a type.
 0 0 : 0 0   + 0   - 1 :  
 l o a d i n g   D : / G P
 / C o d e / m o b i l e _
 f r o n t e n d / C h e c
 k - C o n t e n t  
 [ E ] 
 
                          
                          
             ^
failures.txt:2:70: Error: 
'b' isn't a type.
 0 0 : 0 0   + 0   - 1 :  
 l o a d i n g   D : / G P
 / C o d e / m o b i l e _
 f r o n t e n d / C h e c
 k - C o n t e n t  
 [ E ] 
 
                          
                          
                 ^
failures.txt:2:78: Error: 
'_' isn't a type.
 0 0 : 0 0   + 0   - 1 :  
 l o a d i n g   D : / G P
 / C o d e / m o b i l e _
 f r o n t e n d / C h e c
 k - C o n t e n t  
 [ E ] 
 
                          
                          
                         ^
failures.txt:2:82: Error: 
'r' isn't a type.
 0 0 : 0 0   + 0   - 1 :  
 l o a d i n g   D : / G P
 / C o d e / m o b i l e _
 f r o n t e n d / C h e c
 k - C o n t e n t  
 [ E ] 
 
                          
                          
                          
   ^
failures.txt:2:86: Error: 
Can't use 'n' because it 
is declared more than 
once.
 0 0 : 0 0   + 0   - 1 :  
 l o a d i n g   D : / G P
 / C o d e / m o b i l e _
 f r o n t e n d / C h e c
 k - C o n t e n t  
 [ E ] 
 
                          
                          
                          
       ^
failures.txt:2:90: Error: 
Can't use 'e' because it 
is declared more than 
once.
 0 0 : 0 0   + 0   - 1 :  
 l o a d i n g   D : / G P
 / C o d e / m o b i l e _
 f r o n t e n d / C h e c
 k - C o n t e n t  
 [ E ] 
 
                          
                          
                          
           ^
failures.txt:2:98: Error: 
'C' isn't a type.
 0 0 : 0 0   + 0   - 1 :  
 l o a d i n g   D : / G P
 / C o d e / m o b i l e _
 f r o n t e n d / C h e c
 k - C o n t e n t  
 [ E ] 
 
                          
                          
                          
            ^
failures.txt:2:102: 
Error: Can't use 'e' 
because it is declared 
more than once.
 0 0 : 0 0   + 0   - 1 :  
 l o a d i n g   D : / G P
 / C o d e / m o b i l e _
 f r o n t e n d / C h e c
 k - C o n t e n t  
 [ E ] 
 
                          
                          
                          
            ^
failures.txt:2:110: 
Error: 'C' isn't a type.
 0 0 : 0 0   + 0   - 1 :  
 l o a d i n g   D : / G P
 / C o d e / m o b i l e _
 f r o n t e n d / C h e c
 k - C o n t e n t  
 [ E ] 
 
                          
                          
                          
            ^
failures.txt:2:114: 
Error: Can't use 'n' 
because it is declared 
more than once.
 0 0 : 0 0   + 0   - 1 :  
 l o a d i n g   D : / G P
 / C o d e / m o b i l e _
 f r o n t e n d / C h e c
 k - C o n t e n t  
 [ E ] 
 
                          
                          
                          
            ^
failures.txt:2:118: 
Error: Can't use 'e' 
because it is declared 
more than once.
 0 0 : 0 0   + 0   - 1 :  
 l o a d i n g   D : / G P
 / C o d e / m o b i l e _
 f r o n t e n d / C h e c
 k - C o n t e n t  
 [ E ] 
 
                          
                          
                          
            ^
failures.txt:3:6: Error: 
'F' isn't a type.
     F a i l e d   t o  
 l o a d   " D : / G P / C
 o d e / m o b i l e _ f r
 o n t e n d / C h e c k -
 C o n t e n t " :  
 D o e s   n o t  
 e x i s t . 
 
     ^
failures.txt:3:10: Error: 
Can't use 'i' because it 
is declared more than 
once.
     F a i l e d   t o  
 l o a d   " D : / G P / C
 o d e / m o b i l e _ f r
 o n t e n d / C h e c k -
 C o n t e n t " :  
 D o e s   n o t  
 e x i s t . 
 
         ^
failures.txt:3:14: Error: 
Can't use 'e' because it 
is declared more than 
once.
     F a i l e d   t o  
 l o a d   " D : / G P / C
 o d e / m o b i l e _ f r
 o n t e n d / C h e c k -
 C o n t e n t " :  
 D o e s   n o t  
 e x i s t . 
 
             ^
failures.txt:3:20: Error: 
Can't use 't' because it 
is declared more than 
once.
     F a i l e d   t o  
 l o a d   " D : / G P / C
 o d e / m o b i l e _ f r
 o n t e n d / C h e c k -
 C o n t e n t " :  
 D o e s   n o t  
 e x i s t . 
 
                   ^
failures.txt:3:124: 
Error: Can't use 'D' 
because it is declared 
more than once.
     F a i l e d   t o  
 l o a d   " D : / G P / C
 o d e / m o b i l e _ f r
 o n t e n d / C h e c k -
 C o n t e n t " :  
 D o e s   n o t  
 e x i s t . 
 
                          
                          
                          
            ^
failures.txt:3:128: 
Error: Can't use 'e' 
because it is declared 
more than once.
     F a i l e d   t o  
 l o a d   " D : / G P / C
 o d e / m o b i l e _ f r
 o n t e n d / C h e c k -
 C o n t e n t " :  
 D o e s   n o t  
 e x i s t . 
 
                          
                          
                          
            ^
failures.txt:3:134: 
Error: Can't use 'n' 
because it is declared 
more than once.
     F a i l e d   t o  
 l o a d   " D : / G P / C
 o d e / m o b i l e _ f r
 o n t e n d / C h e c k -
 C o n t e n t " :  
 D o e s   n o t  
 e x i s t . 
 
                          
                          
                          
            ^
failures.txt:3:138: 
Error: Can't use 't' 
because it is declared 
more than once.
     F a i l e d   t o  
 l o a d   " D : / G P / C
 o d e / m o b i l e _ f r
 o n t e n d / C h e c k -
 C o n t e n t " :  
 D o e s   n o t  
 e x i s t . 
 
                          
                          
                          
            ^
failures.txt:3:144: 
Error: 'x' isn't a type.
     F a i l e d   t o  
 l o a d   " D : / G P / C
 o d e / m o b i l e _ f r
 o n t e n d / C h e c k -
 C o n t e n t " :  
 D o e s   n o t  
 e x i s t . 
 
                          
                          
                          
            ^
00:00 +0 -2: loading D:/GP/Code/mobile_frontend/failures.txt [E]
  Failed to load "D:/GP/Code/mobile_frontend/failures.txt":
  Compilation failed for testPath=D:/GP/Code/mobile_frontend/failures.txt: failures.txt:1:1: Error: Unable to decode bytes as UTF-8.
  ∩┐╜∩┐╜0 0 : 0 0   + 0 :   l o a d i n g   D : / G P / C o d e / m o b i l e _ f r o n t e n d / C h e c k - C o n t e n t 
   
  ^
  failures.txt:1:2: Error: Unable to decode bytes as UTF-8.
  ∩┐╜∩┐╜0 0 : 0 0   + 0 :   l o a d i n g   D : / G P / C o d e / m o b i l e _ f r o n t e n d / C h e c k - C o n t e n t 
   
   ^
  failures.txt:1:4: Error: The control character U+0000 can only be used in strings and comments.
  ∩┐╜∩┐╜0 0 : 0 0   + 0 :   l o a d i n g   D : / G P / C o d e / m o b i l e _ f r o n t e n d / C h e c k - C o n t e n t 
   
     ^
  failures.txt:1:6: Error: The control character U+0000 can only be used in strings and comments.
  ∩┐╜∩┐╜0 0 : 0 0   + 0 :   l o a d i n g   D : / G P / C o d e / m o b i l e _ f r o n t e n d / C h e c k - C o n t e n t 
   
       ^
  failures.txt:1:8: Error: The control character U+0000 can only be used in strings and comments.
  ∩┐╜∩┐╜0 0 : 0 0   + 0 :   l o a d i n g   D : / G P / C o d e / m o b i l e _ f r o n t e n d / C h e c k - C o n t e n t 
   
         ^
  failures.txt:1:10: Error: The control character U+0000 can only be used in strings and comments.
  ∩┐╜∩┐╜0 0 : 0 0   + 0 :   l o a d i n g   D : / G P / C o d e / m o b i l e _ f r o n t e n d / C h e c k - C o n t e n t 
   
           ^
  failures.txt:1:12: Error: The control character U+0000 can only be used in strings and comments.
  ∩┐╜∩┐╜0 0 : 0 0   + 0 :   l o a d i n g   D : / G P / C o d e / m o b i l e _ f r o n t e n d / C h e c k - C o n t e n t 
   
             ^
  failures.txt:1:14: Error: The control character U+0000 can only be used in strings and comments.
  ∩┐╜∩┐╜0 0 : 0 0   + 0 :   l o a d i n g   D : / G P / C o d e / m o b i l e _ f r o n t e n d / C h e c k - C o n t e n t 
   
               ^
  failures.txt:1:16: Error: The control character U+0000 can only be used in strings and comments.
  ∩┐╜∩┐╜0 0 : 0 0   + 0 :   l o a d i n g   D : / G P / C o d e / m o b i l e _ f r o n t e n d / C h e c k - C o n t e n t 
   
                 ^
  failures.txt:1:18: Error: The control character U+0000 can only be used in strings and comments.
  ∩┐╜∩┐╜0 0 : 0 0   + 0 :   l o a d i n g   D : / G P / C o d e / m o b i l e _ f r o n t e n d / C h e c k - C o n t e n t 
   
                   ^
  failures.txt:1:20: Error: The control character U+0000 can only be used in strings and comments.
  ∩┐╜∩┐╜0 0 : 0 0   + 0 :   l o a d i n g   D : / G P / C o d e / m o b i l e _ f r o n t e n d / C h e c k - C o n t e n t 
   
                     ^
  failures.txt:1:22: Error: The control character U+0000 can only be used in strings and comments.
  ∩┐╜∩┐╜0 0 : 0 0   + 0 :   l o a d i n g   D : / G P / C o d e / m o b i l e _ f r o n t e n d / C h e c k - C o n t e n t 
   
                       ^
  failures.txt:1:24: Error: The control character U+0000 can only be used in strings and comments.
  ∩┐╜∩┐╜0 0 : 0 0   + 0 :   l o a d i n g   D : / G P / C o d e / m o b i l e _ f r o n t e n d / C h e c k - C o n t e n t 
   
                         ^
  failures.txt:1:26: Error: The control character U+0000 can only be used in strings and comments.
  ∩┐╜∩┐╜0 0 : 0 0   + 0 :   l o a d i n g   D : / G P / C o d e / m o b i l e _ f r o n t e n d / C h e c k - C o n t e n t 
   
                           ^
  failures.txt:1:28: Error: The control character U+0000 can only be used in strings and comments.
  ∩┐╜∩┐╜0 0 : 0 0   + 0 :   l o a d i n g   D : / G P / C o d e / m o b i l e _ f r o n t e n d / C h e c k - C o n t e n t 
   
                             ^
  failures.txt:1:30: Error: The control character U+0000 can only be used in strings and comments.
  ∩┐╜∩┐╜0 0 : 0 0   + 0 :   l o a d i n g   D : / G P / C o d e / m o b i l e _ f r o n t e n d / C h e c k - C o n t e n t 
   
                               ^
  failures.txt:1:32: Error: The control character U+0000 can only be used in strings and comments.
  ∩┐╜∩┐╜0 0 : 0 0   + 0 :   l o a d i n g   D : / G P / C o d e / m o b i l e _ f r o n t e n d / C h e c k - C o n t e n t 
   
                                 ^
  failures.txt:1:34: Error: The control character U+0000 can only be used in strings and comments.
  ∩┐╜∩┐╜0 0 : 0 0   + 0 :   l o a d i n g   D : / G P / C o d e / m o b i l e _ f r o n t e n d / C h e c k - C o n t e n t 
   
                                   ^
  failures.txt:1:36: Error: The control character U+0000 can only be used in strings and comments.
  ∩┐╜∩┐╜0 0 : 0 0   + 0 :   l o a d i n g   D : / G P / C o d e / m o b i l e _ f r o n t e n d / C h e c k - C o n t e n t 
   
                                     ^
  failures.txt:1:38: Error: The control character U+0000 can only be used in strings and comments.
  ∩┐╜∩┐╜0 0 : 0 0   + 0 :   l o a d i n g   D : / G P / C o d e / m o b i l e _ f r o n t e n d / C h e c k - C o n t e n t 
   
                                       ^
  failures.txt:1:40: Error: The control character U+0000 can only be used in strings and comments.
  ∩┐╜∩┐╜0 0 : 0 0   + 0 :   l o a d i n g   D : / G P / C o d e / m o b i l e _ f r o n t e n d / C h e c k - C o n t e n t 
   
                                         ^
  failures.txt:1:42: Error: The control character U+0000 can only be used in strings and comments.
  ∩┐╜∩┐╜0 0 : 0 0   + 0 :   l o a d i n g   D : / G P / C o d e / m o b i l e _ f r o n t e n d / C h e c k - C o n t e n t 
   
                                           ^
  failures.txt:1:44: Error: The control character U+0000 can only be used in strings and comments.
  ∩┐╜∩┐╜0 0 : 0 0   + 0 :   l o a d i n g   D : / G P / C o d e / m o b i l e _ f r o n t e n d / C h e c k - C o n t e n t 
   
                                             ^
  failures.txt:1:46: Error: The control character U+0000 can only be used in strings and comments.
  ∩┐╜∩┐╜0 0 : 0 0   + 0 :   l o a d i n g   D : / G P / C o d e / m o b i l e _ f r o n t e n d / C h e c k - C o n t e n t 
   
                                               ^
  failures.txt:1:48: Error: The control character U+0000 can only be used in strings and comments.
  ∩┐╜∩┐╜0 0 : 0 0   + 0 :   l o a d i n g   D : / G P / C o d e / m o b i l e _ f r o n t e n d / C h e c k - C o n t e n t 
   
                                                 ^
  failures.txt:1:50: Error: The control character U+0000 can only be used in strings and comments.
  ∩┐╜∩┐╜0 0 : 0 0   + 0 :   l o a d i n g   D : / G P / C o d e / m o b i l e _ f r o n t e n d / C h e c k - C o n t e n t 
   
                                                   ^
  failures.txt:1:52: Error: The control character U+0000 can only be used in strings and comments.
  ∩┐╜∩┐╜0 0 : 0 0   + 0 :   l o a d i n g   D : / G P / C o d e / m o b i l e _ f r o n t e n d / C h e c k - C o n t e n t 
   
                                                     ^
  failures.txt:1:54: Error: The control character U+0000 can only be used in strings and comments.
  ∩┐╜∩┐╜0 0 : 0 0   + 0 :   l o a d i n g   D : / G P / C o d e / m o b i l e _ f r o n t e n d / C h e c k - C o n t e n t 
   
                                                       ^
  failures.txt:1:56: Error: The control character U+0000 can only be used in strings and comments.
  ∩┐╜∩┐╜0 0 : 0 0   + 0 :   l o a d i n g   D : / G P / C o d e / m o b i l e _ f r o n t e n d / C h e c k - C o n t e n t 
   
                                                         ^
  failures.txt:1:58: Error: The control character U+0000 can only be used in strings and comments.
  ∩┐╜∩┐╜0 0 : 0 0   + 0 :   l o a d i n g   D : / G P / C o d e / m o b i l e _ f r o n t e n d / C h e c k - C o n t e n t 
   
                                                           ^
  failures.txt:1:60: Error: The control character U+0000 can only be used in strings and comments.
  ∩┐╜∩┐╜0 0 : 0 0   + 0 :   l o a d i n g   D : / G P / C o d e / m o b i l e _ f r o n t e n d / C h e c k - C o n t e n t 
   
                                                             ^
  failures.txt:1:62: Error: The control character U+0000 can only be used in strings and comments.
  ∩┐╜∩┐╜0 0 : 0 0   + 0 :   l o a d i n g   D : / G P / C o d e / m o b i l e _ f r o n t e n d / C h e c k - C o n t e n t 
   
                                                               ^
  failures.txt:1:64: Error: The control character U+0000 can only be used in strings and comments.
  ∩┐╜∩┐╜0 0 : 0 0   + 0 :   l o a d i n g   D : / G P / C o d e / m o b i l e _ f r o n t e n d / C h e c k - C o n t e n t 
   
                                                                 ^
  failures.txt:1:66: Error: The control character U+0000 can only be used in strings and comments.
  ∩┐╜∩┐╜0 0 : 0 0   + 0 :   l o a d i n g   D : / G P / C o d e / m o b i l e _ f r o n t e n d / C h e c k - C o n t e n t 
   
                                                                   ^
  failures.txt:1:68: Error: The control character U+0000 can only be used in strings and comments.
  ∩┐╜∩┐╜0 0 : 0 0   + 0 :   l o a d i n g   D : / G P / C o d e / m o b i l e _ f r o n t e n d / C h e c k - C o n t e n t 
   
                                                                     ^
  failures.txt:1:70: Error: The control character U+0000 can only be used in strings and comments.
  ∩┐╜∩┐╜0 0 : 0 0   + 0 :   l o a d i n g   D : / G P / C o d e / m o b i l e _ f r o n t e n d / C h e c k - C o n t e n t 
   
                                                                       ^
  failures.txt:1:72: Error: The control character U+0000 can only be used in strings and comments.
  ∩┐╜∩┐╜0 0 : 0 0   + 0 :   l o a d i n g   D : / G P / C o d e / m o b i l e _ f r o n t e n d / C h e c k - C o n t e n t 
   
                                                                         ^
  failures.txt:1:74: Error: The control character U+0000 can only be used in strings and comments.
  ∩┐╜∩┐╜0 0 : 0 0   + 0 :   l o a d i n g   D : / G P / C o d e / m o b i l e _ f r o n t e n d / C h e c k - C o n t e n t 
   
                                                                           ^
  failures.txt:1:76: Error: The control character U+0000 can only be used in strings and comments.
  ∩┐╜∩┐╜0 0 : 0 0   + 0 :   l o a d i n g   D : / G P / C o d e / m o b i l e _ f r o n t e n d / C h e c k - C o n t e n t 
   
                                                                             ^
  failures.txt:1:78: Error: The control character U+0000 can only be used in strings and comments.
  ∩┐╜∩┐╜0 0 : 0 0   + 0 :   l o a d i n g   D : / G P / C o d e / m o b i l e _ f r o n t e n d / C h e c k - C o n t e n t 
   
                                                                               ^
  failures.txt:1:80: Error: The control character U+0000 can only be used in strings and comments.
  ∩┐╜∩┐╜0 0 : 0 0   + 0 :   l o a d i n g   D : / G P / C o d e / m o b i l e _ f r o n t e n d / C h e c k - C o n t e n t 
   
                                                                                 ^
  failures.txt:1:82: Error: The control character U+0000 can only be used in strings and comments.
  ∩┐╜∩┐╜0 0 : 0 0   + 0 :   l o a d i n g   D : / G P / C o d e / m o b i l e _ f r o n t e n d / C h e c k - C o n t e n t 
   
                                                                                   ^
  failures.txt:1:84: Error: The control character U+0000 can only be used in strings and comments.
  ∩┐╜∩┐╜0 0 : 0 0   + 0 :   l o a d i n g   D : / G P / C o d e / m o b i l e _ f r o n t e n d / C h e c k - C o n t e n t 
   
                                                                                     ^
  failures.txt:1:86: Error: The control character U+0000 can only be used in strings and comments.
  ∩┐╜∩┐╜0 0 : 0 0   + 0 :   l o a d i n g   D : / G P / C o d e / m o b i l e _ f r o n t e n d / C h e c k - C o n t e n t 
   
                                                                                       ^
  failures.txt:1:88: Error: The control character U+0000 can only be used in strings and comments.
  ∩┐╜∩┐╜0 0 : 0 0   + 0 :   l o a d i n g   D : / G P / C o d e / m o b i l e _ f r o n t e n d / C h e c k - C o n t e n t 
   
                                                                                         ^
  failures.txt:1:90: Error: The control character U+0000 can only be used in strings and comments.
  ∩┐╜∩┐╜0 0 : 0 0   + 0 :   l o a d i n g   D : / G P / C o d e / m o b i l e _ f r o n t e n d / C h e c k - C o n t e n t 
   
                                                                                           ^
  failures.txt:1:92: Error: The control character U+0000 can only be used in strings and comments.
  ∩┐╜∩┐╜0 0 : 0 0   + 0 :   l o a d i n g   D : / G P / C o d e / m o b i l e _ f r o n t e n d / C h e c k - C o n t e n t 
   
                                                                                             ^
  failures.txt:1:94: Error: The control character U+0000 can only be used in strings and comments.
  ∩┐╜∩┐╜0 0 : 0 0   + 0 :   l o a d i n g   D : / G P / C o d e / m o b i l e _ f r o n t e n d / C h e c k - C o n t e n t 
   
                                                                                               ^
  failures.txt:1:96: Error: The control character U+0000 can only be used in strings and comments.
  ∩┐╜∩┐╜0 0 : 0 0   + 0 :   l o a d i n g   D : / G P / C o d e / m o b i l e _ f r o n t e n d / C h e c k - C o n t e n t 
   
                                                                                                 ^
  failures.txt:1:98: Error: The control character U+0000 can only be used in strings and comments.
  ∩┐╜∩┐╜0 0 : 0 0   + 0 :   l o a d i n g   D : / G P / C o d e / m o b i l e _ f r o n t e n d / C h e c k - C o n t e n t 
   
                                                                                                   ^
  failures.txt:1:100: Error: The control character U+0000 can only be used in strings and comments.
  ∩┐╜∩┐╜0 0 : 0 0   + 0 :   l o a d i n g   D : / G P / C o d e / m o b i l e _ f r o n t e n d / C h e c k - C o n t e n t 
   
                                                                                                     ^
  failures.txt:1:102: Error: The control character U+0000 can only be used in strings and comments.
  ∩┐╜∩┐╜0 0 : 0 0   + 0 :   l o a d i n g   D : / G P / C o d e / m o b i l e _ f r o n t e n d / C h e c k - C o n t e n t 
   
                                                                                                       ^
  failures.txt:1:104: Error: The control character U+0000 can only be used in strings and comments.
  ∩┐╜∩┐╜0 0 : 0 0   + 0 :   l o a d i n g   D : / G P / C o d e / m o b i l e _ f r o n t e n d / C h e c k - C o n t e n t 
   
                                                                                                         ^
  failures.txt:1:106: Error: The control character U+0000 can only be used in strings and comments.
  ∩┐╜∩┐╜0 0 : 0 0   + 0 :   l o a d i n g   D : / G P / C o d e / m o b i l e _ f r o n t e n d / C h e c k - C o n t e n t 
   
                                                                                                           ^
  failures.txt:1:108: Error: The control character U+0000 can only be used in strings and comments.
  ∩┐╜∩┐╜0 0 : 0 0   + 0 :   l o a d i n g   D : / G P / C o d e / m o b i l e _ f r o n t e n d / C h e c k - C o n t e n t 
   
                                                                                                             ^
  failures.txt:1:110: Error: The control character U+0000 can only be used in strings and comments.
  ∩┐╜∩┐╜0 0 : 0 0   + 0 :   l o a d i n g   D : / G P / C o d e / m o b i l e _ f r o n t e n d / C h e c k - C o n t e n t 
   
                                                                                                               ^
  failures.txt:1:112: Error: The control character U+0000 can only be used in strings and comments.
  ∩┐╜∩┐╜0 0 : 0 0   + 0 :   l o a d i n g   D : / G P / C o d e / m o b i l e _ f r o n t e n d / C h e c k - C o n t e n t 
   
                                                                                                                 ^
  failures.txt:1:114: Error: The control character U+0000 can only be used in strings and comments.
  ∩┐╜∩┐╜0 0 : 0 0   + 0 :   l o a d i n g   D : / G P / C o d e / m o b i l e _ f r o n t e n d / C h e c k - C o n t e n t 
   
                                                                                                                   ^
  failures.txt:1:116: Error: The control character U+0000 can only be used in strings and comments.
  ∩┐╜∩┐╜0 0 : 0 0   + 0 :   l o a d i n g   D : / G P / C o d e / m o b i l e _ f r o n t e n d / C h e c k - C o n t e n t 
   
                                                                                                                     ^
  failures.txt:1:118: Error: The control character U+0000 can only be used in strings and comments.
  ∩┐╜∩┐╜0 0 : 0 0   + 0 :   l o a d i n g   D : / G P / C o d e / m o b i l e _ f r o n t e n d / C h e c k - C o n t e n t 
   
                                                                                                                       ^
  failures.txt:1:120: Error: The control character U+0000 can only be used in strings and comments.
  ∩┐╜∩┐╜0 0 : 0 0   + 0 :   l o a d i n g   D : / G P / C o d e / m o b i l e _ f r o n t e n d / C h e c k - C o n t e n t 
   
                                                                                                                         ^
  failures.txt:2:1: Error: The control character U+0000 can only be used in strings and comments.
   0 0 : 0 0   + 0   - 1 :   l o a d i n g   D : / G P / C o d e / m o b i l e _ f r o n t e n d / C h e c k - C o n t e n t   [ E ] 
   
  ^
  failures.txt:2:3: Error: The control character U+0000 can only be used in strings and comments.
   0 0 : 0 0   + 0   - 1 :   l o a d i n g   D : / G P / C o d e / m o b i l e _ f r o n t e n d / C h e c k - C o n t e n t   [ E ] 
   
    ^
  failures.txt:2:5: Error: The control character U+0000 can only be used in strings and comments.
   0 0 : 0 0   + 0   - 1 :   l o a d i n g   D : / G P / C o d e / m o b i l e _ f r o n t e n d / C h e c k - C o n t e n t   [ E ] 
   
      ^
  failures.txt:2:7: Error: The control character U+0000 can only be used in strings and comments.
   0 0 : 0 0   + 0   - 1 :   l o a d i n g   D : / G P / C o d e / m o b i l e _ f r o n t e n d / C h e c k - C o n t e n t   [ E ] 
   
        ^
  failures.txt:2:9: Error: The control character U+0000 can only be used in strings and comments.
   0 0 : 0 0   + 0   - 1 :   l o a d i n g   D : / G P / C o d e / m o b i l e _ f r o n t e n d / C h e c k - C o n t e n t   [ E ] 
   
          ^
  failures.txt:2:11: Error: The control character U+0000 can only be used in strings and comments.
   0 0 : 0 0   + 0   - 1 :   l o a d i n g   D : / G P / C o d e / m o b i l e _ f r o n t e n d / C h e c k - C o n t e n t   [ E ] 
   
            ^
  failures.txt:2:13: Error: The control character U+0000 can only be used in strings and comments.
   0 0 : 0 0   + 0   - 1 :   l o a d i n g   D : / G P / C o d e / m o b i l e _ f r o n t e n d / C h e c k - C o n t e n t   [ E ] 
   
              ^
  failures.txt:2:15: Error: The control character U+0000 can only be used in strings and comments.
   0 0 : 0 0   + 0   - 1 :   l o a d i n g   D : / G P / C o d e / m o b i l e _ f r o n t e n d / C h e c k - C o n t e n t   [ E ] 
   
                ^
  failures.txt:2:17: Error: The control character U+0000 can only be used in strings and comments.
   0 0 : 0 0   + 0   - 1 :   l o a d i n g   D : / G P / C o d e / m o b i l e _ f r o n t e n d / C h e c k - C o n t e n t   [ E ] 
   
                  ^
  failures.txt:2:19: Error: The control character U+0000 can only be used in strings and comments.
   0 0 : 0 0   + 0   - 1 :   l o a d i n g   D : / G P / C o d e / m o b i l e _ f r o n t e n d / C h e c k - C o n t e n t   [ E ] 
   
                    ^
  failures.txt:2:21: Error: The control character U+0000 can only be used in strings and comments.
   0 0 : 0 0   + 0   - 1 :   l o a d i n g   D : / G P / C o d e / m o b i l e _ f r o n t e n d / C h e c k - C o n t e n t   [ E ] 
   
                      ^
  failures.txt:2:23: Error: The control character U+0000 can only be used in strings and comments.
   0 0 : 0 0   + 0   - 1 :   l o a d i n g   D : / G P / C o d e / m o b i l e _ f r o n t e n d / C h e c k - C o n t e n t   [ E ] 
   
                        ^
  failures.txt:2:25: Error: The control character U+0000 can only be used in strings and comments.
   0 0 : 0 0   + 0   - 1 :   l o a d i n g   D : / G P / C o d e / m o b i l e _ f r o n t e n d / C h e c k - C o n t e n t   [ E ] 
   
                          ^
  failures.txt:2:27: Error: The control character U+0000 can only be used in strings and comments.
   0 0 : 0 0   + 0   - 1 :   l o a d i n g   D : / G P / C o d e / m o b i l e _ f r o n t e n d / C h e c k - C o n t e n t   [ E ] 
   
                            ^
  failures.txt:2:29: Error: The control character U+0000 can only be used in strings and comments.
   0 0 : 0 0   + 0   - 1 :   l o a d i n g   D : / G P / C o d e / m o b i l e _ f r o n t e n d / C h e c k - C o n t e n t   [ E ] 
   
                              ^
  failures.txt:2:31: Error: The control character U+0000 can only be used in strings and comments.
   0 0 : 0 0   + 0   - 1 :   l o a d i n g   D : / G P / C o d e / m o b i l e _ f r o n t e n d / C h e c k - C o n t e n t   [ E ] 
   
                                ^
  failures.txt:2:33: Error: The control character U+0000 can only be used in strings and comments.
   0 0 : 0 0   + 0   - 1 :   l o a d i n g   D : / G P / C o d e / m o b i l e _ f r o n t e n d / C h e c k - C o n t e n t   [ E ] 
   
                                  ^
  failures.txt:2:35: Error: The control character U+0000 can only be used in strings and comments.
   0 0 : 0 0   + 0   - 1 :   l o a d i n g   D : / G P / C o d e / m o b i l e _ f r o n t e n d / C h e c k - C o n t e n t   [ E ] 
   
                                    ^
  failures.txt:2:37: Error: The control character U+0000 can only be used in strings and comments.
   0 0 : 0 0   + 0   - 1 :   l o a d i n g   D : / G P / C o d e / m o b i l e _ f r o n t e n d / C h e c k - C o n t e n t   [ E ] 
   
                                      ^
  failures.txt:2:39: Error: The control character U+0000 can only be used in strings and comments.
   0 0 : 0 0   + 0   - 1 :   l o a d i n g   D : / G P / C o d e / m o b i l e _ f r o n t e n d / C h e c k - C o n t e n t   [ E ] 
   
                                        ^
  failures.txt:2:41: Error: The control character U+0000 can only be used in strings and comments.
   0 0 : 0 0   + 0   - 1 :   l o a d i n g   D : / G P / C o d e / m o b i l e _ f r o n t e n d / C h e c k - C o n t e n t   [ E ] 
   
                                          ^
  failures.txt:2:43: Error: The control character U+0000 can only be used in strings and comments.
   0 0 : 0 0   + 0   - 1 :   l o a d i n g   D : / G P / C o d e / m o b i l e _ f r o n t e n d / C h e c k - C o n t e n t   [ E ] 
   
                                            ^
  failures.txt:2:45: Error: The control character U+0000 can only be used in strings and comments.
   0 0 : 0 0   + 0   - 1 :   l o a d i n g   D : / G P / C o d e / m o b i l e _ f r o n t e n d / C h e c k - C o n t e n t   [ E ] 
   
                                              ^
  failures.txt:2:47: Error: The control character U+0000 can only be used in strings and comments.
   0 0 : 0 0   + 0   - 1 :   l o a d i n g   D : / G P / C o d e / m o b i l e _ f r o n t e n d / C h e c k - C o n t e n t   [ E ] 
   
                                                ^
  failures.txt:2:49: Error: The control character U+0000 can only be used in strings and comments.
   0 0 : 0 0   + 0   - 1 :   l o a d i n g   D : / G P / C o d e / m o b i l e _ f r o n t e n d / C h e c k - C o n t e n t   [ E ] 
   
                                                  ^
  failures.txt:2:51: Error: The control character U+0000 can only be used in strings and comments.
   0 0 : 0 0   + 0   - 1 :   l o a d i n g   D : / G P / C o d e / m o b i l e _ f r o n t e n d / C h e c k - C o n t e n t   [ E ] 
   
                                                    ^
  failures.txt:2:53: Error: The control character U+0000 can only be used in strings and comments.
   0 0 : 0 0   + 0   - 1 :   l o a d i n g   D : / G P / C o d e / m o b i l e _ f r o n t e n d / C h e c k - C o n t e n t   [ E ] 
   
                                                      ^
  failures.txt:2:55: Error: The control character U+0000 can only be used in strings and comments.
   0 0 : 0 0   + 0   - 1 :   l o a d i n g   D : / G P / C o d e / m o b i l e _ f r o n t e n d / C h e c k - C o n t e n t   [ E ] 
   
                                                        ^
  failures.txt:2:57: Error: The control character U+0000 can only be used in strings and comments.
   0 0 : 0 0   + 0   - 1 :   l o a d i n g   D : / G P / C o d e / m o b i l e _ f r o n t e n d / C h e c k - C o n t e n t   [ E ] 
   
                                                          ^
  failures.txt:2:59: Error: The control character U+0000 can only be used in strings and comments.
   0 0 : 0 0   + 0   - 1 :   l o a d i n g   D : / G P / C o d e / m o b i l e _ f r o n t e n d / C h e c k - C o n t e n t   [ E ] 
   
                                                            ^
  failures.txt:2:61: Error: The control character U+0000 can only be used in strings and comments.
   0 0 : 0 0   + 0   - 1 :   l o a d i n g   D : / G P / C o d e / m o b i l e _ f r o n t e n d / C h e c k - C o n t e n t   [ E ] 
   
                                                              ^
  failures.txt:2:63: Error: The control character U+0000 can only be used in strings and comments.
   0 0 : 0 0   + 0   - 1 :   l o a d i n g   D : / G P / C o d e / m o b i l e _ f r o n t e n d / C h e c k - C o n t e n t   [ E ] 
   
                                                                ^
  failures.txt:2:65: Error: The control character U+0000 can only be used in strings and comments.
   0 0 : 0 0   + 0   - 1 :   l o a d i n g   D : / G P / C o d e / m o b i l e _ f r o n t e n d / C h e c k - C o n t e n t   [ E ] 
   
                                                                  ^
  failures.txt:2:67: Error: The control character U+0000 can only be used in strings and comments.
   0 0 : 0 0   + 0   - 1 :   l o a d i n g   D : / G P / C o d e / m o b i l e _ f r o n t e n d / C h e c k - C o n t e n t   [ E ] 
   
                                                                    ^
  failures.txt:2:69: Error: The control character U+0000 can only be used in strings and comments.
   0 0 : 0 0   + 0   - 1 :   l o a d i n g   D : / G P / C o d e / m o b i l e _ f r o n t e n d / C h e c k - C o n t e n t   [ E ] 
   
                                                                      ^
  failures.txt:2:71: Error: The control character U+0000 can only be used in strings and comments.
   0 0 : 0 0   + 0   - 1 :   l o a d i n g   D : / G P / C o d e / m o b i l e _ f r o n t e n d / C h e c k - C o n t e n t   [ E ] 
   
                                                                        ^
  failures.txt:2:73: Error: The control character U+0000 can only be used in strings and comments.
   0 0 : 0 0   + 0   - 1 :   l o a d i n g   D : / G P / C o d e / m o b i l e _ f r o n t e n d / C h e c k - C o n t e n t   [ E ] 
   
                                                                          ^
  failures.txt:2:75: Error: The control character U+0000 can only be used in strings and comments.
   0 0 : 0 0   + 0   - 1 :   l o a d i n g   D : / G P / C o d e / m o b i l e _ f r o n t e n d / C h e c k - C o n t e n t   [ E ] 
   
                                                                            ^
  failures.txt:2:77: Error: The control character U+0000 can only be used in strings and comments.
   0 0 : 0 0   + 0   - 1 :   l o a d i n g   D : / G P / C o d e / m o b i l e _ f r o n t e n d / C h e c k - C o n t e n t   [ E ] 
   
                                                                              ^
  failures.txt:2:79: Error: The control character U+0000 can only be used in strings and comments.
   0 0 : 0 0   + 0   - 1 :   l o a d i n g   D : / G P / C o d e / m o b i l e _ f r o n t e n d / C h e c k - C o n t e n t   [ E ] 
   
                                                                                ^
  failures.txt:2:81: Error: The control character U+0000 can only be used in strings and comments.
   0 0 : 0 0   + 0   - 1 :   l o a d i n g   D : / G P / C o d e / m o b i l e _ f r o n t e n d / C h e c k - C o n t e n t   [ E ] 
   
                                                                                  ^
  failures.txt:2:83: Error: The control character U+0000 can only be used in strings and comments.
   0 0 : 0 0   + 0   - 1 :   l o a d i n g   D : / G P / C o d e / m o b i l e _ f r o n t e n d / C h e c k - C o n t e n t   [ E ] 
   
                                                                                    ^
  failures.txt:2:85: Error: The control character U+0000 can only be used in strings and comments.
   0 0 : 0 0   + 0   - 1 :   l o a d i n g   D : / G P / C o d e / m o b i l e _ f r o n t e n d / C h e c k - C o n t e n t   [ E ] 
   
                                                                                      ^
  failures.txt:2:87: Error: The control character U+0000 can only be used in strings and comments.
   0 0 : 0 0   + 0   - 1 :   l o a d i n g   D : / G P / C o d e / m o b i l e _ f r o n t e n d / C h e c k - C o n t e n t   [ E ] 
   
                                                                                        ^
  failures.txt:2:89: Error: The control character U+0000 can only be used in strings and comments.
   0 0 : 0 0   + 0   - 1 :   l o a d i n g   D : / G P / C o d e / m o b i l e _ f r o n t e n d / C h e c k - C o n t e n t   [ E ] 
   
                                                                                          ^
  failures.txt:2:91: Error: The control character U+0000 can only be used in strings and comments.
   0 0 : 0 0   + 0   - 1 :   l o a d i n g   D : / G P / C o d e / m o b i l e _ f r o n t e n d / C h e c k - C o n t e n t   [ E ] 
   
                                                                                            ^
  failures.txt:2:93: Error: The control character U+0000 can only be used in strings and comments.
   0 0 : 0 0   + 0   - 1 :   l o a d i n g   D : / G P / C o d e / m o b i l e _ f r o n t e n d / C h e c k - C o n t e n t   [ E ] 
   
                                                                                              ^
  failures.txt:2:95: Error: The control character U+0000 can only be used in strings and comments.
   0 0 : 0 0   + 0   - 1 :   l o a d i n g   D : / G P / C o d e / m o b i l e _ f r o n t e n d / C h e c k - C o n t e n t   [ E ] 
   
                                                                                                ^
  failures.txt:2:97: Error: The control character U+0000 can only be used in strings and comments.
   0 0 : 0 0   + 0   - 1 :   l o a d i n g   D : / G P / C o d e / m o b i l e _ f r o n t e n d / C h e c k - C o n t e n t   [ E ] 
   
                                                                                                  ^
  failures.txt:2:99: Error: The control character U+0000 can only be used in strings and comments.
   0 0 : 0 0   + 0   - 1 :   l o a d i n g   D : / G P / C o d e / m o b i l e _ f r o n t e n d / C h e c k - C o n t e n t   [ E ] 
   
                                                                                                    ^
  failures.txt:2:101: Error: The control character U+0000 can only be used in strings and comments.
   0 0 : 0 0   + 0   - 1 :   l o a d i n g   D : / G P / C o d e / m o b i l e _ f r o n t e n d / C h e c k - C o n t e n t   [ E ] 
   
                                                                                                      ^
  failures.txt:2:103: Error: The control character U+0000 can only be used in strings and comments.
   0 0 : 0 0   + 0   - 1 :   l o a d i n g   D : / G P / C o d e / m o b i l e _ f r o n t e n d / C h e c k - C o n t e n t   [ E ] 
   
                                                                                                        ^
  failures.txt:2:105: Error: The control character U+0000 can only be used in strings and comments.
   0 0 : 0 0   + 0   - 1 :   l o a d i n g   D : / G P / C o d e / m o b i l e _ f r o n t e n d / C h e c k - C o n t e n t   [ E ] 
   
                                                                                                          ^
  failures.txt:2:107: Error: The control character U+0000 can only be used in strings and comments.
   0 0 : 0 0   + 0   - 1 :   l o a d i n g   D : / G P / C o d e / m o b i l e _ f r o n t e n d / C h e c k - C o n t e n t   [ E ] 
   
                                                                                                            ^
  failures.txt:2:109: Error: The control character U+0000 can only be used in strings and comments.
   0 0 : 0 0   + 0   - 1 :   l o a d i n g   D : / G P / C o d e / m o b i l e _ f r o n t e n d / C h e c k - C o n t e n t   [ E ] 
   
                                                                                                              ^
  failures.txt:2:111: Error: The control character U+0000 can only be used in strings and comments.
   0 0 : 0 0   + 0   - 1 :   l o a d i n g   D : / G P / C o d e / m o b i l e _ f r o n t e n d / C h e c k - C o n t e n t   [ E ] 
   
                                                                                                                ^
  failures.txt:2:113: Error: The control character U+0000 can only be used in strings and comments.
   0 0 : 0 0   + 0   - 1 :   l o a d i n g   D : / G P / C o d e / m o b i l e _ f r o n t e n d / C h e c k - C o n t e n t   [ E ] 
   
                                                                                                                  ^
  failures.txt:2:115: Error: The control character U+0000 can only be used in strings and comments.
   0 0 : 0 0   + 0   - 1 :   l o a d i n g   D : / G P / C o d e / m o b i l e _ f r o n t e n d / C h e c k - C o n t e n t   [ E ] 
   
                                                                                                                    ^
  failures.txt:2:117: Error: The control character U+0000 can only be used in strings and comments.
   0 0 : 0 0   + 0   - 1 :   l o a d i n g   D : / G P / C o d e / m o b i l e _ f r o n t e n d / C h e c k - C o n t e n t   [ E ] 
   
                                                                                                                      ^
  failures.txt:2:119: Error: The control character U+0000 can only be used in strings and comments.
   0 0 : 0 0   + 0   - 1 :   l o a d i n g   D : / G P / C o d e / m o b i l e _ f r o n t e n d / C h e c k - C o n t e n t   [ E ] 
   
                                                                                                                        ^
  failures.txt:2:121: Error: The control character U+0000 can only be used in strings and comments.
   0 0 : 0 0   + 0   - 1 :   l o a d i n g   D : / G P / C o d e / m o b i l e _ f r o n t e n d / C h e c k - C o n t e n t   [ E ] 
   
                                                                                                                          ^
  failures.txt:2:123: Error: The control character U+0000 can only be used in strings and comments.
   0 0 : 0 0   + 0   - 1 :   l o a d i n g   D : / G P / C o d e / m o b i l e _ f r o n t e n d / C h e c k - C o n t e n t   [ E ] 
   
                                                                                                                            ^
  failures.txt:2:125: Error: The control character U+0000 can only be used in strings and comments.
   0 0 : 0 0   + 0   - 1 :   l o a d i n g   D : / G P / C o d e / m o b i l e _ f r o n t e n d / C h e c k - C o n t e n t   [ E ] 
   
                                                                                                                              ^
  failures.txt:2:127: Error: The control character U+0000 can only be used in strings and comments.
   0 0 : 0 0   + 0   - 1 :   l o a d i n g   D : / G P / C o d e / m o b i l e _ f r o n t e n d / C h e c k - C o n t e n t   [ E ] 
   
                                                                                                                                ^
  failures.txt:2:129: Error: The control character U+0000 can only be used in strings and comments.
   0 0 : 0 0   + 0   - 1 :   l o a d i n g   D : / G P / C o d e / m o b i l e _ f r o n t e n d / C h e c k - C o n t e n t   [ E ] 
   
                                                                                                                                  ^
  failures.txt:2:131: Error: The control character U+0000 can only be used in strings and comments.
   0 0 : 0 0   + 0   - 1 :   l o a d i n g   D : / G P / C o d e / m o b i l e _ f r o n t e n d / C h e c k - C o n t e n t   [ E ] 
   
                                                                                                                                    ^
  failures.txt:2:133: Error: The control character U+0000 can only be used in strings and comments.
   0 0 : 0 0   + 0   - 1 :   l o a d i n g   D : / G P / C o d e / m o b i l e _ f r o n t e n d / C h e c k - C o n t e n t   [ E ] 
   
                                                                                                                                      ^
  failures.txt:3:1: Error: The control character U+0000 can only be used in strings and comments.
       F a i l e d   t o   l o a d   " D : / G P / C o d e / m o b i l e _ f r o n t e n d / C h e c k - C o n t e n t " :   D o e s   n o t   e x i s t . 
   
  ^
  failures.txt:3:3: Error: The control character U+0000 can only be used in strings and comments.
       F a i l e d   t o   l o a d   " D : / G P / C o d e / m o b i l e _ f r o n t e n d / C h e c k - C o n t e n t " :   D o e s   n o t   e x i s t . 
   
    ^
  failures.txt:3:5: Error: The control character U+0000 can only be used in strings and comments.
       F a i l e d   t o   l o a d   " D : / G P / C o d e / m o b i l e _ f r o n t e n d / C h e c k - C o n t e n t " :   D o e s   n o t   e x i s t . 
   
      ^
  failures.txt:3:7: Error: The control character U+0000 can only be used in strings and comments.
       F a i l e d   t o   l o a d   " D : / G P / C o d e / m o b i l e _ f r o n t e n d / C h e c k - C o n t e n t " :   D o e s   n o t   e x i s t . 
   
        ^
  failures.txt:3:9: Error: The control character U+0000 can only be used in strings and comments.
       F a i l e d   t o   l o a d   " D : / G P / C o d e / m o b i l e _ f r o n t e n d / C h e c k - C o n t e n t " :   D o e s   n o t   e x i s t . 
   
          ^
  failures.txt:3:11: Error: The control character U+0000 can only be used in strings and comments.
       F a i l e d   t o   l o a d   " D : / G P / C o d e / m o b i l e _ f r o n t e n d / C h e c k - C o n t e n t " :   D o e s   n o t   e x i s t . 
   
            ^
  failures.txt:3:13: Error: The control character U+0000 can only be used in strings and comments.
       F a i l e d   t o   l o a d   " D : / G P / C o d e / m o b i l e _ f r o n t e n d / C h e c k - C o n t e n t " :   D o e s   n o t   e x i s t . 
   
              ^
  failures.txt:3:15: Error: The control character U+0000 can only be used in strings and comments.
       F a i l e d   t o   l o a d   " D : / G P / C o d e / m o b i l e _ f r o n t e n d / C h e c k - C o n t e n t " :   D o e s   n o t   e x i s t . 
   
                ^
  failures.txt:3:17: Error: The control character U+0000 can only be used in strings and comments.
       F a i l e d   t o   l o a d   " D : / G P / C o d e / m o b i l e _ f r o n t e n d / C h e c k - C o n t e n t " :   D o e s   n o t   e x i s t . 
   
                  ^
  failures.txt:3:19: Error: The control character U+0000 can only be used in strings and comments.
       F a i l e d   t o   l o a d   " D : / G P / C o d e / m o b i l e _ f r o n t e n d / C h e c k - C o n t e n t " :   D o e s   n o t   e x i s t . 
   
                    ^
  failures.txt:3:21: Error: The control character U+0000 can only be used in strings and comments.
       F a i l e d   t o   l o a d   " D : / G P / C o d e / m o b i l e _ f r o n t e n d / C h e c k - C o n t e n t " :   D o e s   n o t   e x i s t . 
   
                      ^
  failures.txt:3:23: Error: The control character U+0000 can only be used in strings and comments.
       F a i l e d   t o   l o a d   " D : / G P / C o d e / m o b i l e _ f r o n t e n d / C h e c k - C o n t e n t " :   D o e s   n o t   e x i s t . 
   
                        ^
  failures.txt:3:25: Error: The control character U+0000 can only be used in strings and comments.
       F a i l e d   t o   l o a d   " D : / G P / C o d e / m o b i l e _ f r o n t e n d / C h e c k - C o n t e n t " :   D o e s   n o t   e x i s t . 
   
                          ^
  failures.txt:3:27: Error: The control character U+0000 can only be used in strings and comments.
       F a i l e d   t o   l o a d   " D : / G P / C o d e / m o b i l e _ f r o n t e n d / C h e c k - C o n t e n t " :   D o e s   n o t   e x i s t . 
   
                            ^
  failures.txt:3:29: Error: The control character U+0000 can only be used in strings and comments.
       F a i l e d   t o   l o a d   " D : / G P / C o d e / m o b i l e _ f r o n t e n d / C h e c k - C o n t e n t " :   D o e s   n o t   e x i s t . 
   
                              ^
  failures.txt:3:31: Error: The control character U+0000 can only be used in strings and comments.
       F a i l e d   t o   l o a d   " D : / G P / C o d e / m o b i l e _ f r o n t e n d / C h e c k - C o n t e n t " :   D o e s   n o t   e x i s t . 
   
                                ^
  failures.txt:3:33: Error: The control character U+0000 can only be used in strings and comments.
       F a i l e d   t o   l o a d   " D : / G P / C o d e / m o b i l e _ f r o n t e n d / C h e c k - C o n t e n t " :   D o e s   n o t   e x i s t . 
   
                                  ^
  failures.txt:3:35: Error: The control character U+0000 can only be used in strings and comments.
       F a i l e d   t o   l o a d   " D : / G P / C o d e / m o b i l e _ f r o n t e n d / C h e c k - C o n t e n t " :   D o e s   n o t   e x i s t . 
   
                                    ^
  failures.txt:3:119: Error: The control character U+0000 can only be used in strings and comments.
       F a i l e d   t o   l o a d   " D : / G P / C o d e / m o b i l e _ f r o n t e n d / C h e c k - C o n t e n t " :   D o e s   n o t   e x i s t . 
   
                                                                                                                        ^
  failures.txt:3:121: Error: The control character U+0000 can only be used in strings and comments.
       F a i l e d   t o   l o a d   " D : / G P / C o d e / m o b i l e _ f r o n t e n d / C h e c k - C o n t e n t " :   D o e s   n o t   e x i s t . 
   
                                                                                                                          ^
  failures.txt:3:123: Error: The control character U+0000 can only be used in strings and comments.
       F a i l e d   t o   l o a d   " D : / G P / C o d e / m o b i l e _ f r o n t e n d / C h e c k - C o n t e n t " :   D o e s   n o t   e x i s t . 
   
                                                                                                                            ^
  failures.txt:3:125: Error: The control character U+0000 can only be used in strings and comments.
       F a i l e d   t o   l o a d   " D : / G P / C o d e / m o b i l e _ f r o n t e n d / C h e c k - C o n t e n t " :   D o e s   n o t   e x i s t . 
   
                                                                                                                              ^
  failures.txt:3:127: Error: The control character U+0000 can only be used in strings and comments.
       F a i l e d   t o   l o a d   " D : / G P / C o d e / m o b i l e _ f r o n t e n d / C h e c k - C o n t e n t " :   D o e s   n o t   e x i s t . 
   
                                                                                                                                ^
  failures.txt:3:129: Error: The control character U+0000 can only be used in strings and comments.
       F a i l e d   t o   l o a d   " D : / G P / C o d e / m o b i l e _ f r o n t e n d / C h e c k - C o n t e n t " :   D o e s   n o t   e x i s t . 
   
                                                                                                                                  ^
  failures.txt:3:131: Error: The control character U+0000 can only be used in strings and comments.
       F a i l e d   t o   l o a d   " D : / G P / C o d e / m o b i l e _ f r o n t e n d / C h e c k - C o n t e n t " :   D o e s   n o t   e x i s t . 
   
                                                                                                                                    ^
  failures.txt:3:133: Error: The control character U+0000 can only be used in strings and comments.
       F a i l e d   t o   l o a d   " D : / G P / C o d e / m o b i l e _ f r o n t e n d / C h e c k - C o n t e n t " :   D o e s   n o t   e x i s t . 
   
                                                                                                                                      ^
  failures.txt:3:135: Error: The control character U+0000 can only be used in strings and comments.
       F a i l e d   t o   l o a d   " D : / G P / C o d e / m o b i l e _ f r o n t e n d / C h e c k - C o n t e n t " :   D o e s   n o t   e x i s t . 
   
                                                                                                                                        ^
  failures.txt:3:137: Error: The control character U+0000 can only be used in strings and comments.
       F a i l e d   t o   l o a d   " D : / G P / C o d e / m o b i l e _ f r o n t e n d / C h e c k - C o n t e n t " :   D o e s   n o t   e x i s t . 
   
                                                                                                                                          ^
  failures.txt:3:139: Error: The control character U+0000 can only be used in strings and comments.
       F a i l e d   t o   l o a d   " D : / G P / C o d e / m o b i l e _ f r o n t e n d / C h e c k - C o n t e n t " :   D o e s   n o t   e x i s t . 
   
                                                                                                                                            ^
  failures.txt:3:141: Error: The control character U+0000 can only be used in strings and comments.
       F a i l e d   t o   l o a d   " D : / G P / C o d e / m o b i l e _ f r o n t e n d / C h e c k - C o n t e n t " :   D o e s   n o t   e x i s t . 
   
                                                                                                                                              ^
  failures.txt:3:143: Error: The control character U+0000 can only be used in strings and comments.
       F a i l e d   t o   l o a d   " D : / G P / C o d e / m o b i l e _ f r o n t e n d / C h e c k - C o n t e n t " :   D o e s   n o t   e x i s t . 
   
                                                                                                                                                ^
  failures.txt:3:145: Error: The control character U+0000 can only be used in strings and comments.
       F a i l e d   t o   l o a d   " D : / G P / C o d e / m o b i l e _ f r o n t e n d / C h e c k - C o n t e n t " :   D o e s   n o t   e x i s t . 
   
                                                                                                                                                  ^
  failures.txt:3:147: Error: The control character U+0000 can only be used in strings and comments.
       F a i l e d   t o   l o a d   " D : / G P / C o d e / m o b i l e _ f r o n t e n d / C h e c k - C o n t e n t " :   D o e s   n o t   e x i s t . 
   
                                                                                                                                                    ^
  failures.txt:3:149: Error: The control character U+0000 can only be used in strings and comments.
       F a i l e d   t o   l o a d   " D : / G P / C o d e / m o b i l e _ f r o n t e n d / C h e c k - C o n t e n t " :   D o e s   n o t   e x i s t . 
   
                                                                                                                                                      ^
  failures.txt:3:151: Error: The control character U+0000 can only be used in strings and comments.
       F a i l e d   t o   l o a d   " D : / G P / C o d e / m o b i l e _ f r o n t e n d / C h e c k - C o n t e n t " :   D o e s   n o t   e x i s t . 
   
                                                                                                                                                        ^
  failures.txt:3:153: Error: The control character U+0000 can only be used in strings and comments.
       F a i l e d   t o   l o a d   " D : / G P / C o d e / m o b i l e _ f r o n t e n d / C h e c k - C o n t e n t " :   D o e s   n o t   e x i s t . 
   
                                                                                                                                                          ^
  failures.txt:3:155: Error: The control character U+0000 can only be used in strings and comments.
       F a i l e d   t o   l o a d   " D : / G P / C o d e / m o b i l e _ f r o n t e n d / C h e c k - C o n t e n t " :   D o e s   n o t   e x i s t . 
   
                                                                                                                                                            ^
  failures.txt:4:1: Error: The control character U+0000 can only be used in strings and comments.
   
  ^
  failures.txt:1:3: Error: Expected a declaration, but got '0'.
  ∩┐╜∩┐╜0 0 : 0 0   + 0 :   l o a d i n g   D : / G P / C o d e / m o b i l e _ f r o n t e n d / C h e c k - C o n t e n t 
   
    ^
  failures.txt:1:5: Error: Expected a declaration, but got '0'.
  ∩┐╜∩┐╜0 0 : 0 0   + 0 :   l o a d i n g   D : / G P / C o d e / m o b i l e _ f r o n t e n d / C h e c k - C o n t e n t 
   
      ^
  failures.txt:1:7: Error: Expected a declaration, but got ':'.
  ∩┐╜∩┐╜0 0 : 0 0   + 0 :   l o a d i n g   D : / G P / C o d e / m o b i l e _ f r o n t e n d / C h e c k - C o n t e n t 
   
        ^
  failures.txt:1:9: Error: Expected a declaration, but got '0'.
  ∩┐╜∩┐╜0 0 : 0 0   + 0 :   l o a d i n g   D : / G P / C o d e / m o b i l e _ f r o n t e n d / C h e c k - C o n t e n t 
   
          ^
  failures.txt:1:11: Error: Expected a declaration, but got '0'.
  ∩┐╜∩┐╜0 0 : 0 0   + 0 :   l o a d i n g   D : / G P / C o d e / m o b i l e _ f r o n t e n d / C h e c k - C o n t e n t 
   
            ^
  failures.txt:1:15: Error: Expected a declaration, but got '+'.
  ∩┐╜∩┐╜0 0 : 0 0   + 0 :   l o a d i n g   D : / G P / C o d e / m o b i l e _ f r o n t e n d / C h e c k - C o n t e n t 
   
                ^
  failures.txt:1:17: Error: Expected a declaration, but got '0'.
  ∩┐╜∩┐╜0 0 : 0 0   + 0 :   l o a d i n g   D : / G P / C o d e / m o b i l e _ f r o n t e n d / C h e c k - C o n t e n t 
   
                  ^
  failures.txt:1:19: Error: Expected a declaration, but got ':'.
  ∩┐╜∩┐╜0 0 : 0 0   + 0 :   l o a d i n g   D : / G P / C o d e / m o b i l e _ f r o n t e n d / C h e c k - C o n t e n t 
   
                    ^
  failures.txt:1:25: Error: Expected ';' after this.
  ∩┐╜∩┐╜0 0 : 0 0   + 0 :   l o a d i n g   D : / G P / C o d e / m o b i l e _ f r o n t e n d / C h e c k - C o n t e n t 
   
                          ^
  failures.txt:1:29: Error: Expected ';' after this.
  ∩┐╜∩┐╜0 0 : 0 0   + 0 :   l o a d i n g   D : / G P / C o d e / m o b i l e _ f r o n t e n d / C h e c k - C o n t e n t 
   
                              ^
  failures.txt:1:33: Error: Expected ';' after this.
  ∩┐╜∩┐╜0 0 : 0 0   + 0 :   l o a d i n g   D : / G P / C o d e / m o b i l e _ f r o n t e n d / C h e c k - C o n t e n t 
   
                                  ^
  failures.txt:1:39: Error: Expected ';' after this.
  ∩┐╜∩┐╜0 0 : 0 0   + 0 :   l o a d i n g   D : / G P / C o d e / m o b i l e _ f r o n t e n d / C h e c k - C o n t e n t 
   
                                        ^
  failures.txt:1:41: Error: Expected a declaration, but got ':'.
  ∩┐╜∩┐╜0 0 : 0 0   + 0 :   l o a d i n g   D : / G P / C o d e / m o b i l e _ f r o n t e n d / C h e c k - C o n t e n t 
   
                                          ^
  failures.txt:1:43: Error: Expected a declaration, but got '/'.
  ∩┐╜∩┐╜0 0 : 0 0   + 0 :   l o a d i n g   D : / G P / C o d e / m o b i l e _ f r o n t e n d / C h e c k - C o n t e n t 
   
                                            ^
  failures.txt:1:47: Error: Expected ';' after this.
  ∩┐╜∩┐╜0 0 : 0 0   + 0 :   l o a d i n g   D : / G P / C o d e / m o b i l e _ f r o n t e n d / C h e c k - C o n t e n t 
   
                                                ^
  failures.txt:1:49: Error: Expected a declaration, but got '/'.
  ∩┐╜∩┐╜0 0 : 0 0   + 0 :   l o a d i n g   D : / G P / C o d e / m o b i l e _ f r o n t e n d / C h e c k - C o n t e n t 
   
                                                  ^
  failures.txt:1:53: Error: Expected ';' after this.
  ∩┐╜∩┐╜0 0 : 0 0   + 0 :   l o a d i n g   D : / G P / C o d e / m o b i l e _ f r o n t e n d / C h e c k - C o n t e n t 
   
                                                      ^
  failures.txt:1:57: Error: Expected ';' after this.
  ∩┐╜∩┐╜0 0 : 0 0   + 0 :   l o a d i n g   D : / G P / C o d e / m o b i l e _ f r o n t e n d / C h e c k - C o n t e n t 
   
                                                          ^
  failures.txt:1:59: Error: Expected a declaration, but got '/'.
  ∩┐╜∩┐╜0 0 : 0 0   + 0 :   l o a d i n g   D : / G P / C o d e / m o b i l e _ f r o n t e n d / C h e c k - C o n t e n t 
   
                                                            ^
  failures.txt:1:63: Error: Expected ';' after this.
  ∩┐╜∩┐╜0 0 : 0 0   + 0 :   l o a d i n g   D : / G P / C o d e / m o b i l e _ f r o n t e n d / C h e c k - C o n t e n t 
   
                                                                ^
  failures.txt:1:67: Error: Expected ';' after this.
  ∩┐╜∩┐╜0 0 : 0 0   + 0 :   l o a d i n g   D : / G P / C o d e / m o b i l e _ f r o n t e n d / C h e c k - C o n t e n t 
   
                                                                    ^
  failures.txt:1:71: Error: Expected ';' after this.
  ∩┐╜∩┐╜0 0 : 0 0   + 0 :   l o a d i n g   D : / G P / C o d e / m o b i l e _ f r o n t e n d / C h e c k - C o n t e n t 
   
                                                                        ^
  failures.txt:1:75: Error: Expected ';' after this.
  ∩┐╜∩┐╜0 0 : 0 0   + 0 :   l o a d i n g   D : / G P / C o d e / m o b i l e _ f r o n t e n d / C h e c k - C o n t e n t 
   
                                                                            ^
  failures.txt:1:79: Error: Expected ';' after this.
  ∩┐╜∩┐╜0 0 : 0 0   + 0 :   l o a d i n g   D : / G P / C o d e / m o b i l e _ f r o n t e n d / C h e c k - C o n t e n t 
   
                                                                                ^
  failures.txt:1:83: Error: Expected ';' after this.
  ∩┐╜∩┐╜0 0 : 0 0   + 0 :   l o a d i n g   D : / G P / C o d e / m o b i l e _ f r o n t e n d / C h e c k - C o n t e n t 
   
                                                                                    ^
  failures.txt:1:87: Error: Expected ';' after this.
  ∩┐╜∩┐╜0 0 : 0 0   + 0 :   l o a d i n g   D : / G P / C o d e / m o b i l e _ f r o n t e n d / C h e c k - C o n t e n t 
   
                                                                                        ^
  failures.txt:1:89: Error: Variables must be declared using the keywords 'const', 'final', 'var' or a type name.
  Try adding the name of the type of the variable or the keyword 'var'.
  ∩┐╜∩┐╜0 0 : 0 0   + 0 :   l o a d i n g   D : / G P / C o d e / m o b i l e _ f r o n t e n d / C h e c k - C o n t e n t 
   
                                                                                          ^
  failures.txt:1:89: Error: Expected ';' after this.
  ∩┐╜∩┐╜0 0 : 0 0   + 0 :   l o a d i n g   D : / G P / C o d e / m o b i l e _ f r o n t e n d / C h e c k - C o n t e n t 
   
                                                                                          ^
  failures.txt:1:91: Error: Expected a declaration, but got '/'.
  ∩┐╜∩┐╜0 0 : 0 0   + 0 :   l o a d i n g   D : / G P / C o d e / m o b i l e _ f r o n t e n d / C h e c k - C o n t e n t 
   
                                                                                            ^
  failures.txt:1:95: Error: Expected ';' after this.
  ∩┐╜∩┐╜0 0 : 0 0   + 0 :   l o a d i n g   D : / G P / C o d e / m o b i l e _ f r o n t e n d / C h e c k - C o n t e n t 
   
                                                                                                ^
  failures.txt:1:99: Error: Expected ';' after this.
  ∩┐╜∩┐╜0 0 : 0 0   + 0 :   l o a d i n g   D : / G P / C o d e / m o b i l e _ f r o n t e n d / C h e c k - C o n t e n t 
   
                                                                                                    ^
  failures.txt:1:101: Error: Variables must be declared using the keywords 'const', 'final', 'var' or a type name.
  Try adding the name of the type of the variable or the keyword 'var'.
  ∩┐╜∩┐╜0 0 : 0 0   + 0 :   l o a d i n g   D : / G P / C o d e / m o b i l e _ f r o n t e n d / C h e c k - C o n t e n t 
   
                                                                                                      ^
  failures.txt:1:101: Error: Expected ';' after this.
  ∩┐╜∩┐╜0 0 : 0 0   + 0 :   l o a d i n g   D : / G P / C o d e / m o b i l e _ f r o n t e n d / C h e c k - C o n t e n t 
   
                                                                                                      ^
  failures.txt:1:103: Error: Expected a declaration, but got '-'.
  ∩┐╜∩┐╜0 0 : 0 0   + 0 :   l o a d i n g   D : / G P / C o d e / m o b i l e _ f r o n t e n d / C h e c k - C o n t e n t 
   
                                                                                                        ^
  failures.txt:1:107: Error: Expected ';' after this.
  ∩┐╜∩┐╜0 0 : 0 0   + 0 :   l o a d i n g   D : / G P / C o d e / m o b i l e _ f r o n t e n d / C h e c k - C o n t e n t 
   
                                                                                                            ^
  failures.txt:1:111: Error: Expected ';' after this.
  ∩┐╜∩┐╜0 0 : 0 0   + 0 :   l o a d i n g   D : / G P / C o d e / m o b i l e _ f r o n t e n d / C h e c k - C o n t e n t 
   
                                                                                                                ^
  failures.txt:1:115: Error: Expected ';' after this.
  ∩┐╜∩┐╜0 0 : 0 0   + 0 :   l o a d i n g   D : / G P / C o d e / m o b i l e _ f r o n t e n d / C h e c k - C o n t e n t 
   
                                                                                                                    ^
  failures.txt:1:117: Error: Variables must be declared using the keywords 'const', 'final', 'var' or a type name.
  Try adding the name of the type of the variable or the keyword 'var'.
  ∩┐╜∩┐╜0 0 : 0 0   + 0 :   l o a d i n g   D : / G P / C o d e / m o b i l e _ f r o n t e n d / C h e c k - C o n t e n t 
   
                                                                                                                      ^
  failures.txt:1:117: Error: Expected ';' after this.
  ∩┐╜∩┐╜0 0 : 0 0   + 0 :   l o a d i n g   D : / G P / C o d e / m o b i l e _ f r o n t e n d / C h e c k - C o n t e n t 
   
                                                                                                                      ^
  failures.txt:2:2: Error: Expected a declaration, but got '0'.
   0 0 : 0 0   + 0   - 1 :   l o a d i n g   D : / G P / C o d e / m o b i l e _ f r o n t e n d / C h e c k - C o n t e n t   [ E ] 
   
   ^
  failures.txt:2:4: Error: Expected a declaration, but got '0'.
   0 0 : 0 0   + 0   - 1 :   l o a d i n g   D : / G P / C o d e / m o b i l e _ f r o n t e n d / C h e c k - C o n t e n t   [ E ] 
   
     ^
  failures.txt:2:6: Error: Expected a declaration, but got ':'.
   0 0 : 0 0   + 0   - 1 :   l o a d i n g   D : / G P / C o d e / m o b i l e _ f r o n t e n d / C h e c k - C o n t e n t   [ E ] 
   
       ^
  failures.txt:2:8: Error: Expected a declaration, but got '0'.
   0 0 : 0 0   + 0   - 1 :   l o a d i n g   D : / G P / C o d e / m o b i l e _ f r o n t e n d / C h e c k - C o n t e n t   [ E ] 
   
         ^
  failures.txt:2:10: Error: Expected a declaration, but got '0'.
   0 0 : 0 0   + 0   - 1 :   l o a d i n g   D : / G P / C o d e / m o b i l e _ f r o n t e n d / C h e c k - C o n t e n t   [ E ] 
   
           ^
  failures.txt:2:14: Error: Expected a declaration, but got '+'.
   0 0 : 0 0   + 0   - 1 :   l o a d i n g   D : / G P / C o d e / m o b i l e _ f r o n t e n d / C h e c k - C o n t e n t   [ E ] 
   
               ^
  failures.txt:2:16: Error: Expected a declaration, but got '0'.
   0 0 : 0 0   + 0   - 1 :   l o a d i n g   D : / G P / C o d e / m o b i l e _ f r o n t e n d / C h e c k - C o n t e n t   [ E ] 
   
                 ^
  failures.txt:2:20: Error: Expected a declaration, but got '-'.
   0 0 : 0 0   + 0   - 1 :   l o a d i n g   D : / G P / C o d e / m o b i l e _ f r o n t e n d / C h e c k - C o n t e n t   [ E ] 
   
                     ^
  failures.txt:2:22: Error: Expected a declaration, but got '1'.
   0 0 : 0 0   + 0   - 1 :   l o a d i n g   D : / G P / C o d e / m o b i l e _ f r o n t e n d / C h e c k - C o n t e n t   [ E ] 
   
                       ^
  failures.txt:2:24: Error: Expected a declaration, but got ':'.
   0 0 : 0 0   + 0   - 1 :   l o a d i n g   D : / G P / C o d e / m o b i l e _ f r o n t e n d / C h e c k - C o n t e n t   [ E ] 
   
                         ^
  failures.txt:2:30: Error: Expected ';' after this.
   0 0 : 0 0   + 0   - 1 :   l o a d i n g   D : / G P / C o d e / m o b i l e _ f r o n t e n d / C h e c k - C o n t e n t   [ E ] 
   
                               ^
  failures.txt:2:34: Error: Expected ';' after this.
   0 0 : 0 0   + 0   - 1 :   l o a d i n g   D : / G P / C o d e / m o b i l e _ f r o n t e n d / C h e c k - C o n t e n t   [ E ] 
   
                                   ^
  failures.txt:2:38: Error: Expected ';' after this.
   0 0 : 0 0   + 0   - 1 :   l o a d i n g   D : / G P / C o d e / m o b i l e _ f r o n t e n d / C h e c k - C o n t e n t   [ E ] 
   
                                       ^
  failures.txt:2:44: Error: Expected ';' after this.
   0 0 : 0 0   + 0   - 1 :   l o a d i n g   D : / G P / C o d e / m o b i l e _ f r o n t e n d / C h e c k - C o n t e n t   [ E ] 
   
                                             ^
  failures.txt:2:46: Error: Expected a declaration, but got ':'.
   0 0 : 0 0   + 0   - 1 :   l o a d i n g   D : / G P / C o d e / m o b i l e _ f r o n t e n d / C h e c k - C o n t e n t   [ E ] 
   
                                               ^
  failures.txt:2:48: Error: Expected a declaration, but got '/'.
   0 0 : 0 0   + 0   - 1 :   l o a d i n g   D : / G P / C o d e / m o b i l e _ f r o n t e n d / C h e c k - C o n t e n t   [ E ] 
   
                                                 ^
  failures.txt:2:52: Error: Expected ';' after this.
   0 0 : 0 0   + 0   - 1 :   l o a d i n g   D : / G P / C o d e / m o b i l e _ f r o n t e n d / C h e c k - C o n t e n t   [ E ] 
   
                                                     ^
  failures.txt:2:54: Error: Expected a declaration, but got '/'.
   0 0 : 0 0   + 0   - 1 :   l o a d i n g   D : / G P / C o d e / m o b i l e _ f r o n t e n d / C h e c k - C o n t e n t   [ E ] 
   
                                                       ^
  failures.txt:2:58: Error: Expected ';' after this.
   0 0 : 0 0   + 0   - 1 :   l o a d i n g   D : / G P / C o d e / m o b i l e _ f r o n t e n d / C h e c k - C o n t e n t   [ E ] 
   
                                                           ^
  failures.txt:2:62: Error: Expected ';' after this.
   0 0 : 0 0   + 0   - 1 :   l o a d i n g   D : / G P / C o d e / m o b i l e _ f r o n t e n d / C h e c k - C o n t e n t   [ E ] 
   
                                                               ^
  failures.txt:2:64: Error: Expected a declaration, but got '/'.
   0 0 : 0 0   + 0   - 1 :   l o a d i n g   D : / G P / C o d e / m o b i l e _ f r o n t e n d / C h e c k - C o n t e n t   [ E ] 
   
                                                                 ^
  failures.txt:2:68: Error: Expected ';' after this.
   0 0 : 0 0   + 0   - 1 :   l o a d i n g   D : / G P / C o d e / m o b i l e _ f r o n t e n d / C h e c k - C o n t e n t   [ E ] 
   
                                                                     ^
  failures.txt:2:72: Error: Expected ';' after this.
   0 0 : 0 0   + 0   - 1 :   l o a d i n g   D : / G P / C o d e / m o b i l e _ f r o n t e n d / C h e c k - C o n t e n t   [ E ] 
   
                                                                         ^
  failures.txt:2:76: Error: Expected ';' after this.
   0 0 : 0 0   + 0   - 1 :   l o a d i n g   D : / G P / C o d e / m o b i l e _ f r o n t e n d / C h e c k - C o n t e n t   [ E ] 
   
                                                                             ^
  failures.txt:2:80: Error: Expected ';' after this.
   0 0 : 0 0   + 0   - 1 :   l o a d i n g   D : / G P / C o d e / m o b i l e _ f r o n t e n d / C h e c k - C o n t e n t   [ E ] 
   
                                                                                 ^
  failures.txt:2:84: Error: Expected ';' after this.
   0 0 : 0 0   + 0   - 1 :   l o a d i n g   D : / G P / C o d e / m o b i l e _ f r o n t e n d / C h e c k - C o n t e n t   [ E ] 
   
                                                                                     ^
  failures.txt:2:88: Error: Expected ';' after this.
   0 0 : 0 0   + 0   - 1 :   l o a d i n g   D : / G P / C o d e / m o b i l e _ f r o n t e n d / C h e c k - C o n t e n t   [ E ] 
   
                                                                                         ^
  failures.txt:2:92: Error: Expected ';' after this.
   0 0 : 0 0   + 0   - 1 :   l o a d i n g   D : / G P / C o d e / m o b i l e _ f r o n t e n d / C h e c k - C o n t e n t   [ E ] 
   
                                                                                             ^
  failures.txt:2:94: Error: Variables must be declared using the keywords 'const', 'final', 'var' or a type name.
  Try adding the name of the type of the variable or the keyword 'var'.
   0 0 : 0 0   + 0   - 1 :   l o a d i n g   D : / G P / C o d e / m o b i l e _ f r o n t e n d / C h e c k - C o n t e n t   [ E ] 
   
                                                                                               ^
  failures.txt:2:94: Error: Expected ';' after this.
   0 0 : 0 0   + 0   - 1 :   l o a d i n g   D : / G P / C o d e / m o b i l e _ f r o n t e n d / C h e c k - C o n t e n t   [ E ] 
   
                                                                                               ^
  failures.txt:2:96: Error: Expected a declaration, but got '/'.
   0 0 : 0 0   + 0   - 1 :   l o a d i n g   D : / G P / C o d e / m o b i l e _ f r o n t e n d / C h e c k - C o n t e n t   [ E ] 
   
                                                                                                 ^
  failures.txt:2:100: Error: Expected ';' after this.
   0 0 : 0 0   + 0   - 1 :   l o a d i n g   D : / G P / C o d e / m o b i l e _ f r o n t e n d / C h e c k - C o n t e n t   [ E ] 
   
                                                                                                     ^
  failures.txt:2:104: Error: Expected ';' after this.
   0 0 : 0 0   + 0   - 1 :   l o a d i n g   D : / G P / C o d e / m o b i l e _ f r o n t e n d / C h e c k - C o n t e n t   [ E ] 
   
                                                                                                         ^
  failures.txt:2:106: Error: Variables must be declared using the keywords 'const', 'final', 'var' or a type name.
  Try adding the name of the type of the variable or the keyword 'var'.
   0 0 : 0 0   + 0   - 1 :   l o a d i n g   D : / G P / C o d e / m o b i l e _ f r o n t e n d / C h e c k - C o n t e n t   [ E ] 
   
                                                                                                           ^
  failures.txt:2:106: Error: Expected ';' after this.
   0 0 : 0 0   + 0   - 1 :   l o a d i n g   D : / G P / C o d e / m o b i l e _ f r o n t e n d / C h e c k - C o n t e n t   [ E ] 
   
                                                                                                           ^
  failures.txt:2:108: Error: Expected a declaration, but got '-'.
   0 0 : 0 0   + 0   - 1 :   l o a d i n g   D : / G P / C o d e / m o b i l e _ f r o n t e n d / C h e c k - C o n t e n t   [ E ] 
   
                                                                                                             ^
  failures.txt:2:112: Error: Expected ';' after this.
   0 0 : 0 0   + 0   - 1 :   l o a d i n g   D : / G P / C o d e / m o b i l e _ f r o n t e n d / C h e c k - C o n t e n t   [ E ] 
   
                                                                                                                 ^
  failures.txt:2:116: Error: Expected ';' after this.
   0 0 : 0 0   + 0   - 1 :   l o a d i n g   D : / G P / C o d e / m o b i l e _ f r o n t e n d / C h e c k - C o n t e n t   [ E ] 
   
                                                                                                                     ^
  failures.txt:2:120: Error: Expected ';' after this.
   0 0 : 0 0   + 0   - 1 :   l o a d i n g   D : / G P / C o d e / m o b i l e _ f r o n t e n d / C h e c k - C o n t e n t   [ E ] 
   
                                                                                                                         ^
  failures.txt:2:122: Error: Variables must be declared using the keywords 'const', 'final', 'var' or a type name.
  Try adding the name of the type of the variable or the keyword 'var'.
   0 0 : 0 0   + 0   - 1 :   l o a d i n g   D : / G P / C o d e / m o b i l e _ f r o n t e n d / C h e c k - C o n t e n t   [ E ] 
   
                                                                                                                           ^
  failures.txt:2:122: Error: Expected ';' after this.
   0 0 : 0 0   + 0   - 1 :   l o a d i n g   D : / G P / C o d e / m o b i l e _ f r o n t e n d / C h e c k - C o n t e n t   [ E ] 
   
                                                                                                                           ^
  failures.txt:2:126: Error: Expected a declaration, but got '['.
   0 0 : 0 0   + 0   - 1 :   l o a d i n g   D : / G P / C o d e / m o b i l e _ f r o n t e n d / C h e c k - C o n t e n t   [ E ] 
   
                                                                                                                               ^
  failures.txt:2:128: Error: Variables must be declared using the keywords 'const', 'final', 'var' or a type name.
  Try adding the name of the type of the variable or the keyword 'var'.
   0 0 : 0 0   + 0   - 1 :   l o a d i n g   D : / G P / C o d e / m o b i l e _ f r o n t e n d / C h e c k - C o n t e n t   [ E ] 
   
                                                                                                                                 ^
  failures.txt:2:128: Error: Expected ';' after this.
   0 0 : 0 0   + 0   - 1 :   l o a d i n g   D : / G P / C o d e / m o b i l e _ f r o n t e n d / C h e c k - C o n t e n t   [ E ] 
   
                                                                                                                                 ^
  failures.txt:2:130: Error: Expected a declaration, but got ']'.
   0 0 : 0 0   + 0   - 1 :   l o a d i n g   D : / G P / C o d e / m o b i l e _ f r o n t e n d / C h e c k - C o n t e n t   [ E ] 
   
                                                                                                                                   ^
  failures.txt:3:8: Error: Expected ';' after this.
       F a i l e d   t o   l o a d   " D : / G P / C o d e / m o b i l e _ f r o n t e n d / C h e c k - C o n t e n t " :   D o e s   n o t   e x i s t . 
   
         ^
  failures.txt:3:12: Error: Expected ';' after this.
       F a i l e d   t o   l o a d   " D : / G P / C o d e / m o b i l e _ f r o n t e n d / C h e c k - C o n t e n t " :   D o e s   n o t   e x i s t . 
   
             ^
  failures.txt:3:16: Error: Expected ';' after this.
       F a i l e d   t o   l o a d   " D : / G P / C o d e / m o b i l e _ f r o n t e n d / C h e c k - C o n t e n t " :   D o e s   n o t   e x i s t . 
   
                 ^
  failures.txt:3:22: Error: Expected ';' after this.
       F a i l e d   t o   l o a d   " D : / G P / C o d e / m o b i l e _ f r o n t e n d / C h e c k - C o n t e n t " :   D o e s   n o t   e x i s t . 
   
                       ^
  failures.txt:3:28: Error: Expected ';' after this.
       F a i l e d   t o   l o a d   " D : / G P / C o d e / m o b i l e _ f r o n t e n d / C h e c k - C o n t e n t " :   D o e s   n o t   e x i s t . 
   
                             ^
  failures.txt:3:32: Error: Expected ';' after this.
       F a i l e d   t o   l o a d   " D : / G P / C o d e / m o b i l e _ f r o n t e n d / C h e c k - C o n t e n t " :   D o e s   n o t   e x i s t . 
   
                                 ^
  failures.txt:3:36: Error: Expected a declaration, but got '" D : / G P / C o d e / m o b i l e _ f r o n t e n d / C h e c k - C o n t e n t "'.
       F a i l e d   t o   l o a d   " D : / G P / C o d e / m o b i l e _ f r o n t e n d / C h e c k - C o n t e n t " :   D o e s   n o t   e x i s t . 
   
                                     ^^^^^^^^^^^^^^^^^^^^^^^^^^^^^^^^^^^^^^^^^^^^^^^^^^^^^^^^^^^^^^^^^^^^^^^^^^^^^^^^^^^
  failures.txt:3:120: Error: Expected a declaration, but got ':'.
       F a i l e d   t o   l o a d   " D : / G P / C o d e / m o b i l e _ f r o n t e n d / C h e c k - C o n t e n t " :   D o e s   n o t   e x i s t . 
   
                                                                                                                         ^
  failures.txt:3:126: Error: Expected ';' after this.
       F a i l e d   t o   l o a d   " D : / G P / C o d e / m o b i l e _ f r o n t e n d / C h e c k - C o n t e n t " :   D o e s   n o t   e x i s t . 
   
                                                                                                                               ^
  failures.txt:3:130: Error: Expected ';' after this.
       F a i l e d   t o   l o a d   " D : / G P / C o d e / m o b i l e _ f r o n t e n d / C h e c k - C o n t e n t " :   D o e s   n o t   e x i s t . 
   
                                                                                                                                   ^
  failures.txt:3:136: Error: Expected ';' after this.
       F a i l e d   t o   l o a d   " D : / G P / C o d e / m o b i l e _ f r o n t e n d / C h e c k - C o n t e n t " :   D o e s   n o t   e x i s t . 
   
                                                                                                                                         ^
  failures.txt:3:142: Error: Expected ';' after this.
       F a i l e d   t o   l o a d   " D : / G P / C o d e / m o b i l e _ f r o n t e n d / C h e c k - C o n t e n t " :   D o e s   n o t   e x i s t . 
   
                                                                                                                                               ^
  failures.txt:3:146: Error: Expected ';' after this.
       F a i l e d   t o   l o a d   " D : / G P / C o d e / m o b i l e _ f r o n t e n d / C h e c k - C o n t e n t " :   D o e s   n o t   e x i s t . 
   
                                                                                                                                                   ^
  failures.txt:3:150: Error: A function declaration needs an explicit list of parameters.
  Try adding a parameter list to the function declaration.
       F a i l e d   t o   l o a d   " D : / G P / C o d e / m o b i l e _ f r o n t e n d / C h e c k - C o n t e n t " :   D o e s   n o t   e x i s t . 
   
                                                                                                                                                       ^
  failures.txt:3:152: Error: Expected '{' before this.
       F a i l e d   t o   l o a d   " D : / G P / C o d e / m o b i l e _ f r o n t e n d / C h e c k - C o n t e n t " :   D o e s   n o t   e x i s t . 
   
                                                                                                                                                         ^
  failures.txt:3:152: Error: Expected a declaration, but got '.'.
       F a i l e d   t o   l o a d   " D : / G P / C o d e / m o b i l e _ f r o n t e n d / C h e c k - C o n t e n t " :   D o e s   n o t   e x i s t . 
   
                                                                                                                                                         ^
  failures.txt:1:53: Error: 'o' is already declared in this scope.
  ∩┐╜∩┐╜0 0 : 0 0   + 0 :   l o a d i n g   D : / G P / C o d e / m o b i l e _ f r o n t e n d / C h e c k - C o n t e n t 
   
                                                      ^
  failures.txt:1:25: Context: Previous declaration of 'o'.
  ∩┐╜∩┐╜0 0 : 0 0   + 0 :   l o a d i n g   D : / G P / C o d e / m o b i l e _ f r o n t e n d / C h e c k - C o n t e n t 
   
                          ^
  failures.txt:1:63: Error: 'o' is already declared in this scope.
  ∩┐╜∩┐╜0 0 : 0 0   + 0 :   l o a d i n g   D : / G P / C o d e / m o b i l e _ f r o n t e n d / C h e c k - C o n t e n t 
   
                                                                ^
  failures.txt:1:25: Context: Previous declaration of 'o'.
  ∩┐╜∩┐╜0 0 : 0 0   + 0 :   l o a d i n g   D : / G P / C o d e / m o b i l e _ f r o n t e n d / C h e c k - C o n t e n t 
   
                          ^
  failures.txt:1:79: Error: 'o' is already declared in this scope.
  ∩┐╜∩┐╜0 0 : 0 0   + 0 :   l o a d i n g   D : / G P / C o d e / m o b i l e _ f r o n t e n d / C h e c k - C o n t e n t 
   
                                                                                ^
  failures.txt:1:25: Context: Previous declaration of 'o'.
  ∩┐╜∩┐╜0 0 : 0 0   + 0 :   l o a d i n g   D : / G P / C o d e / m o b i l e _ f r o n t e n d / C h e c k - C o n t e n t 
   
                          ^
  failures.txt:1:107: Error: 'o' is already declared in this scope.
  ∩┐╜∩┐╜0 0 : 0 0   + 0 :   l o a d i n g   D : / G P / C o d e / m o b i l e _ f r o n t e n d / C h e c k - C o n t e n t 
   
                                                                                                            ^
  failures.txt:1:25: Context: Previous declaration of 'o'.
  ∩┐╜∩┐╜0 0 : 0 0   + 0 :   l o a d i n g   D : / G P / C o d e / m o b i l e _ f r o n t e n d / C h e c k - C o n t e n t 
   
                          ^
  failures.txt:2:30: Error: 'o' is already declared in this scope.
   0 0 : 0 0   + 0   - 1 :   l o a d i n g   D : / G P / C o d e / m o b i l e _ f r o n t e n d / C h e c k - C o n t e n t   [ E ] 
   
                               ^
  failures.txt:1:25: Context: Previous declaration of 'o'.
  ∩┐╜∩┐╜0 0 : 0 0   + 0 :   l o a d i n g   D : / G P / C o d e / m o b i l e _ f r o n t e n d / C h e c k - C o n t e n t 
   
                          ^
  failures.txt:2:58: Error: 'o' is already declared in this scope.
   0 0 : 0 0   + 0   - 1 :   l o a d i n g   D : / G P / C o d e / m o b i l e _ f r o n t e n d / C h e c k - C o n t e n t   [ E ] 
   
                                                           ^
  failures.txt:1:25: Context: Previous declaration of 'o'.
  ∩┐╜∩┐╜0 0 : 0 0   + 0 :   l o a d i n g   D : / G P / C o d e / m o b i l e _ f r o n t e n d / C h e c k - C o n t e n t 
   
                          ^
  failures.txt:2:68: Error: 'o' is already declared in this scope.
   0 0 : 0 0   + 0   - 1 :   l o a d i n g   D : / G P / C o d e / m o b i l e _ f r o n t e n d / C h e c k - C o n t e n t   [ E ] 
   
                                                                     ^
  failures.txt:1:25: Context: Previous declaration of 'o'.
  ∩┐╜∩┐╜0 0 : 0 0   + 0 :   l o a d i n g   D : / G P / C o d e / m o b i l e _ f r o n t e n d / C h e c k - C o n t e n t 
   
                          ^
  failures.txt:2:84: Error: 'o' is already declared in this scope.
   0 0 : 0 0   + 0   - 1 :   l o a d i n g   D : / G P / C o d e / m o b i l e _ f r o n t e n d / C h e c k - C o n t e n t   [ E ] 
   
                                                                                     ^
  failures.txt:1:25: Context: Previous declaration of 'o'.
  ∩┐╜∩┐╜0 0 : 0 0   + 0 :   l o a d i n g   D : / G P / C o d e / m o b i l e _ f r o n t e n d / C h e c k - C o n t e n t 
   
                          ^
  failures.txt:2:112: Error: 'o' is already declared in this scope.
   0 0 : 0 0   + 0   - 1 :   l o a d i n g   D : / G P / C o d e / m o b i l e _ f r o n t e n d / C h e c k - C o n t e n t   [ E ] 
   
                                                                                                                 ^
  failures.txt:1:25: Context: Previous declaration of 'o'.
  ∩┐╜∩┐╜0 0 : 0 0   + 0 :   l o a d i n g   D : / G P / C o d e / m o b i l e _ f r o n t e n d / C h e c k - C o n t e n t 
   
                          ^
  failures.txt:3:22: Error: 'o' is already declared in this scope.
       F a i l e d   t o   l o a d   " D : / G P / C o d e / m o b i l e _ f r o n t e n d / C h e c k - C o n t e n t " :   D o e s   n o t   e x i s t . 
   
                       ^
  failures.txt:1:25: Context: Previous declaration of 'o'.
  ∩┐╜∩┐╜0 0 : 0 0   + 0 :   l o a d i n g   D : / G P / C o d e / m o b i l e _ f r o n t e n d / C h e c k - C o n t e n t 
   
                          ^
  failures.txt:3:28: Error: 'o' is already declared in this scope.
       F a i l e d   t o   l o a d   " D : / G P / C o d e / m o b i l e _ f r o n t e n d / C h e c k - C o n t e n t " :   D o e s   n o t   e x i s t . 
   
                             ^
  failures.txt:1:25: Context: Previous declaration of 'o'.
  ∩┐╜∩┐╜0 0 : 0 0   + 0 :   l o a d i n g   D : / G P / C o d e / m o b i l e _ f r o n t e n d / C h e c k - C o n t e n t 
   
                          ^
  failures.txt:3:126: Error: 'o' is already declared in this scope.
       F a i l e d   t o   l o a d   " D : / G P / C o d e / m o b i l e _ f r o n t e n d / C h e c k - C o n t e n t " :   D o e s   n o t   e x i s t . 
   
                                                                                                                               ^
  failures.txt:1:25: Context: Previous declaration of 'o'.
  ∩┐╜∩┐╜0 0 : 0 0   + 0 :   l o a d i n g   D : / G P / C o d e / m o b i l e _ f r o n t e n d / C h e c k - C o n t e n t 
   
                          ^
  failures.txt:3:136: Error: 'o' is already declared in this scope.
       F a i l e d   t o   l o a d   " D : / G P / C o d e / m o b i l e _ f r o n t e n d / C h e c k - C o n t e n t " :   D o e s   n o t   e x i s t . 
   
                                                                                                                                         ^
  failures.txt:1:25: Context: Previous declaration of 'o'.
  ∩┐╜∩┐╜0 0 : 0 0   + 0 :   l o a d i n g   D : / G P / C o d e / m o b i l e _ f r o n t e n d / C h e c k - C o n t e n t 
   
                          ^
  failures.txt:1:89: Error: 'd' is already declared in this scope.
  ∩┐╜∩┐╜0 0 : 0 0   + 0 :   l o a d i n g   D : / G P / C o d e / m o b i l e _ f r o n t e n d / C h e c k - C o n t e n t 
   
                                                                                          ^
  failures.txt:1:29: Context: Previous declaration of 'd'.
  ∩┐╜∩┐╜0 0 : 0 0   + 0 :   l o a d i n g   D : / G P / C o d e / m o b i l e _ f r o n t e n d / C h e c k - C o n t e n t 
   
                              ^
  failures.txt:2:34: Error: 'd' is already declared in this scope.
   0 0 : 0 0   + 0   - 1 :   l o a d i n g   D : / G P / C o d e / m o b i l e _ f r o n t e n d / C h e c k - C o n t e n t   [ E ] 
   
                                   ^
  failures.txt:1:29: Context: Previous declaration of 'd'.
  ∩┐╜∩┐╜0 0 : 0 0   + 0 :   l o a d i n g   D : / G P / C o d e / m o b i l e _ f r o n t e n d / C h e c k - C o n t e n t 
   
                              ^
  failures.txt:2:94: Error: 'd' is already declared in this scope.
   0 0 : 0 0   + 0   - 1 :   l o a d i n g   D : / G P / C o d e / m o b i l e _ f r o n t e n d / C h e c k - C o n t e n t   [ E ] 
   
                                                                                               ^
  failures.txt:1:29: Context: Previous declaration of 'd'.
  ∩┐╜∩┐╜0 0 : 0 0   + 0 :   l o a d i n g   D : / G P / C o d e / m o b i l e _ f r o n t e n d / C h e c k - C o n t e n t 
   
                              ^
  failures.txt:3:16: Error: 'd' is already declared in this scope.
       F a i l e d   t o   l o a d   " D : / G P / C o d e / m o b i l e _ f r o n t e n d / C h e c k - C o n t e n t " :   D o e s   n o t   e x i s t . 
   
                 ^
  failures.txt:1:29: Context: Previous declaration of 'd'.
  ∩┐╜∩┐╜0 0 : 0 0   + 0 :   l o a d i n g   D : / G P / C o d e / m o b i l e _ f r o n t e n d / C h e c k - C o n t e n t 
   
                              ^
  failures.txt:3:32: Error: 'd' is already declared in this scope.
       F a i l e d   t o   l o a d   " D : / G P / C o d e / m o b i l e _ f r o n t e n d / C h e c k - C o n t e n t " :   D o e s   n o t   e x i s t . 
   
                                 ^
  failures.txt:1:29: Context: Previous declaration of 'd'.
  ∩┐╜∩┐╜0 0 : 0 0   + 0 :   l o a d i n g   D : / G P / C o d e / m o b i l e _ f r o n t e n d / C h e c k - C o n t e n t 
   
                              ^
  failures.txt:1:87: Error: 'n' is already declared in this scope.
  ∩┐╜∩┐╜0 0 : 0 0   + 0 :   l o a d i n g   D : / G P / C o d e / m o b i l e _ f r o n t e n d / C h e c k - C o n t e n t 
   
                                                                                        ^
  failures.txt:1:33: Context: Previous declaration of 'n'.
  ∩┐╜∩┐╜0 0 : 0 0   + 0 :   l o a d i n g   D : / G P / C o d e / m o b i l e _ f r o n t e n d / C h e c k - C o n t e n t 
   
                                  ^
  failures.txt:1:115: Error: 'n' is already declared in this scope.
  ∩┐╜∩┐╜0 0 : 0 0   + 0 :   l o a d i n g   D : / G P / C o d e / m o b i l e _ f r o n t e n d / C h e c k - C o n t e n t 
   
                                                                                                                    ^
  failures.txt:1:33: Context: Previous declaration of 'n'.
  ∩┐╜∩┐╜0 0 : 0 0   + 0 :   l o a d i n g   D : / G P / C o d e / m o b i l e _ f r o n t e n d / C h e c k - C o n t e n t 
   
                                  ^
  failures.txt:2:38: Error: 'n' is already declared in this scope.
   0 0 : 0 0   + 0   - 1 :   l o a d i n g   D : / G P / C o d e / m o b i l e _ f r o n t e n d / C h e c k - C o n t e n t   [ E ] 
   
                                       ^
  failures.txt:1:33: Context: Previous declaration of 'n'.
  ∩┐╜∩┐╜0 0 : 0 0   + 0 :   l o a d i n g   D : / G P / C o d e / m o b i l e _ f r o n t e n d / C h e c k - C o n t e n t 
   
                                  ^
  failures.txt:2:92: Error: 'n' is already declared in this scope.
   0 0 : 0 0   + 0   - 1 :   l o a d i n g   D : / G P / C o d e / m o b i l e _ f r o n t e n d / C h e c k - C o n t e n t   [ E ] 
   
                                                                                             ^
  failures.txt:1:33: Context: Previous declaration of 'n'.
  ∩┐╜∩┐╜0 0 : 0 0   + 0 :   l o a d i n g   D : / G P / C o d e / m o b i l e _ f r o n t e n d / C h e c k - C o n t e n t 
   
                                  ^
  failures.txt:2:120: Error: 'n' is already declared in this scope.
   0 0 : 0 0   + 0   - 1 :   l o a d i n g   D : / G P / C o d e / m o b i l e _ f r o n t e n d / C h e c k - C o n t e n t   [ E ] 
   
                                                                                                                         ^
  failures.txt:1:33: Context: Previous declaration of 'n'.
  ∩┐╜∩┐╜0 0 : 0 0   + 0 :   l o a d i n g   D : / G P / C o d e / m o b i l e _ f r o n t e n d / C h e c k - C o n t e n t 
   
                                  ^
  failures.txt:2:44: Error: 'D' is already declared in this scope.
   0 0 : 0 0   + 0   - 1 :   l o a d i n g   D : / G P / C o d e / m o b i l e _ f r o n t e n d / C h e c k - C o n t e n t   [ E ] 
   
                                             ^
  failures.txt:1:39: Context: Previous declaration of 'D'.
  ∩┐╜∩┐╜0 0 : 0 0   + 0 :   l o a d i n g   D : / G P / C o d e / m o b i l e _ f r o n t e n d / C h e c k - C o n t e n t 
   
                                        ^
  failures.txt:2:52: Error: 'P' is already declared in this scope.
   0 0 : 0 0   + 0   - 1 :   l o a d i n g   D : / G P / C o d e / m o b i l e _ f r o n t e n d / C h e c k - C o n t e n t   [ E ] 
   
                                                     ^
  failures.txt:1:47: Context: Previous declaration of 'P'.
  ∩┐╜∩┐╜0 0 : 0 0   + 0 :   l o a d i n g   D : / G P / C o d e / m o b i l e _ f r o n t e n d / C h e c k - C o n t e n t 
   
                                                ^
  failures.txt:1:71: Error: 'e' is already declared in this scope.
  ∩┐╜∩┐╜0 0 : 0 0   + 0 :   l o a d i n g   D : / G P / C o d e / m o b i l e _ f r o n t e n d / C h e c k - C o n t e n t 
   
                                                                        ^
  failures.txt:1:57: Context: Previous declaration of 'e'.
  ∩┐╜∩┐╜0 0 : 0 0   + 0 :   l o a d i n g   D : / G P / C o d e / m o b i l e _ f r o n t e n d / C h e c k - C o n t e n t 
   
                                                          ^
  failures.txt:2:62: Error: 'e' is already declared in this scope.
   0 0 : 0 0   + 0   - 1 :   l o a d i n g   D : / G P / C o d e / m o b i l e _ f r o n t e n d / C h e c k - C o n t e n t   [ E ] 
   
                                                               ^
  failures.txt:1:57: Context: Previous declaration of 'e'.
  ∩┐╜∩┐╜0 0 : 0 0   + 0 :   l o a d i n g   D : / G P / C o d e / m o b i l e _ f r o n t e n d / C h e c k - C o n t e n t 
   
                                                          ^
  failures.txt:2:76: Error: 'e' is already declared in this scope.
   0 0 : 0 0   + 0   - 1 :   l o a d i n g   D : / G P / C o d e / m o b i l e _ f r o n t e n d / C h e c k - C o n t e n t   [ E ] 
   
                                                                             ^
  failures.txt:1:57: Context: Previous declaration of 'e'.
  ∩┐╜∩┐╜0 0 : 0 0   + 0 :   l o a d i n g   D : / G P / C o d e / m o b i l e _ f r o n t e n d / C h e c k - C o n t e n t 
   
                                                          ^
  failures.txt:3:142: Error: 'e' is already declared in this scope.
       F a i l e d   t o   l o a d   " D : / G P / C o d e / m o b i l e _ f r o n t e n d / C h e c k - C o n t e n t " :   D o e s   n o t   e x i s t . 
   
                                                                                                                                               ^
  failures.txt:1:57: Context: Previous declaration of 'e'.
  ∩┐╜∩┐╜0 0 : 0 0   + 0 :   l o a d i n g   D : / G P / C o d e / m o b i l e _ f r o n t e n d / C h e c k - C o n t e n t 
   
                                                          ^
  failures.txt:2:72: Error: 'i' is already declared in this scope.
   0 0 : 0 0   + 0   - 1 :   l o a d i n g   D : / G P / C o d e / m o b i l e _ f r o n t e n d / C h e c k - C o n t e n t   [ E ] 
   
                                                                         ^
  failures.txt:1:67: Context: Previous declaration of 'i'.
  ∩┐╜∩┐╜0 0 : 0 0   + 0 :   l o a d i n g   D : / G P / C o d e / m o b i l e _ f r o n t e n d / C h e c k - C o n t e n t 
   
                                                                    ^
  failures.txt:3:146: Error: 'i' is already declared in this scope.
       F a i l e d   t o   l o a d   " D : / G P / C o d e / m o b i l e _ f r o n t e n d / C h e c k - C o n t e n t " :   D o e s   n o t   e x i s t . 
   
                                                                                                                                                   ^
  failures.txt:1:67: Context: Previous declaration of 'i'.
  ∩┐╜∩┐╜0 0 : 0 0   + 0 :   l o a d i n g   D : / G P / C o d e / m o b i l e _ f r o n t e n d / C h e c k - C o n t e n t 
   
                                                                    ^
  failures.txt:2:80: Error: 'f' is already declared in this scope.
   0 0 : 0 0   + 0   - 1 :   l o a d i n g   D : / G P / C o d e / m o b i l e _ f r o n t e n d / C h e c k - C o n t e n t   [ E ] 
   
                                                                                 ^
  failures.txt:1:75: Context: Previous declaration of 'f'.
  ∩┐╜∩┐╜0 0 : 0 0   + 0 :   l o a d i n g   D : / G P / C o d e / m o b i l e _ f r o n t e n d / C h e c k - C o n t e n t 
   
                                                                            ^
  failures.txt:1:111: Error: 't' is already declared in this scope.
  ∩┐╜∩┐╜0 0 : 0 0   + 0 :   l o a d i n g   D : / G P / C o d e / m o b i l e _ f r o n t e n d / C h e c k - C o n t e n t 
   
                                                                                                                ^
  failures.txt:1:83: Context: Previous declaration of 't'.
  ∩┐╜∩┐╜0 0 : 0 0   + 0 :   l o a d i n g   D : / G P / C o d e / m o b i l e _ f r o n t e n d / C h e c k - C o n t e n t 
   
                                                                                    ^
  failures.txt:1:117: Error: 't' is already declared in this scope.
  ∩┐╜∩┐╜0 0 : 0 0   + 0 :   l o a d i n g   D : / G P / C o d e / m o b i l e _ f r o n t e n d / C h e c k - C o n t e n t 
   
                                                                                                                      ^
  failures.txt:1:83: Context: Previous declaration of 't'.
  ∩┐╜∩┐╜0 0 : 0 0   + 0 :   l o a d i n g   D : / G P / C o d e / m o b i l e _ f r o n t e n d / C h e c k - C o n t e n t 
   
                                                                                    ^
  failures.txt:2:88: Error: 't' is already declared in this scope.
   0 0 : 0 0   + 0   - 1 :   l o a d i n g   D : / G P / C o d e / m o b i l e _ f r o n t e n d / C h e c k - C o n t e n t   [ E ] 
   
                                                                                         ^
  failures.txt:1:83: Context: Previous declaration of 't'.
  ∩┐╜∩┐╜0 0 : 0 0   + 0 :   l o a d i n g   D : / G P / C o d e / m o b i l e _ f r o n t e n d / C h e c k - C o n t e n t 
   
                                                                                    ^
  failures.txt:2:116: Error: 't' is already declared in this scope.
   0 0 : 0 0   + 0   - 1 :   l o a d i n g   D : / G P / C o d e / m o b i l e _ f r o n t e n d / C h e c k - C o n t e n t   [ E ] 
   
                                                                                                                     ^
  failures.txt:1:83: Context: Previous declaration of 't'.
  ∩┐╜∩┐╜0 0 : 0 0   + 0 :   l o a d i n g   D : / G P / C o d e / m o b i l e _ f r o n t e n d / C h e c k - C o n t e n t 
   
                                                                                    ^
  failures.txt:2:122: Error: 't' is already declared in this scope.
   0 0 : 0 0   + 0   - 1 :   l o a d i n g   D : / G P / C o d e / m o b i l e _ f r o n t e n d / C h e c k - C o n t e n t   [ E ] 
   
                                                                                                                           ^
  failures.txt:1:83: Context: Previous declaration of 't'.
  ∩┐╜∩┐╜0 0 : 0 0   + 0 :   l o a d i n g   D : / G P / C o d e / m o b i l e _ f r o n t e n d / C h e c k - C o n t e n t 
   
                                                                                    ^
  failures.txt:3:150: Error: 't' is already declared in this scope.
       F a i l e d   t o   l o a d   " D : / G P / C o d e / m o b i l e _ f r o n t e n d / C h e c k - C o n t e n t " :   D o e s   n o t   e x i s t . 
   
                                                                                                                                                       ^
  failures.txt:1:83: Context: Previous declaration of 't'.
  ∩┐╜∩┐╜0 0 : 0 0   + 0 :   l o a d i n g   D : / G P / C o d e / m o b i l e _ f r o n t e n d / C h e c k - C o n t e n t 
   
                                                                                    ^
  failures.txt:2:100: Error: 'h' is already declared in this scope.
   0 0 : 0 0   + 0   - 1 :   l o a d i n g   D : / G P / C o d e / m o b i l e _ f r o n t e n d / C h e c k - C o n t e n t   [ E ] 
   
                                                                                                     ^
  failures.txt:1:95: Context: Previous declaration of 'h'.
  ∩┐╜∩┐╜0 0 : 0 0   + 0 :   l o a d i n g   D : / G P / C o d e / m o b i l e _ f r o n t e n d / C h e c k - C o n t e n t 
   
                                                                                                ^
  failures.txt:2:104: Error: 'c' is already declared in this scope.
   0 0 : 0 0   + 0   - 1 :   l o a d i n g   D : / G P / C o d e / m o b i l e _ f r o n t e n d / C h e c k - C o n t e n t   [ E ] 
   
                                                                                                         ^
  failures.txt:1:99: Context: Previous declaration of 'c'.
  ∩┐╜∩┐╜0 0 : 0 0   + 0 :   l o a d i n g   D : / G P / C o d e / m o b i l e _ f r o n t e n d / C h e c k - C o n t e n t 
   
                                                                                                    ^
  failures.txt:2:106: Error: 'k' is already declared in this scope.
   0 0 : 0 0   + 0   - 1 :   l o a d i n g   D : / G P / C o d e / m o b i l e _ f r o n t e n d / C h e c k - C o n t e n t   [ E ] 
   
                                                                                                           ^
  failures.txt:1:101: Context: Previous declaration of 'k'.
  ∩┐╜∩┐╜0 0 : 0 0   + 0 :   l o a d i n g   D : / G P / C o d e / m o b i l e _ f r o n t e n d / C h e c k - C o n t e n t 
   
                                                                                                      ^
  failures.txt:1:23: Error: 'l' isn't a type.
  ∩┐╜∩┐╜0 0 : 0 0   + 0 :   l o a d i n g   D : / G P / C o d e / m o b i l e _ f r o n t e n d / C h e c k - C o n t e n t 
   
                        ^
  failures.txt:3:12: Context: This isn't a type.
       F a i l e d   t o   l o a d   " D : / G P / C o d e / m o b i l e _ f r o n t e n d / C h e c k - C o n t e n t " :   D o e s   n o t   e x i s t . 
   
             ^
  failures.txt:1:27: Error: 'a' isn't a type.
  ∩┐╜∩┐╜0 0 : 0 0   + 0 :   l o a d i n g   D : / G P / C o d e / m o b i l e _ f r o n t e n d / C h e c k - C o n t e n t 
   
                            ^
  failures.txt:3:8: Context: This isn't a type.
       F a i l e d   t o   l o a d   " D : / G P / C o d e / m o b i l e _ f r o n t e n d / C h e c k - C o n t e n t " :   D o e s   n o t   e x i s t . 
   
         ^
  failures.txt:1:31: Error: 'i' isn't a type.
  ∩┐╜∩┐╜0 0 : 0 0   + 0 :   l o a d i n g   D : / G P / C o d e / m o b i l e _ f r o n t e n d / C h e c k - C o n t e n t 
   
                                ^
  failures.txt:1:31: Context: This isn't a type.
  ∩┐╜∩┐╜0 0 : 0 0   + 0 :   l o a d i n g   D : / G P / C o d e / m o b i l e _ f r o n t e n d / C h e c k - C o n t e n t 
   
                                ^
  failures.txt:1:35: Error: Type 'g' not found.
  ∩┐╜∩┐╜0 0 : 0 0   + 0 :   l o a d i n g   D : / G P / C o d e / m o b i l e _ f r o n t e n d / C h e c k - C o n t e n t 
   
                                    ^
  failures.txt:1:45: Error: Type 'G' not found.
  ∩┐╜∩┐╜0 0 : 0 0   + 0 :   l o a d i n g   D : / G P / C o d e / m o b i l e _ f r o n t e n d / C h e c k - C o n t e n t 
   
                                              ^
  failures.txt:1:51: Error: Type 'C' not found.
  ∩┐╜∩┐╜0 0 : 0 0   + 0 :   l o a d i n g   D : / G P / C o d e / m o b i l e _ f r o n t e n d / C h e c k - C o n t e n t 
   
                                                    ^
  failures.txt:1:55: Error: 'd' isn't a type.
  ∩┐╜∩┐╜0 0 : 0 0   + 0 :   l o a d i n g   D : / G P / C o d e / m o b i l e _ f r o n t e n d / C h e c k - C o n t e n t 
   
                                                        ^
  failures.txt:1:55: Context: This isn't a type.
  ∩┐╜∩┐╜0 0 : 0 0   + 0 :   l o a d i n g   D : / G P / C o d e / m o b i l e _ f r o n t e n d / C h e c k - C o n t e n t 
   
                                                        ^
  failures.txt:1:61: Error: Type 'm' not found.
  ∩┐╜∩┐╜0 0 : 0 0   + 0 :   l o a d i n g   D : / G P / C o d e / m o b i l e _ f r o n t e n d / C h e c k - C o n t e n t 
   
                                                              ^
  failures.txt:1:65: Error: Type 'b' not found.
  ∩┐╜∩┐╜0 0 : 0 0   + 0 :   l o a d i n g   D : / G P / C o d e / m o b i l e _ f r o n t e n d / C h e c k - C o n t e n t 
   
                                                                  ^
  failures.txt:1:69: Error: 'l' isn't a type.
  ∩┐╜∩┐╜0 0 : 0 0   + 0 :   l o a d i n g   D : / G P / C o d e / m o b i l e _ f r o n t e n d / C h e c k - C o n t e n t 
   
                                                                      ^
  failures.txt:3:12: Context: This isn't a type.
       F a i l e d   t o   l o a d   " D : / G P / C o d e / m o b i l e _ f r o n t e n d / C h e c k - C o n t e n t " :   D o e s   n o t   e x i s t . 
   
             ^
  failures.txt:1:73: Error: Type '_' not found.
  ∩┐╜∩┐╜0 0 : 0 0   + 0 :   l o a d i n g   D : / G P / C o d e / m o b i l e _ f r o n t e n d / C h e c k - C o n t e n t 
   
                                                                          ^
  failures.txt:1:77: Error: Type 'r' not found.
  ∩┐╜∩┐╜0 0 : 0 0   + 0 :   l o a d i n g   D : / G P / C o d e / m o b i l e _ f r o n t e n d / C h e c k - C o n t e n t 
   
                                                                              ^
  failures.txt:1:81: Error: 'n' isn't a type.
  ∩┐╜∩┐╜0 0 : 0 0   + 0 :   l o a d i n g   D : / G P / C o d e / m o b i l e _ f r o n t e n d / C h e c k - C o n t e n t 
   
                                                                                  ^
  failures.txt:1:81: Context: This isn't a type.
  ∩┐╜∩┐╜0 0 : 0 0   + 0 :   l o a d i n g   D : / G P / C o d e / m o b i l e _ f r o n t e n d / C h e c k - C o n t e n t 
   
                                                                                  ^
  failures.txt:1:85: Error: 'e' isn't a type.
  ∩┐╜∩┐╜0 0 : 0 0   + 0 :   l o a d i n g   D : / G P / C o d e / m o b i l e _ f r o n t e n d / C h e c k - C o n t e n t 
   
                                                                                      ^
  failures.txt:1:85: Context: This isn't a type.
  ∩┐╜∩┐╜0 0 : 0 0   + 0 :   l o a d i n g   D : / G P / C o d e / m o b i l e _ f r o n t e n d / C h e c k - C o n t e n t 
   
                                                                                      ^
  failures.txt:1:93: Error: Type 'C' not found.
  ∩┐╜∩┐╜0 0 : 0 0   + 0 :   l o a d i n g   D : / G P / C o d e / m o b i l e _ f r o n t e n d / C h e c k - C o n t e n t 
   
                                                                                              ^
  failures.txt:1:97: Error: 'e' isn't a type.
  ∩┐╜∩┐╜0 0 : 0 0   + 0 :   l o a d i n g   D : / G P / C o d e / m o b i l e _ f r o n t e n d / C h e c k - C o n t e n t 
   
                                                                                                  ^
  failures.txt:1:97: Context: This isn't a type.
  ∩┐╜∩┐╜0 0 : 0 0   + 0 :   l o a d i n g   D : / G P / C o d e / m o b i l e _ f r o n t e n d / C h e c k - C o n t e n t 
   
                                                                                                  ^
  failures.txt:1:105: Error: Type 'C' not found.
  ∩┐╜∩┐╜0 0 : 0 0   + 0 :   l o a d i n g   D : / G P / C o d e / m o b i l e _ f r o n t e n d / C h e c k - C o n t e n t 
   
                                                                                                          ^
  failures.txt:1:109: Error: 'n' isn't a type.
  ∩┐╜∩┐╜0 0 : 0 0   + 0 :   l o a d i n g   D : / G P / C o d e / m o b i l e _ f r o n t e n d / C h e c k - C o n t e n t 
   
                                                                                                              ^
  failures.txt:1:109: Context: This isn't a type.
  ∩┐╜∩┐╜0 0 : 0 0   + 0 :   l o a d i n g   D : / G P / C o d e / m o b i l e _ f r o n t e n d / C h e c k - C o n t e n t 
   
                                                                                                              ^
  failures.txt:1:113: Error: 'e' isn't a type.
  ∩┐╜∩┐╜0 0 : 0 0   + 0 :   l o a d i n g   D : / G P / C o d e / m o b i l e _ f r o n t e n d / C h e c k - C o n t e n t 
   
                                                                                                                  ^
  failures.txt:1:113: Context: This isn't a type.
  ∩┐╜∩┐╜0 0 : 0 0   + 0 :   l o a d i n g   D : / G P / C o d e / m o b i l e _ f r o n t e n d / C h e c k - C o n t e n t 
   
                                                                                                                  ^
  failures.txt:2:28: Error: 'l' isn't a type.
   0 0 : 0 0   + 0   - 1 :   l o a d i n g   D : / G P / C o d e / m o b i l e _ f r o n t e n d / C h e c k - C o n t e n t   [ E ] 
   
                             ^
  failures.txt:3:12: Context: This isn't a type.
       F a i l e d   t o   l o a d   " D : / G P / C o d e / m o b i l e _ f r o n t e n d / C h e c k - C o n t e n t " :   D o e s   n o t   e x i s t . 
   
             ^
  failures.txt:2:32: Error: 'a' isn't a type.
   0 0 : 0 0   + 0   - 1 :   l o a d i n g   D : / G P / C o d e / m o b i l e _ f r o n t e n d / C h e c k - C o n t e n t   [ E ] 
   
                                 ^
  failures.txt:3:8: Context: This isn't a type.
       F a i l e d   t o   l o a d   " D : / G P / C o d e / m o b i l e _ f r o n t e n d / C h e c k - C o n t e n t " :   D o e s   n o t   e x i s t . 
   
         ^
  failures.txt:2:36: Error: 'i' isn't a type.
   0 0 : 0 0   + 0   - 1 :   l o a d i n g   D : / G P / C o d e / m o b i l e _ f r o n t e n d / C h e c k - C o n t e n t   [ E ] 
   
                                     ^
  failures.txt:2:36: Context: This isn't a type.
   0 0 : 0 0   + 0   - 1 :   l o a d i n g   D : / G P / C o d e / m o b i l e _ f r o n t e n d / C h e c k - C o n t e n t   [ E ] 
   
                                     ^
  failures.txt:2:40: Error: Type 'g' not found.
   0 0 : 0 0   + 0   - 1 :   l o a d i n g   D : / G P / C o d e / m o b i l e _ f r o n t e n d / C h e c k - C o n t e n t   [ E ] 
   
                                         ^
  failures.txt:2:50: Error: Type 'G' not found.
   0 0 : 0 0   + 0   - 1 :   l o a d i n g   D : / G P / C o d e / m o b i l e _ f r o n t e n d / C h e c k - C o n t e n t   [ E ] 
   
                                                   ^
  failures.txt:2:56: Error: Type 'C' not found.
   0 0 : 0 0   + 0   - 1 :   l o a d i n g   D : / G P / C o d e / m o b i l e _ f r o n t e n d / C h e c k - C o n t e n t   [ E ] 
   
                                                         ^
  failures.txt:2:60: Error: 'd' isn't a type.
   0 0 : 0 0   + 0   - 1 :   l o a d i n g   D : / G P / C o d e / m o b i l e _ f r o n t e n d / C h e c k - C o n t e n t   [ E ] 
   
                                                             ^
  failures.txt:2:60: Context: This isn't a type.
   0 0 : 0 0   + 0   - 1 :   l o a d i n g   D : / G P / C o d e / m o b i l e _ f r o n t e n d / C h e c k - C o n t e n t   [ E ] 
   
                                                             ^
  failures.txt:2:66: Error: Type 'm' not found.
   0 0 : 0 0   + 0   - 1 :   l o a d i n g   D : / G P / C o d e / m o b i l e _ f r o n t e n d / C h e c k - C o n t e n t   [ E ] 
   
                                                                   ^
  failures.txt:2:70: Error: Type 'b' not found.
   0 0 : 0 0   + 0   - 1 :   l o a d i n g   D : / G P / C o d e / m o b i l e _ f r o n t e n d / C h e c k - C o n t e n t   [ E ] 
   
                                                                       ^
  failures.txt:2:74: Error: 'l' isn't a type.
   0 0 : 0 0   + 0   - 1 :   l o a d i n g   D : / G P / C o d e / m o b i l e _ f r o n t e n d / C h e c k - C o n t e n t   [ E ] 
   
                                                                           ^
  failures.txt:3:12: Context: This isn't a type.
       F a i l e d   t o   l o a d   " D : / G P / C o d e / m o b i l e _ f r o n t e n d / C h e c k - C o n t e n t " :   D o e s   n o t   e x i s t . 
   
             ^
  failures.txt:2:78: Error: Type '_' not found.
   0 0 : 0 0   + 0   - 1 :   l o a d i n g   D : / G P / C o d e / m o b i l e _ f r o n t e n d / C h e c k - C o n t e n t   [ E ] 
   
                                                                               ^
  failures.txt:2:82: Error: Type 'r' not found.
   0 0 : 0 0   + 0   - 1 :   l o a d i n g   D : / G P / C o d e / m o b i l e _ f r o n t e n d / C h e c k - C o n t e n t   [ E ] 
   
                                                                                   ^
  failures.txt:2:86: Error: 'n' isn't a type.
   0 0 : 0 0   + 0   - 1 :   l o a d i n g   D : / G P / C o d e / m o b i l e _ f r o n t e n d / C h e c k - C o n t e n t   [ E ] 
   
                                                                                       ^
  failures.txt:2:86: Context: This isn't a type.
   0 0 : 0 0   + 0   - 1 :   l o a d i n g   D : / G P / C o d e / m o b i l e _ f r o n t e n d / C h e c k - C o n t e n t   [ E ] 
   
                                                                                       ^
  failures.txt:2:90: Error: 'e' isn't a type.
   0 0 : 0 0   + 0   - 1 :   l o a d i n g   D : / G P / C o d e / m o b i l e _ f r o n t e n d / C h e c k - C o n t e n t   [ E ] 
   
                                                                                           ^
  failures.txt:2:90: Context: This isn't a type.
   0 0 : 0 0   + 0   - 1 :   l o a d i n g   D : / G P / C o d e / m o b i l e _ f r o n t e n d / C h e c k - C o n t e n t   [ E ] 
   
                                                                                           ^
  failures.txt:2:98: Error: Type 'C' not found.
   0 0 : 0 0   + 0   - 1 :   l o a d i n g   D : / G P / C o d e / m o b i l e _ f r o n t e n d / C h e c k - C o n t e n t   [ E ] 
   
                                                                                                   ^
  failures.txt:2:102: Error: 'e' isn't a type.
   0 0 : 0 0   + 0   - 1 :   l o a d i n g   D : / G P / C o d e / m o b i l e _ f r o n t e n d / C h e c k - C o n t e n t   [ E ] 
   
                                                                                                       ^
  failures.txt:2:102: Context: This isn't a type.
   0 0 : 0 0   + 0   - 1 :   l o a d i n g   D : / G P / C o d e / m o b i l e _ f r o n t e n d / C h e c k - C o n t e n t   [ E ] 
   
                                                                                                       ^
  failures.txt:2:110: Error: Type 'C' not found.
   0 0 : 0 0   + 0   - 1 :   l o a d i n g   D : / G P / C o d e / m o b i l e _ f r o n t e n d / C h e c k - C o n t e n t   [ E ] 
   
                                                                                                               ^
  failures.txt:2:114: Error: 'n' isn't a type.
   0 0 : 0 0   + 0   - 1 :   l o a d i n g   D : / G P / C o d e / m o b i l e _ f r o n t e n d / C h e c k - C o n t e n t   [ E ] 
   
                                                                                                                   ^
  failures.txt:2:114: Context: This isn't a type.
   0 0 : 0 0   + 0   - 1 :   l o a d i n g   D : / G P / C o d e / m o b i l e _ f r o n t e n d / C h e c k - C o n t e n t   [ E ] 
   
                                                                                                                   ^
  failures.txt:2:118: Error: 'e' isn't a type.
   0 0 : 0 0   + 0   - 1 :   l o a d i n g   D : / G P / C o d e / m o b i l e _ f r o n t e n d / C h e c k - C o n t e n t   [ E ] 
   
                                                                                                                       ^
  failures.txt:2:118: Context: This isn't a type.
   0 0 : 0 0   + 0   - 1 :   l o a d i n g   D : / G P / C o d e / m o b i l e _ f r o n t e n d / C h e c k - C o n t e n t   [ E ] 
   
                                                                                                                       ^
  failures.txt:3:6: Error: Type 'F' not found.
       F a i l e d   t o   l o a d   " D : / G P / C o d e / m o b i l e _ f r o n t e n d / C h e c k - C o n t e n t " :   D o e s   n o t   e x i s t . 
   
       ^
  failures.txt:3:10: Error: 'i' isn't a type.
       F a i l e d   t o   l o a d   " D : / G P / C o d e / m o b i l e _ f r o n t e n d / C h e c k - C o n t e n t " :   D o e s   n o t   e x i s t . 
   
           ^
  failures.txt:3:10: Context: This isn't a type.
       F a i l e d   t o   l o a d   " D : / G P / C o d e / m o b i l e _ f r o n t e n d / C h e c k - C o n t e n t " :   D o e s   n o t   e x i s t . 
   
           ^
  failures.txt:3:14: Error: 'e' isn't a type.
       F a i l e d   t o   l o a d   " D : / G P / C o d e / m o b i l e _ f r o n t e n d / C h e c k - C o n t e n t " :   D o e s   n o t   e x i s t . 
   
               ^
  failures.txt:3:14: Context: This isn't a type.
       F a i l e d   t o   l o a d   " D : / G P / C o d e / m o b i l e _ f r o n t e n d / C h e c k - C o n t e n t " :   D o e s   n o t   e x i s t . 
   
               ^
  failures.txt:3:20: Error: 't' isn't a type.
       F a i l e d   t o   l o a d   " D : / G P / C o d e / m o b i l e _ f r o n t e n d / C h e c k - C o n t e n t " :   D o e s   n o t   e x i s t . 
   
                     ^
  failures.txt:3:20: Context: This isn't a type.
       F a i l e d   t o   l o a d   " D : / G P / C o d e / m o b i l e _ f r o n t e n d / C h e c k - C o n t e n t " :   D o e s   n o t   e x i s t . 
   
                     ^
  failures.txt:3:26: Error: 'l' isn't a type.
       F a i l e d   t o   l o a d   " D : / G P / C o d e / m o b i l e _ f r o n t e n d / C h e c k - C o n t e n t " :   D o e s   n o t   e x i s t . 
   
                           ^
  failures.txt:3:12: Context: This isn't a type.
       F a i l e d   t o   l o a d   " D : / G P / C o d e / m o b i l e _ f r o n t e n d / C h e c k - C o n t e n t " :   D o e s   n o t   e x i s t . 
   
             ^
  failures.txt:3:30: Error: 'a' isn't a type.
       F a i l e d   t o   l o a d   " D : / G P / C o d e / m o b i l e _ f r o n t e n d / C h e c k - C o n t e n t " :   D o e s   n o t   e x i s t . 
   
                               ^
  failures.txt:3:8: Context: This isn't a type.
       F a i l e d   t o   l o a d   " D : / G P / C o d e / m o b i l e _ f r o n t e n d / C h e c k - C o n t e n t " :   D o e s   n o t   e x i s t . 
   
         ^
  failures.txt:3:124: Error: 'D' isn't a type.
       F a i l e d   t o   l o a d   " D : / G P / C o d e / m o b i l e _ f r o n t e n d / C h e c k - C o n t e n t " :   D o e s   n o t   e x i s t . 
   
                                                                                                                             ^
  failures.txt:3:124: Context: This isn't a type.
       F a i l e d   t o   l o a d   " D : / G P / C o d e / m o b i l e _ f r o n t e n d / C h e c k - C o n t e n t " :   D o e s   n o t   e x i s t . 
   
                                                                                                                             ^
  failures.txt:3:128: Error: 'e' isn't a type.
       F a i l e d   t o   l o a d   " D : / G P / C o d e / m o b i l e _ f r o n t e n d / C h e c k - C o n t e n t " :   D o e s   n o t   e x i s t . 
   
                                                                                                                                 ^
  failures.txt:3:128: Context: This isn't a type.
       F a i l e d   t o   l o a d   " D : / G P / C o d e / m o b i l e _ f r o n t e n d / C h e c k - C o n t e n t " :   D o e s   n o t   e x i s t . 
   
                                                                                                                                 ^
  failures.txt:3:134: Error: 'n' isn't a type.
       F a i l e d   t o   l o a d   " D : / G P / C o d e / m o b i l e _ f r o n t e n d / C h e c k - C o n t e n t " :   D o e s   n o t   e x i s t . 
   
                                                                                                                                       ^
  failures.txt:3:134: Context: This isn't a type.
       F a i l e d   t o   l o a d   " D : / G P / C o d e / m o b i l e _ f r o n t e n d / C h e c k - C o n t e n t " :   D o e s   n o t   e x i s t . 
   
                                                                                                                                       ^
  failures.txt:3:138: Error: 't' isn't a type.
       F a i l e d   t o   l o a d   " D : / G P / C o d e / m o b i l e _ f r o n t e n d / C h e c k - C o n t e n t " :   D o e s   n o t   e x i s t . 
   
                                                                                                                                           ^
  failures.txt:3:138: Context: This isn't a type.
       F a i l e d   t o   l o a d   " D : / G P / C o d e / m o b i l e _ f r o n t e n d / C h e c k - C o n t e n t " :   D o e s   n o t   e x i s t . 
   
                                                                                                                                           ^
  failures.txt:3:144: Error: Type 'x' not found.
       F a i l e d   t o   l o a d   " D : / G P / C o d e / m o b i l e _ f r o n t e n d / C h e c k - C o n t e n t " :   D o e s   n o t   e x i s t . 
   
                                                                                                                                                 ^
  failures.txt:3:148: Error: 's' isn't a type.
       F a i l e d   t o   l o a d   " D : / G P / C o d e / m o b i l e _ f r o n t e n d / C h e c k - C o n t e n t " :   D o e s   n o t   e x i s t . 
   
                                                                                                                                                     ^
  failures.txt:3:130: Context: This isn't a type.
       F a i l e d   t o   l o a d   " D : / G P / C o d e / m o b i l e _ f r o n t e n d / C h e c k - C o n t e n t " :   D o e s   n o t   e x i s t . 
   
                                                                                                                                   ^
  /C:/Users/dell/AppData/Local/Temp/flutter_tools.377dfdab/flutter_test_listener.74151dbb/listener.dart:21:21: Error: Undefined name 'main'.
    await Future(test.main);
                      ^^^^
  failures.txt:1:31: Error: Can't use 'i' because it is declared more than once.
  ∩┐╜∩┐╜0 0 : 0 0   + 0 :   l o a d i n g   D : / G P / C o d e / m o b i l e _ f r o n t e n d / C h e c k - C o n t e n t 
   
                                ^
  failures.txt:1:35: Error: 'g' isn't a type.
  ∩┐╜∩┐╜0 0 : 0 0   + 0 :   l o a d i n g   D : / G P / C o d e / m o b i l e _ f r o n t e n d / C h e c k - C o n t e n t 
   
                                    ^
  failures.txt:1:45: Error: 'G' isn't a type.
  ∩┐╜∩┐╜0 0 : 0 0   + 0 :   l o a d i n g   D : / G P / C o d e / m o b i l e _ f r o n t e n d / C h e c k - C o n t e n t 
   
                                              ^
  failures.txt:1:51: Error: 'C' isn't a type.
  ∩┐╜∩┐╜0 0 : 0 0   + 0 :   l o a d i n g   D : / G P / C o d e / m o b i l e _ f r o n t e n d / C h e c k - C o n t e n t 
   
                                                    ^
  failures.txt:1:55: Error: Can't use 'd' because it is declared more than once.
  ∩┐╜∩┐╜0 0 : 0 0   + 0 :   l o a d i n g   D : / G P / C o d e / m o b i l e _ f r o n t e n d / C h e c k - C o n t e n t 
   
                                                        ^
  failures.txt:1:61: Error: 'm' isn't a type.
  ∩┐╜∩┐╜0 0 : 0 0   + 0 :   l o a d i n g   D : / G P / C o d e / m o b i l e _ f r o n t e n d / C h e c k - C o n t e n t 
   
                                                              ^
  failures.txt:1:65: Error: 'b' isn't a type.
  ∩┐╜∩┐╜0 0 : 0 0   + 0 :   l o a d i n g   D : / G P / C o d e / m o b i l e _ f r o n t e n d / C h e c k - C o n t e n t 
   
                                                                  ^
  failures.txt:1:73: Error: '_' isn't a type.
  ∩┐╜∩┐╜0 0 : 0 0   + 0 :   l o a d i n g   D : / G P / C o d e / m o b i l e _ f r o n t e n d / C h e c k - C o n t e n t 
   
                                                                          ^
  failures.txt:1:77: Error: 'r' isn't a type.
  ∩┐╜∩┐╜0 0 : 0 0   + 0 :   l o a d i n g   D : / G P / C o d e / m o b i l e _ f r o n t e n d / C h e c k - C o n t e n t 
   
                                                                              ^
  failures.txt:1:81: Error: Can't use 'n' because it is declared more than once.
  ∩┐╜∩┐╜0 0 : 0 0   + 0 :   l o a d i n g   D : / G P / C o d e / m o b i l e _ f r o n t e n d / C h e c k - C o n t e n t 
   
                                                                                  ^
  failures.txt:1:85: Error: Can't use 'e' because it is declared more than once.
  ∩┐╜∩┐╜0 0 : 0 0   + 0 :   l o a d i n g   D : / G P / C o d e / m o b i l e _ f r o n t e n d / C h e c k - C o n t e n t 
   
                                                                                      ^
  failures.txt:1:93: Error: 'C' isn't a type.
  ∩┐╜∩┐╜0 0 : 0 0   + 0 :   l o a d i n g   D : / G P / C o d e / m o b i l e _ f r o n t e n d / C h e c k - C o n t e n t 
   
                                                                                              ^
  failures.txt:1:97: Error: Can't use 'e' because it is declared more than once.
  ∩┐╜∩┐╜0 0 : 0 0   + 0 :   l o a d i n g   D : / G P / C o d e / m o b i l e _ f r o n t e n d / C h e c k - C o n t e n t 
   
                                                                                                  ^
  failures.txt:1:105: Error: 'C' isn't a type.
  ∩┐╜∩┐╜0 0 : 0 0   + 0 :   l o a d i n g   D : / G P / C o d e / m o b i l e _ f r o n t e n d / C h e c k - C o n t e n t 
   
                                                                                                          ^
  failures.txt:1:109: Error: Can't use 'n' because it is declared more than once.
  ∩┐╜∩┐╜0 0 : 0 0   + 0 :   l o a d i n g   D : / G P / C o d e / m o b i l e _ f r o n t e n d / C h e c k - C o n t e n t 
   
                                                                                                              ^
  failures.txt:1:113: Error: Can't use 'e' because it is declared more than once.
  ∩┐╜∩┐╜0 0 : 0 0   + 0 :   l o a d i n g   D : / G P / C o d e / m o b i l e _ f r o n t e n d / C h e c k - C o n t e n t 
   
                                                                                                                  ^
  failures.txt:2:36: Error: Can't use 'i' because it is declared more than once.
   0 0 : 0 0   + 0   - 1 :   l o a d i n g   D : / G P / C o d e / m o b i l e _ f r o n t e n d / C h e c k - C o n t e n t   [ E ] 
   
                                     ^
  failures.txt:2:40: Error: 'g' isn't a type.
   0 0 : 0 0   + 0   - 1 :   l o a d i n g   D : / G P / C o d e / m o b i l e _ f r o n t e n d / C h e c k - C o n t e n t   [ E ] 
   
                                         ^
  failures.txt:2:50: Error: 'G' isn't a type.
   0 0 : 0 0   + 0   - 1 :   l o a d i n g   D : / G P / C o d e / m o b i l e _ f r o n t e n d / C h e c k - C o n t e n t   [ E ] 
   
                                                   ^
  failures.txt:2:56: Error: 'C' isn't a type.
   0 0 : 0 0   + 0   - 1 :   l o a d i n g   D : / G P / C o d e / m o b i l e _ f r o n t e n d / C h e c k - C o n t e n t   [ E ] 
   
                                                         ^
  failures.txt:2:60: Error: Can't use 'd' because it is declared more than once.
   0 0 : 0 0   + 0   - 1 :   l o a d i n g   D : / G P / C o d e / m o b i l e _ f r o n t e n d / C h e c k - C o n t e n t   [ E ] 
   
                                                             ^
  failures.txt:2:66: Error: 'm' isn't a type.
   0 0 : 0 0   + 0   - 1 :   l o a d i n g   D : / G P / C o d e / m o b i l e _ f r o n t e n d / C h e c k - C o n t e n t   [ E ] 
   
                                                                   ^
  failures.txt:2:70: Error: 'b' isn't a type.
   0 0 : 0 0   + 0   - 1 :   l o a d i n g   D : / G P / C o d e / m o b i l e _ f r o n t e n d / C h e c k - C o n t e n t   [ E ] 
   
                                                                       ^
  failures.txt:2:78: Error: '_' isn't a type.
   0 0 : 0 0   + 0   - 1 :   l o a d i n g   D : / G P / C o d e / m o b i l e _ f r o n t e n d / C h e c k - C o n t e n t   [ E ] 
   
                                                                               ^
  failures.txt:2:82: Error: 'r' isn't a type.
   0 0 : 0 0   + 0   - 1 :   l o a d i n g   D : / G P / C o d e / m o b i l e _ f r o n t e n d / C h e c k - C o n t e n t   [ E ] 
   
                                                                                   ^
  failures.txt:2:86: Error: Can't use 'n' because it is declared more than once.
   0 0 : 0 0   + 0   - 1 :   l o a d i n g   D : / G P / C o d e / m o b i l e _ f r o n t e n d / C h e c k - C o n t e n t   [ E ] 
   
                                                                                       ^
  failures.txt:2:90: Error: Can't use 'e' because it is declared more than once.
   0 0 : 0 0   + 0   - 1 :   l o a d i n g   D : / G P / C o d e / m o b i l e _ f r o n t e n d / C h e c k - C o n t e n t   [ E ] 
   
                                                                                           ^
  failures.txt:2:98: Error: 'C' isn't a type.
   0 0 : 0 0   + 0   - 1 :   l o a d i n g   D : / G P / C o d e / m o b i l e _ f r o n t e n d / C h e c k - C o n t e n t   [ E ] 
   
                                                                                                   ^
  failures.txt:2:102: Error: Can't use 'e' because it is declared more than once.
   0 0 : 0 0   + 0   - 1 :   l o a d i n g   D : / G P / C o d e / m o b i l e _ f r o n t e n d / C h e c k - C o n t e n t   [ E ] 
   
                                                                                                       ^
  failures.txt:2:110: Error: 'C' isn't a type.
   0 0 : 0 0   + 0   - 1 :   l o a d i n g   D : / G P / C o d e / m o b i l e _ f r o n t e n d / C h e c k - C o n t e n t   [ E ] 
   
                                                                                                               ^
  failures.txt:2:114: Error: Can't use 'n' because it is declared more than once.
   0 0 : 0 0   + 0   - 1 :   l o a d i n g   D : / G P / C o d e / m o b i l e _ f r o n t e n d / C h e c k - C o n t e n t   [ E ] 
   
                                                                                                                   ^
  failures.txt:2:118: Error: Can't use 'e' because it is declared more than once.
   0 0 : 0 0   + 0   - 1 :   l o a d i n g   D : / G P / C o d e / m o b i l e _ f r o n t e n d / C h e c k - C o n t e n t   [ E ] 
   
                                                                                                                       ^
  failures.txt:3:6: Error: 'F' isn't a type.
       F a i l e d   t o   l o a d   " D : / G P / C o d e / m o b i l e _ f r o n t e n d / C h e c k - C o n t e n t " :   D o e s   n o t   e x i s t . 
   
       ^
  failures.txt:3:10: Error: Can't use 'i' because it is declared more than once.
       F a i l e d   t o   l o a d   " D : / G P / C o d e / m o b i l e _ f r o n t e n d / C h e c k - C o n t e n t " :   D o e s   n o t   e x i s t . 
   
           ^
  failures.txt:3:14: Error: Can't use 'e' because it is declared more than once.
       F a i l e d   t o   l o a d   " D : / G P / C o d e / m o b i l e _ f r o n t e n d / C h e c k - C o n t e n t " :   D o e s   n o t   e x i s t . 
   
               ^
  failures.txt:3:20: Error: Can't use 't' because it is declared more than once.
       F a i l e d   t o   l o a d   " D : / G P / C o d e / m o b i l e _ f r o n t e n d / C h e c k - C o n t e n t " :   D o e s   n o t   e x i s t . 
   
                     ^
  failures.txt:3:124: Error: Can't use 'D' because it is declared more than once.
       F a i l e d   t o   l o a d   " D : / G P / C o d e / m o b i l e _ f r o n t e n d / C h e c k - C o n t e n t " :   D o e s   n o t   e x i s t . 
   
                                                                                                                             ^
  failures.txt:3:128: Error: Can't use 'e' because it is declared more than once.
       F a i l e d   t o   l o a d   " D : / G P / C o d e / m o b i l e _ f r o n t e n d / C h e c k - C o n t e n t " :   D o e s   n o t   e x i s t . 
   
                                                                                                                                 ^
  failures.txt:3:134: Error: Can't use 'n' because it is declared more than once.
       F a i l e d   t o   l o a d   " D : / G P / C o d e / m o b i l e _ f r o n t e n d / C h e c k - C o n t e n t " :   D o e s   n o t   e x i s t . 
   
                                                                                                                                       ^
  failures.txt:3:138: Error: Can't use 't' because it is declared more than once.
       F a i l e d   t o   l o a d   " D : / G P / C o d e / m o b i l e _ f r o n t e n d / C h e c k - C o n t e n t " :   D o e s   n o t   e x i s t . 
   
                                                                                                                                           ^
  failures.txt:3:144: Error: 'x' isn't a type.
       F a i l e d   t o   l o a d   " D : / G P / C o d e / m o b i l e _ f r o n t e n d / C h e c k - C o n t e n t " :   D o e s   n o t   e x i s t . 
   
                                                                                                                                                 ^
  .
00:00 +0 -2: Some tests failed.
